<?xml version="1.0"?>
<link_info>
   <banner>MSP430 Linker PC v4.3.1</banner>
   <copyright>Copyright (c) 2003-2014 Texas Instruments Incorporated</copyright>
   <link_time>0x53bf81f8</link_time>
   <link_errors>0x0</link_errors>
   <output_file>get_weather.out</output_file>
   <entry_point>
      <name>_c_int00</name>
      <address>0x9330</address>
   </entry_point>
   <input_file_list>
      <input_file id="fl-2">
         <path>.\board\</path>
         <kind>object</kind>
         <file>board.obj</file>
         <name>board.obj</name>
      </input_file>
      <input_file id="fl-3">
         <path>.\cli_uart\</path>
         <kind>object</kind>
         <file>cli_uart.obj</file>
         <name>cli_uart.obj</name>
      </input_file>
      <input_file id="fl-4">
         <path>.\simplelink\source\</path>
         <kind>object</kind>
         <file>wlan.obj</file>
         <name>wlan.obj</name>
      </input_file>
      <input_file id="fl-5">
         <path>.\simplelink\source\</path>
         <kind>object</kind>
         <file>spawn.obj</file>
         <name>spawn.obj</name>
      </input_file>
      <input_file id="fl-6">
         <path>.\simplelink\source\</path>
         <kind>object</kind>
         <file>socket.obj</file>
         <name>socket.obj</name>
      </input_file>
      <input_file id="fl-7">
         <path>.\simplelink\source\</path>
         <kind>object</kind>
         <file>nonos.obj</file>
         <name>nonos.obj</name>
      </input_file>
      <input_file id="fl-8">
         <path>.\simplelink\source\</path>
         <kind>object</kind>
         <file>netcfg.obj</file>
         <name>netcfg.obj</name>
      </input_file>
      <input_file id="fl-9">
         <path>.\simplelink\source\</path>
         <kind>object</kind>
         <file>netapp.obj</file>
         <name>netapp.obj</name>
      </input_file>
      <input_file id="fl-a">
         <path>.\simplelink\source\</path>
         <kind>object</kind>
         <file>fs.obj</file>
         <name>fs.obj</name>
      </input_file>
      <input_file id="fl-b">
         <path>.\simplelink\source\</path>
         <kind>object</kind>
         <file>flowcont.obj</file>
         <name>flowcont.obj</name>
      </input_file>
      <input_file id="fl-c">
         <path>.\simplelink\source\</path>
         <kind>object</kind>
         <file>driver.obj</file>
         <name>driver.obj</name>
      </input_file>
      <input_file id="fl-d">
         <path>.\simplelink\source\</path>
         <kind>object</kind>
         <file>device.obj</file>
         <name>device.obj</name>
      </input_file>
      <input_file id="fl-e">
         <path>.\spi\</path>
         <kind>object</kind>
         <file>spi.obj</file>
         <name>spi.obj</name>
      </input_file>
      <input_file id="fl-f">
         <path>.\</path>
         <kind>object</kind>
         <file>main.obj</file>
         <name>main.obj</name>
      </input_file>
      <input_file id="fl-3d">
         <path>C:\ti\CCS\ccsv6\tools\compiler\msp430_4.3.1\lib\</path>
         <kind>archive</kind>
         <file>rts430x_sc_sd.lib</file>
         <name>asr16.obj</name>
      </input_file>
      <input_file id="fl-3e">
         <path>C:\ti\CCS\ccsv6\tools\compiler\msp430_4.3.1\lib\</path>
         <kind>archive</kind>
         <file>rts430x_sc_sd.lib</file>
         <name>boot.obj</name>
      </input_file>
      <input_file id="fl-3f">
         <path>C:\ti\CCS\ccsv6\tools\compiler\msp430_4.3.1\lib\</path>
         <kind>archive</kind>
         <file>rts430x_sc_sd.lib</file>
         <name>copy_decompress_none.obj</name>
      </input_file>
      <input_file id="fl-40">
         <path>C:\ti\CCS\ccsv6\tools\compiler\msp430_4.3.1\lib\</path>
         <kind>archive</kind>
         <file>rts430x_sc_sd.lib</file>
         <name>copy_decompress_rle.obj</name>
      </input_file>
      <input_file id="fl-41">
         <path>C:\ti\CCS\ccsv6\tools\compiler\msp430_4.3.1\lib\</path>
         <kind>archive</kind>
         <file>rts430x_sc_sd.lib</file>
         <name>copy_zero_init.obj</name>
      </input_file>
      <input_file id="fl-42">
         <path>C:\ti\CCS\ccsv6\tools\compiler\msp430_4.3.1\lib\</path>
         <kind>archive</kind>
         <file>rts430x_sc_sd.lib</file>
         <name>div32u.obj</name>
      </input_file>
      <input_file id="fl-43">
         <path>C:\ti\CCS\ccsv6\tools\compiler\msp430_4.3.1\lib\</path>
         <kind>archive</kind>
         <file>rts430x_sc_sd.lib</file>
         <name>exit.obj</name>
      </input_file>
      <input_file id="fl-44">
         <path>C:\ti\CCS\ccsv6\tools\compiler\msp430_4.3.1\lib\</path>
         <kind>archive</kind>
         <file>rts430x_sc_sd.lib</file>
         <name>lsl16.obj</name>
      </input_file>
      <input_file id="fl-45">
         <path>C:\ti\CCS\ccsv6\tools\compiler\msp430_4.3.1\lib\</path>
         <kind>archive</kind>
         <file>rts430x_sc_sd.lib</file>
         <name>lsl32.obj</name>
      </input_file>
      <input_file id="fl-46">
         <path>C:\ti\CCS\ccsv6\tools\compiler\msp430_4.3.1\lib\</path>
         <kind>archive</kind>
         <file>rts430x_sc_sd.lib</file>
         <name>lsr32.obj</name>
      </input_file>
      <input_file id="fl-47">
         <path>C:\ti\CCS\ccsv6\tools\compiler\msp430_4.3.1\lib\</path>
         <kind>archive</kind>
         <file>rts430x_sc_sd.lib</file>
         <name>memcpy.obj</name>
      </input_file>
      <input_file id="fl-48">
         <path>C:\ti\CCS\ccsv6\tools\compiler\msp430_4.3.1\lib\</path>
         <kind>archive</kind>
         <file>rts430x_sc_sd.lib</file>
         <name>memset.obj</name>
      </input_file>
      <input_file id="fl-49">
         <path>C:\ti\CCS\ccsv6\tools\compiler\msp430_4.3.1\lib\</path>
         <kind>archive</kind>
         <file>rts430x_sc_sd.lib</file>
         <name>mpu_init.obj</name>
      </input_file>
      <input_file id="fl-4a">
         <path>C:\ti\CCS\ccsv6\tools\compiler\msp430_4.3.1\lib\</path>
         <kind>archive</kind>
         <file>rts430x_sc_sd.lib</file>
         <name>mult16_f5hw.obj</name>
      </input_file>
      <input_file id="fl-4b">
         <path>C:\ti\CCS\ccsv6\tools\compiler\msp430_4.3.1\lib\</path>
         <kind>archive</kind>
         <file>rts430x_sc_sd.lib</file>
         <name>mult32_f5hw.obj</name>
      </input_file>
      <input_file id="fl-4c">
         <path>C:\ti\CCS\ccsv6\tools\compiler\msp430_4.3.1\lib\</path>
         <kind>archive</kind>
         <file>rts430x_sc_sd.lib</file>
         <name>pre_init.obj</name>
      </input_file>
      <input_file id="fl-4d">
         <path>C:\ti\CCS\ccsv6\tools\compiler\msp430_4.3.1\lib\</path>
         <kind>archive</kind>
         <file>rts430x_sc_sd.lib</file>
         <name>strcpy.obj</name>
      </input_file>
      <input_file id="fl-4e">
         <path>C:\ti\CCS\ccsv6\tools\compiler\msp430_4.3.1\lib\</path>
         <kind>archive</kind>
         <file>rts430x_sc_sd.lib</file>
         <name>strlen.obj</name>
      </input_file>
      <input_file id="fl-4f">
         <path>C:\ti\CCS\ccsv6\tools\compiler\msp430_4.3.1\lib\</path>
         <kind>archive</kind>
         <file>rts430x_sc_sd.lib</file>
         <name>strstr.obj</name>
      </input_file>
      <input_file id="fl-50">
         <path>C:\ti\CCS\ccsv6\tools\compiler\msp430_4.3.1\lib\</path>
         <kind>archive</kind>
         <file>rts430x_sc_sd.lib</file>
         <name>_lock.obj</name>
      </input_file>
      <input_file id="fl-51">
         <path>C:\ti\CCS\ccsv6\tools\compiler\msp430_4.3.1\lib\</path>
         <kind>archive</kind>
         <file>rts430x_sc_sd.lib</file>
         <name>args_main.obj</name>
      </input_file>
      <input_file id="fl-52">
         <path>C:\ti\CCS\ccsv6\tools\compiler\msp430_4.3.1\lib\</path>
         <kind>archive</kind>
         <file>rts430x_sc_sd.lib</file>
         <name>autoinit.obj</name>
      </input_file>
   </input_file_list>
   <object_component_list>
      <object_component id="oc-80">
         <name>.bss</name>
         <uninitialized>true</uninitialized>
         <run_address>0x2b96</run_address>
         <size>0x3</size>
         <input_file_ref idref="fl-2"/>
      </object_component>
      <object_component id="oc-87">
         <name>.bss</name>
         <uninitialized>true</uninitialized>
         <run_address>0x2b8a</run_address>
         <size>0x4</size>
         <input_file_ref idref="fl-3"/>
      </object_component>
      <object_component id="oc-9c">
         <name>.bss</name>
         <uninitialized>true</uninitialized>
         <run_address>0x2b76</run_address>
         <size>0x14</size>
         <input_file_ref idref="fl-7"/>
      </object_component>
      <object_component id="oc-b9">
         <name>.bss</name>
         <uninitialized>true</uninitialized>
         <run_address>0x2a4a</run_address>
         <size>0x12c</size>
         <input_file_ref idref="fl-c"/>
      </object_component>
      <object_component id="oc-cc">
         <name>.bss</name>
         <uninitialized>true</uninitialized>
         <run_address>0x2400</run_address>
         <size>0x64a</size>
         <input_file_ref idref="fl-f"/>
      </object_component>
      <object_component id="oc-da">
         <name>.bss</name>
         <uninitialized>true</uninitialized>
         <run_address>0x2b92</run_address>
         <size>0x4</size>
         <input_file_ref idref="fl-3e"/>
      </object_component>
      <object_component id="oc-135">
         <name>.bss</name>
         <uninitialized>true</uninitialized>
         <run_address>0x2b8e</run_address>
         <size>0x4</size>
         <input_file_ref idref="fl-50"/>
      </object_component>
      <object_component id="oc-dc">
         <name>.stack</name>
         <uninitialized>true</uninitialized>
         <run_address>0x420c</run_address>
         <size>0x2</size>
         <input_file_ref idref="fl-3e"/>
      </object_component>
      <object_component id="oc-213">
         <name>.stack</name>
         <uninitialized>true</uninitialized>
         <run_address>0x420c</run_address>
         <size>0x0</size>
      </object_component>
      <object_component id="oc-199">
         <name>.text:_SlAsyncEventGenericHandler</name>
         <load_address>0x4af8</load_address>
         <run_address>0x4af8</run_address>
         <size>0x5b6</size>
         <input_file_ref idref="fl-c"/>
      </object_component>
      <object_component id="oc-198">
         <name>.text:_SlDrvMsgRead</name>
         <load_address>0x50ae</load_address>
         <run_address>0x50ae</run_address>
         <size>0x568</size>
         <input_file_ref idref="fl-c"/>
      </object_component>
      <object_component id="oc-155">
         <name>.text:configureSimpleLinkToDefaultState</name>
         <load_address>0x5616</load_address>
         <run_address>0x5616</run_address>
         <size>0x314</size>
         <input_file_ref idref="fl-f"/>
      </object_component>
      <object_component id="oc-17a">
         <name>.text:getData</name>
         <load_address>0x592a</load_address>
         <run_address>0x592a</run_address>
         <size>0x23e</size>
         <input_file_ref idref="fl-f"/>
      </object_component>
      <object_component id="oc-19d">
         <name>.text:_SlDrvDataReadOp</name>
         <load_address>0x5b68</load_address>
         <run_address>0x5b68</run_address>
         <size>0x23a</size>
         <input_file_ref idref="fl-c"/>
      </object_component>
      <object_component id="oc-176">
         <name>.text:sl_WlanConnect</name>
         <load_address>0x5da2</load_address>
         <run_address>0x5da2</run_address>
         <size>0x234</size>
         <input_file_ref idref="fl-4"/>
      </object_component>
      <object_component id="oc-19f">
         <name>.text:_SlDrvRxHdrRead</name>
         <load_address>0x5fd6</load_address>
         <run_address>0x5fd6</run_address>
         <size>0x22c</size>
         <input_file_ref idref="fl-c"/>
      </object_component>
      <object_component id="oc-16d">
         <name>.text:_SlDrvWaitForPoolObj</name>
         <load_address>0x6202</load_address>
         <run_address>0x6202</run_address>
         <size>0x212</size>
         <input_file_ref idref="fl-c"/>
      </object_component>
      <object_component id="oc-19c">
         <name>.text:_SlDrvDataWriteOp</name>
         <load_address>0x6414</load_address>
         <run_address>0x6414</run_address>
         <size>0x1f4</size>
         <input_file_ref idref="fl-c"/>
      </object_component>
      <object_component id="oc-174">
         <name>.text:_SlDrvReleasePoolObj</name>
         <load_address>0x6608</load_address>
         <run_address>0x6608</run_address>
         <size>0x1c4</size>
         <input_file_ref idref="fl-c"/>
      </object_component>
      <object_component id="oc-193">
         <name>.text:_SlDrvMsgWrite</name>
         <load_address>0x67cc</load_address>
         <run_address>0x67cc</run_address>
         <size>0x18e</size>
         <input_file_ref idref="fl-c"/>
      </object_component>
      <object_component id="oc-18f">
         <name>.text:sl_Connect</name>
         <load_address>0x695a</load_address>
         <run_address>0x695a</run_address>
         <size>0x160</size>
         <input_file_ref idref="fl-6"/>
      </object_component>
      <object_component id="oc-18b">
         <name>.text:sl_NetAppDnsGetHostByName</name>
         <load_address>0x6aba</load_address>
         <run_address>0x6aba</run_address>
         <size>0x14a</size>
         <input_file_ref idref="fl-9"/>
      </object_component>
      <object_component id="oc-17e">
         <name>.text:Init_FLL</name>
         <load_address>0x6c04</load_address>
         <run_address>0x6c04</run_address>
         <size>0x134</size>
         <input_file_ref idref="fl-2"/>
      </object_component>
      <object_component id="oc-157">
         <name>.text:sl_Start</name>
         <load_address>0x6d38</load_address>
         <run_address>0x6d38</run_address>
         <size>0x12c</size>
         <input_file_ref idref="fl-d"/>
      </object_component>
      <object_component id="oc-161">
         <name>.text:sl_Stop</name>
         <load_address>0x6e64</load_address>
         <run_address>0x6e64</run_address>
         <size>0x126</size>
         <input_file_ref idref="fl-d"/>
      </object_component>
      <object_component id="oc-1a8">
         <name>.text:_SlDrvNetAppEventHandler</name>
         <load_address>0x6f8a</load_address>
         <run_address>0x6f8a</run_address>
         <size>0x124</size>
         <input_file_ref idref="fl-9"/>
      </object_component>
      <object_component id="oc-1a2">
         <name>.text:_SlFindAndSetActiveObj</name>
         <load_address>0x70ae</load_address>
         <run_address>0x70ae</run_address>
         <size>0x124</size>
         <input_file_ref idref="fl-c"/>
      </object_component>
      <object_component id="oc-14c">
         <name>.text:main</name>
         <load_address>0x71d2</load_address>
         <run_address>0x71d2</run_address>
         <size>0x10c</size>
         <input_file_ref idref="fl-f"/>
      </object_component>
      <object_component id="oc-17c">
         <name>.text:SetVCoreUp</name>
         <load_address>0x72de</load_address>
         <run_address>0x72de</run_address>
         <size>0xf6</size>
         <input_file_ref idref="fl-2"/>
      </object_component>
      <object_component id="oc-190">
         <name>.text:sl_Send</name>
         <load_address>0x73d4</load_address>
         <run_address>0x73d4</run_address>
         <size>0xf0</size>
         <input_file_ref idref="fl-6"/>
      </object_component>
      <object_component id="oc-16b">
         <name>.text:_SlDrvDriverCBInit</name>
         <load_address>0x74c4</load_address>
         <run_address>0x74c4</run_address>
         <size>0xe4</size>
         <input_file_ref idref="fl-c"/>
      </object_component>
      <object_component id="oc-1b0">
         <name>.text:_sl_HandleAsync_DnsGetHostByService</name>
         <load_address>0x75a8</load_address>
         <run_address>0x75a8</run_address>
         <size>0xe4</size>
         <input_file_ref idref="fl-9"/>
      </object_component>
      <object_component id="oc-183">
         <name>.text:sl_NetAppMDNSRegisterUnregisterService</name>
         <load_address>0x768c</load_address>
         <run_address>0x768c</run_address>
         <size>0xdc</size>
         <input_file_ref idref="fl-9"/>
      </object_component>
      <object_component id="oc-194">
         <name>.text:_SlDrvMsgReadCmdCtx</name>
         <load_address>0x7768</load_address>
         <run_address>0x7768</run_address>
         <size>0xda</size>
         <input_file_ref idref="fl-c"/>
      </object_component>
      <object_component id="oc-188">
         <name>.text:_SlDrvMsgReadSpawnCtx</name>
         <load_address>0x7842</load_address>
         <run_address>0x7842</run_address>
         <size>0xda</size>
         <input_file_ref idref="fl-c"/>
      </object_component>
      <object_component id="oc-1a0">
         <name>.text:_SlDrvClassifyRxMsg</name>
         <load_address>0x791c</load_address>
         <run_address>0x791c</run_address>
         <size>0xd8</size>
         <input_file_ref idref="fl-c"/>
      </object_component>
      <object_component id="oc-1ac">
         <name>.text:_sl_HandleAsync_InitComplete</name>
         <load_address>0x79f4</load_address>
         <run_address>0x79f4</run_address>
         <size>0xd0</size>
         <input_file_ref idref="fl-d"/>
      </object_component>
      <object_component id="oc-19b">
         <name>.text:_sl_TruncatePayloadByProtocol</name>
         <load_address>0x7ac4</load_address>
         <run_address>0x7ac4</run_address>
         <size>0xc4</size>
         <input_file_ref idref="fl-6"/>
      </object_component>
      <object_component id="oc-1af">
         <name>.text:_sl_HandleAsync_DnsGetHostByName</name>
         <load_address>0x7b88</load_address>
         <run_address>0x7b88</run_address>
         <size>0xc2</size>
         <input_file_ref idref="fl-9"/>
      </object_component>
      <object_component id="oc-1b4">
         <name>.text:_sl_HandleAsync_Connect</name>
         <load_address>0x7c4a</load_address>
         <run_address>0x7c4a</run_address>
         <size>0xc0</size>
         <input_file_ref idref="fl-6"/>
      </object_component>
      <object_component id="oc-1a3">
         <name>.text:_sl_HandleAsync_PingResponse</name>
         <load_address>0x7d0a</load_address>
         <run_address>0x7d0a</run_address>
         <size>0xc0</size>
         <input_file_ref idref="fl-9"/>
      </object_component>
      <object_component id="oc-162">
         <name>.text:sl_DevGet</name>
         <load_address>0x7dca</load_address>
         <run_address>0x7dca</run_address>
         <size>0xb6</size>
         <input_file_ref idref="fl-d"/>
      </object_component>
      <object_component id="oc-159">
         <name>.text:getWeather</name>
         <load_address>0x7e80</load_address>
         <run_address>0x7e80</run_address>
         <size>0xb2</size>
         <input_file_ref idref="fl-f"/>
      </object_component>
      <object_component id="oc-17d">
         <name>.text:SetVCoreDown</name>
         <load_address>0x7f32</load_address>
         <run_address>0x7f32</run_address>
         <size>0xae</size>
         <input_file_ref idref="fl-2"/>
      </object_component>
      <object_component id="oc-179">
         <name>.text:createConnection</name>
         <load_address>0x7fe0</load_address>
         <run_address>0x7fe0</run_address>
         <size>0xae</size>
         <input_file_ref idref="fl-f"/>
      </object_component>
      <object_component id="oc-1b3">
         <name>.text:_sl_HandleAsync_Accept</name>
         <load_address>0x808e</load_address>
         <run_address>0x808e</run_address>
         <size>0xa8</size>
         <input_file_ref idref="fl-6"/>
      </object_component>
      <object_component id="oc-181">
         <name>.text:_SlDrvDriverCBDeinit</name>
         <load_address>0x8136</load_address>
         <run_address>0x8136</run_address>
         <size>0x98</size>
         <input_file_ref idref="fl-c"/>
      </object_component>
      <object_component id="oc-1b5">
         <name>.text:_sl_HandleAsync_Select</name>
         <load_address>0x81ce</load_address>
         <run_address>0x81ce</run_address>
         <size>0x96</size>
         <input_file_ref idref="fl-6"/>
      </object_component>
      <object_component id="oc-1ad">
         <name>.text:_sl_HandleAsync_Stop</name>
         <load_address>0x8264</load_address>
         <run_address>0x8264</run_address>
         <size>0x96</size>
         <input_file_ref idref="fl-d"/>
      </object_component>
      <object_component id="oc-17f">
         <name>.text:_SlDrvCmdOp</name>
         <load_address>0x82fa</load_address>
         <run_address>0x82fa</run_address>
         <size>0x90</size>
         <input_file_ref idref="fl-c"/>
      </object_component>
      <object_component id="oc-18a">
         <name>.text:_SlRemoveFromList</name>
         <load_address>0x838a</load_address>
         <run_address>0x838a</run_address>
         <size>0x90</size>
         <input_file_ref idref="fl-c"/>
      </object_component>
      <object_component id="oc-175">
         <name>.text:_sl_GetStartResponseConvert</name>
         <load_address>0x841a</load_address>
         <run_address>0x841a</run_address>
         <size>0x8a</size>
         <input_file_ref idref="fl-d"/>
      </object_component>
      <object_component id="oc-16c">
         <name>.text:spi_Open</name>
         <load_address>0x84a4</load_address>
         <run_address>0x84a4</run_address>
         <size>0x7e</size>
         <input_file_ref idref="fl-e"/>
      </object_component>
      <object_component id="oc-166">
         <name>.text:sl_NetCfgSet</name>
         <load_address>0x8522</load_address>
         <run_address>0x8522</run_address>
         <size>0x7a</size>
         <input_file_ref idref="fl-8"/>
      </object_component>
      <object_component id="oc-1a6">
         <name>.text:SimpleLinkWlanEventHandler</name>
         <load_address>0x859c</load_address>
         <run_address>0x859c</run_address>
         <size>0x74</size>
         <input_file_ref idref="fl-f"/>
      </object_component>
      <object_component id="oc-158">
         <name>.text:establishConnectionWithAP</name>
         <load_address>0x8610</load_address>
         <run_address>0x8610</run_address>
         <size>0x74</size>
         <input_file_ref idref="fl-f"/>
      </object_component>
      <object_component id="oc-191">
         <name>.text:sl_Recv</name>
         <load_address>0x8684</load_address>
         <run_address>0x8684</run_address>
         <size>0x6c</size>
         <input_file_ref idref="fl-6"/>
      </object_component>
      <object_component id="oc-15c">
         <name>.text:SetVCore</name>
         <load_address>0x86f0</load_address>
         <run_address>0x86f0</run_address>
         <size>0x6a</size>
         <input_file_ref idref="fl-2"/>
      </object_component>
      <object_component id="oc-167">
         <name>.text:sl_WlanSet</name>
         <load_address>0x875a</load_address>
         <run_address>0x875a</run_address>
         <size>0x6a</size>
         <input_file_ref idref="fl-4"/>
      </object_component>
      <object_component id="oc-184">
         <name>.text:_SlDrvObjInit</name>
         <load_address>0x87c4</load_address>
         <run_address>0x87c4</run_address>
         <size>0x68</size>
         <input_file_ref idref="fl-c"/>
      </object_component>
      <object_component id="oc-1a5">
         <name>.text:_SlDrvDeviceEventHandler</name>
         <load_address>0x882c</load_address>
         <run_address>0x882c</run_address>
         <size>0x66</size>
         <input_file_ref idref="fl-d"/>
      </object_component>
      <object_component id="oc-19a">
         <name>.text:_sl_BuildAddress</name>
         <load_address>0x8892</load_address>
         <run_address>0x8892</run_address>
         <size>0x66</size>
         <input_file_ref idref="fl-6"/>
      </object_component>
      <object_component id="oc-1b2">
         <name>.text:sl_NetAppSendTokenValue</name>
         <load_address>0x88f8</load_address>
         <run_address>0x88f8</run_address>
         <size>0x66</size>
         <input_file_ref idref="fl-9"/>
      </object_component>
      <object_component id="oc-163">
         <name>.text:sl_WlanPolicySet</name>
         <load_address>0x895e</load_address>
         <run_address>0x895e</run_address>
         <size>0x64</size>
         <input_file_ref idref="fl-4"/>
      </object_component>
      <object_component id="oc-1ab">
         <name>.text:CopyPingResultsToReport</name>
         <load_address>0x89c2</load_address>
         <run_address>0x89c2</run_address>
         <size>0x62</size>
         <input_file_ref idref="fl-9"/>
      </object_component>
      <object_component id="oc-15f">
         <name>.text:_SlNonOsMainLoopTask</name>
         <load_address>0x8a24</load_address>
         <run_address>0x8a24</run_address>
         <size>0x5e</size>
         <input_file_ref idref="fl-7"/>
      </object_component>
      <object_component id="oc-14b">
         <name>.text:_auto_init_hold_wdt</name>
         <load_address>0x8a82</load_address>
         <run_address>0x8a82</run_address>
         <size>0x5c</size>
         <input_file_ref idref="fl-52"/>
      </object_component>
      <object_component id="oc-189">
         <name>.text:_SlNonOsSpawn</name>
         <load_address>0x8ade</load_address>
         <run_address>0x8ade</run_address>
         <size>0x58</size>
         <input_file_ref idref="fl-7"/>
      </object_component>
      <object_component id="oc-f1">
         <name>.text</name>
         <load_address>0x8b36</load_address>
         <run_address>0x8b36</run_address>
         <size>0x58</size>
         <input_file_ref idref="fl-42"/>
      </object_component>
      <object_component id="oc-169">
         <name>.text:sl_WlanRxFilterSet</name>
         <load_address>0x8b8e</load_address>
         <run_address>0x8b8e</run_address>
         <size>0x58</size>
         <input_file_ref idref="fl-4"/>
      </object_component>
      <object_component id="oc-1a1">
         <name>.text:spi_Read</name>
         <load_address>0x8be6</load_address>
         <run_address>0x8be6</run_address>
         <size>0x58</size>
         <input_file_ref idref="fl-e"/>
      </object_component>
      <object_component id="oc-18d">
         <name>.text:sl_Htonl</name>
         <load_address>0x8c3e</load_address>
         <run_address>0x8c3e</run_address>
         <size>0x54</size>
         <input_file_ref idref="fl-6"/>
      </object_component>
      <object_component id="oc-18e">
         <name>.text:sl_Socket</name>
         <load_address>0x8c92</load_address>
         <run_address>0x8c92</run_address>
         <size>0x52</size>
         <input_file_ref idref="fl-6"/>
      </object_component>
      <object_component id="oc-16e">
         <name>.text:_SlNonOsSemGet</name>
         <load_address>0x8ce4</load_address>
         <run_address>0x8ce4</run_address>
         <size>0x50</size>
         <input_file_ref idref="fl-7"/>
      </object_component>
      <object_component id="oc-19e">
         <name>.text:spi_Write</name>
         <load_address>0x8d34</load_address>
         <run_address>0x8d34</run_address>
         <size>0x50</size>
         <input_file_ref idref="fl-e"/>
      </object_component>
      <object_component id="oc-15e">
         <name>.text:Init_FLL_Settle</name>
         <load_address>0x8d84</load_address>
         <run_address>0x8d84</run_address>
         <size>0x4e</size>
         <input_file_ref idref="fl-2"/>
      </object_component>
      <object_component id="oc-156">
         <name>.text:CLI_Write</name>
         <load_address>0x8dd2</load_address>
         <run_address>0x8dd2</run_address>
         <size>0x4a</size>
         <input_file_ref idref="fl-3"/>
      </object_component>
      <object_component id="oc-1a7">
         <name>.text:SimpleLinkSockEventHandler</name>
         <load_address>0x8e1c</load_address>
         <run_address>0x8e1c</run_address>
         <size>0x48</size>
         <input_file_ref idref="fl-f"/>
      </object_component>
      <object_component id="oc-168">
         <name>.text:sl_NetAppMDNSUnRegisterService</name>
         <load_address>0x8e64</load_address>
         <run_address>0x8e64</run_address>
         <size>0x48</size>
         <input_file_ref idref="fl-9"/>
      </object_component>
      <object_component id="oc-182">
         <name>.text:_SlDrvBasicCmd</name>
         <load_address>0x8eac</load_address>
         <run_address>0x8eac</run_address>
         <size>0x46</size>
         <input_file_ref idref="fl-c"/>
      </object_component>
      <object_component id="oc-185">
         <name>.text:_SlDrvFlowContInit</name>
         <load_address>0x8ef2</load_address>
         <run_address>0x8ef2</run_address>
         <size>0x46</size>
         <input_file_ref idref="fl-b"/>
      </object_component>
      <object_component id="oc-171">
         <name>.text:_SlDrvRxIrqHandler</name>
         <load_address>0x8f38</load_address>
         <run_address>0x8f38</run_address>
         <size>0x46</size>
         <input_file_ref idref="fl-c"/>
      </object_component>
      <object_component id="oc-147">
         <name>.text:UART_ISR</name>
         <load_address>0x8f7e</load_address>
         <run_address>0x8f7e</run_address>
         <size>0x44</size>
         <input_file_ref idref="fl-3"/>
      </object_component>
      <object_component id="oc-178">
         <name>.text:getHostIP</name>
         <load_address>0x8fc2</load_address>
         <run_address>0x8fc2</run_address>
         <size>0x44</size>
         <input_file_ref idref="fl-f"/>
      </object_component>
      <object_component id="oc-196">
         <name>.text:_SlDrvFlowContDeinit</name>
         <load_address>0x9006</load_address>
         <run_address>0x9006</run_address>
         <size>0x42</size>
         <input_file_ref idref="fl-b"/>
      </object_component>
      <object_component id="oc-15d">
         <name>.text:LFXT_Start</name>
         <load_address>0x9048</load_address>
         <run_address>0x9048</run_address>
         <size>0x3e</size>
         <input_file_ref idref="fl-2"/>
      </object_component>
      <object_component id="oc-1b6">
         <name>.text:_SlDrvCmdSend</name>
         <load_address>0x9086</load_address>
         <run_address>0x9086</run_address>
         <size>0x3e</size>
         <input_file_ref idref="fl-c"/>
      </object_component>
      <object_component id="oc-15a">
         <name>.text:disconnectFromAP</name>
         <load_address>0x90c4</load_address>
         <run_address>0x90c4</run_address>
         <size>0x3e</size>
         <input_file_ref idref="fl-f"/>
      </object_component>
      <object_component id="oc-186">
         <name>.text:Delay</name>
         <load_address>0x9102</load_address>
         <run_address>0x9102</run_address>
         <size>0x3a</size>
         <input_file_ref idref="fl-2"/>
      </object_component>
      <object_component id="oc-148">
         <name>.text:Port1_ISR</name>
         <load_address>0x913c</load_address>
         <run_address>0x913c</run_address>
         <size>0x3a</size>
         <input_file_ref idref="fl-2"/>
      </object_component>
      <object_component id="oc-1a4">
         <name>.text:_SlDrvShiftDWord</name>
         <load_address>0x9176</load_address>
         <run_address>0x9176</run_address>
         <size>0x3a</size>
         <input_file_ref idref="fl-c"/>
      </object_component>
      <object_component id="oc-192">
         <name>.text:strstr</name>
         <load_address>0x91b0</load_address>
         <run_address>0x91b0</run_address>
         <size>0x36</size>
         <input_file_ref idref="fl-4f"/>
      </object_component>
      <object_component id="oc-153">
         <name>.text:CLI_Configure</name>
         <load_address>0x91e6</load_address>
         <run_address>0x91e6</run_address>
         <size>0x34</size>
         <input_file_ref idref="fl-3"/>
      </object_component>
      <object_component id="oc-18c">
         <name>.text:sl_Htons</name>
         <load_address>0x921a</load_address>
         <run_address>0x921a</run_address>
         <size>0x34</size>
         <input_file_ref idref="fl-6"/>
      </object_component>
      <object_component id="oc-152">
         <name>.text:initClk</name>
         <load_address>0x924e</load_address>
         <run_address>0x924e</run_address>
         <size>0x30</size>
         <input_file_ref idref="fl-2"/>
      </object_component>
      <object_component id="oc-1a9">
         <name>.text:SimpleLinkNetAppEventHandler</name>
         <load_address>0x927e</load_address>
         <run_address>0x927e</run_address>
         <size>0x2e</size>
         <input_file_ref idref="fl-f"/>
      </object_component>
      <object_component id="oc-17b">
         <name>.text:sl_Close</name>
         <load_address>0x92ac</load_address>
         <run_address>0x92ac</run_address>
         <size>0x2c</size>
         <input_file_ref idref="fl-6"/>
      </object_component>
      <object_component id="oc-164">
         <name>.text:sl_WlanProfileDel</name>
         <load_address>0x92d8</load_address>
         <run_address>0x92d8</run_address>
         <size>0x2c</size>
         <input_file_ref idref="fl-4"/>
      </object_component>
      <object_component id="oc-160">
         <name>.text:sl_WlanSetMode</name>
         <load_address>0x9304</load_address>
         <run_address>0x9304</run_address>
         <size>0x2c</size>
         <input_file_ref idref="fl-4"/>
      </object_component>
      <object_component id="oc-72">
         <name>.text:_c_int00_noexit</name>
         <load_address>0x9330</load_address>
         <run_address>0x9330</run_address>
         <size>0x26</size>
         <input_file_ref idref="fl-3e"/>
      </object_component>
      <object_component id="oc-154">
         <name>.text:displayBanner</name>
         <load_address>0x9356</load_address>
         <run_address>0x9356</run_address>
         <size>0x22</size>
         <input_file_ref idref="fl-f"/>
      </object_component>
      <object_component id="oc-146">
         <name>.text:IntSpiGPIOHandler</name>
         <load_address>0x9378</load_address>
         <run_address>0x9378</run_address>
         <size>0x20</size>
         <input_file_ref idref="fl-2"/>
      </object_component>
      <object_component id="oc-11c">
         <name>.text</name>
         <load_address>0x9398</load_address>
         <run_address>0x9398</run_address>
         <size>0x20</size>
         <input_file_ref idref="fl-4b"/>
      </object_component>
      <object_component id="oc-197">
         <name>.text:_SlDrvObjDeInit</name>
         <load_address>0x93b8</load_address>
         <run_address>0x93b8</run_address>
         <size>0x1e</size>
         <input_file_ref idref="fl-c"/>
      </object_component>
      <object_component id="oc-150">
         <name>.text:initializeAppVariables</name>
         <load_address>0x93d6</load_address>
         <run_address>0x93d6</run_address>
         <size>0x1a</size>
         <input_file_ref idref="fl-f"/>
      </object_component>
      <object_component id="oc-14e">
         <name>.text:CC3100_UART_ISR</name>
         <load_address>0x93f0</load_address>
         <run_address>0x93f0</run_address>
         <size>0x18</size>
         <input_file_ref idref="fl-2"/>
      </object_component>
      <object_component id="oc-1b1">
         <name>.text:SimpleLinkHttpServerCallback</name>
         <load_address>0x9408</load_address>
         <run_address>0x9408</run_address>
         <size>0x16</size>
         <input_file_ref idref="fl-f"/>
      </object_component>
      <object_component id="oc-16f">
         <name>.text:_SlNonOsSemSet</name>
         <load_address>0x941e</load_address>
         <run_address>0x941e</run_address>
         <size>0x16</size>
         <input_file_ref idref="fl-7"/>
      </object_component>
      <object_component id="oc-15b">
         <name>.text:memset</name>
         <load_address>0x9434</load_address>
         <run_address>0x9434</run_address>
         <size>0x14</size>
         <input_file_ref idref="fl-48"/>
      </object_component>
      <object_component id="oc-172">
         <name>.text:registerInterruptHandler</name>
         <load_address>0x9448</load_address>
         <run_address>0x9448</run_address>
         <size>0x14</size>
         <input_file_ref idref="fl-2"/>
      </object_component>
      <object_component id="oc-117">
         <name>.text</name>
         <load_address>0x945c</load_address>
         <run_address>0x945c</run_address>
         <size>0x14</size>
         <input_file_ref idref="fl-4a"/>
      </object_component>
      <object_component id="oc-1ae">
         <name>.text:SimpleLinkGeneralEventHandler</name>
         <load_address>0x9470</load_address>
         <run_address>0x9470</run_address>
         <size>0x12</size>
         <input_file_ref idref="fl-f"/>
      </object_component>
      <object_component id="oc-14f">
         <name>.text:memcpy</name>
         <load_address>0x9482</load_address>
         <run_address>0x9482</run_address>
         <size>0x12</size>
         <input_file_ref idref="fl-47"/>
      </object_component>
      <object_component id="oc-180">
         <name>.text:spi_Close</name>
         <load_address>0x9494</load_address>
         <run_address>0x9494</run_address>
         <size>0x10</size>
         <input_file_ref idref="fl-e"/>
      </object_component>
      <object_component id="oc-177">
         <name>.text:strcpy</name>
         <load_address>0x94a4</load_address>
         <run_address>0x94a4</run_address>
         <size>0x10</size>
         <input_file_ref idref="fl-4d"/>
      </object_component>
      <object_component id="oc-16a">
         <name>.text:strlen</name>
         <load_address>0x94b4</load_address>
         <run_address>0x94b4</run_address>
         <size>0xe</size>
         <input_file_ref idref="fl-4e"/>
      </object_component>
      <object_component id="oc-187">
         <name>.text:CC3100_InterruptEnable</name>
         <load_address>0x94c2</load_address>
         <run_address>0x94c2</run_address>
         <size>0xa</size>
         <input_file_ref idref="fl-2"/>
      </object_component>
      <object_component id="oc-d5">
         <name>.text</name>
         <load_address>0x94cc</load_address>
         <run_address>0x94cc</run_address>
         <size>0xa</size>
         <input_file_ref idref="fl-3d"/>
      </object_component>
      <object_component id="oc-fb">
         <name>.text</name>
         <load_address>0x94d6</load_address>
         <run_address>0x94d6</run_address>
         <size>0xa</size>
         <input_file_ref idref="fl-44"/>
      </object_component>
      <object_component id="oc-165">
         <name>.text:sl_WlanDisconnect</name>
         <load_address>0x94e0</load_address>
         <run_address>0x94e0</run_address>
         <size>0xa</size>
         <input_file_ref idref="fl-4"/>
      </object_component>
      <object_component id="oc-170">
         <name>.text:CC3100_disable</name>
         <load_address>0x94ea</load_address>
         <run_address>0x94ea</run_address>
         <size>0x8</size>
         <input_file_ref idref="fl-2"/>
      </object_component>
      <object_component id="oc-173">
         <name>.text:CC3100_enable</name>
         <load_address>0x94f2</load_address>
         <run_address>0x94f2</run_address>
         <size>0x8</size>
         <input_file_ref idref="fl-2"/>
      </object_component>
      <object_component id="oc-151">
         <name>.text:stopWDT</name>
         <load_address>0x94fa</load_address>
         <run_address>0x94fa</run_address>
         <size>0x8</size>
         <input_file_ref idref="fl-2"/>
      </object_component>
      <object_component id="oc-195">
         <name>.text:CC3100_InterruptDisable</name>
         <load_address>0x9502</load_address>
         <run_address>0x9502</run_address>
         <size>0x6</size>
         <input_file_ref idref="fl-2"/>
      </object_component>
      <object_component id="oc-145">
         <name>.text:Trap_ISR</name>
         <load_address>0x9508</load_address>
         <run_address>0x9508</run_address>
         <size>0x4</size>
         <input_file_ref idref="fl-2"/>
      </object_component>
      <object_component id="oc-14a">
         <name>.text:_system_pre_init</name>
         <load_address>0x950c</load_address>
         <run_address>0x950c</run_address>
         <size>0x4</size>
         <input_file_ref idref="fl-4c"/>
      </object_component>
      <object_component id="oc-14d">
         <name>.text:abort</name>
         <load_address>0x9510</load_address>
         <run_address>0x9510</run_address>
         <size>0x4</size>
         <input_file_ref idref="fl-43"/>
      </object_component>
      <object_component id="oc-149">
         <name>.text:_nop</name>
         <load_address>0x9514</load_address>
         <run_address>0x9514</run_address>
         <size>0x2</size>
         <input_file_ref idref="fl-50"/>
      </object_component>
      <object_component id="oc-bb">
         <name>.cinit</name>
         <load_address>0x4ad6</load_address>
         <run_address>0x4ad6</run_address>
         <size>0xc</size>
         <input_file_ref idref="fl-c"/>
      </object_component>
      <object_component id="oc-ce">
         <name>.cinit</name>
         <load_address>0x4ae2</load_address>
         <run_address>0x4ae2</run_address>
         <size>0x8</size>
         <input_file_ref idref="fl-f"/>
      </object_component>
      <object_component id="oc-82">
         <name>.cinit</name>
         <load_address>0x4aea</load_address>
         <run_address>0x4aea</run_address>
         <size>0x6</size>
         <input_file_ref idref="fl-2"/>
      </object_component>
      <object_component id="oc-89">
         <name>.cinit</name>
         <load_address>0x4af0</load_address>
         <run_address>0x4af0</run_address>
         <size>0x6</size>
         <input_file_ref idref="fl-3"/>
      </object_component>
      <object_component id="oc-d0">
         <name>.const:.string</name>
         <load_address>0x4400</load_address>
         <run_address>0x4400</run_address>
         <size>0x4ca</size>
         <input_file_ref idref="fl-f"/>
      </object_component>
      <object_component id="oc-8f">
         <name>.const</name>
         <load_address>0x48ca</load_address>
         <run_address>0x48ca</run_address>
         <size>0xec</size>
         <input_file_ref idref="fl-4"/>
      </object_component>
      <object_component id="oc-cf">
         <name>.const</name>
         <load_address>0x49b6</load_address>
         <run_address>0x49b6</run_address>
         <size>0x46</size>
         <input_file_ref idref="fl-f"/>
      </object_component>
      <object_component id="oc-97">
         <name>.const</name>
         <load_address>0x49fc</load_address>
         <run_address>0x49fc</run_address>
         <size>0x34</size>
         <input_file_ref idref="fl-6"/>
      </object_component>
      <object_component id="oc-1aa">
         <name>.const:_SlActionLookupTable</name>
         <load_address>0x4a30</load_address>
         <run_address>0x4a30</run_address>
         <size>0x2a</size>
         <input_file_ref idref="fl-c"/>
      </object_component>
      <object_component id="oc-a9">
         <name>.const</name>
         <load_address>0x4a5a</load_address>
         <run_address>0x4a5a</run_address>
         <size>0x28</size>
         <input_file_ref idref="fl-9"/>
      </object_component>
      <object_component id="oc-af">
         <name>.const</name>
         <load_address>0x4a82</load_address>
         <run_address>0x4a82</run_address>
         <size>0x24</size>
         <input_file_ref idref="fl-a"/>
      </object_component>
      <object_component id="oc-c2">
         <name>.const</name>
         <load_address>0x4aa6</load_address>
         <run_address>0x4aa6</run_address>
         <size>0x14</size>
         <input_file_ref idref="fl-d"/>
      </object_component>
      <object_component id="oc-bc">
         <name>.const</name>
         <load_address>0x4aba</load_address>
         <run_address>0x4aba</run_address>
         <size>0x14</size>
         <input_file_ref idref="fl-c"/>
      </object_component>
      <object_component id="oc-a3">
         <name>.const</name>
         <load_address>0x4ace</load_address>
         <run_address>0x4ace</run_address>
         <size>0x8</size>
         <input_file_ref idref="fl-8"/>
      </object_component>
      <object_component id="oc-69">
         <name>.int41</name>
         <load_address>0xffd2</load_address>
         <run_address>0xffd2</run_address>
         <size>0x2</size>
         <input_file_ref idref="fl-2"/>
      </object_component>
      <object_component id="oc-6a">
         <name>.int42</name>
         <load_address>0xffd4</load_address>
         <run_address>0xffd4</run_address>
         <size>0x2</size>
         <input_file_ref idref="fl-2"/>
      </object_component>
      <object_component id="oc-6b">
         <name>.int43</name>
         <load_address>0xffd6</load_address>
         <run_address>0xffd6</run_address>
         <size>0x2</size>
         <input_file_ref idref="fl-2"/>
      </object_component>
      <object_component id="oc-6c">
         <name>.int44</name>
         <load_address>0xffd8</load_address>
         <run_address>0xffd8</run_address>
         <size>0x2</size>
         <input_file_ref idref="fl-2"/>
      </object_component>
      <object_component id="oc-6d">
         <name>.int45</name>
         <load_address>0xffda</load_address>
         <run_address>0xffda</run_address>
         <size>0x2</size>
         <input_file_ref idref="fl-2"/>
      </object_component>
      <object_component id="oc-6e">
         <name>.int46</name>
         <load_address>0xffdc</load_address>
         <run_address>0xffdc</run_address>
         <size>0x2</size>
         <input_file_ref idref="fl-3"/>
      </object_component>
      <object_component id="oc-6f">
         <name>.int47</name>
         <load_address>0xffde</load_address>
         <run_address>0xffde</run_address>
         <size>0x2</size>
         <input_file_ref idref="fl-2"/>
      </object_component>
      <object_component id="oc-70">
         <name>.int48</name>
         <load_address>0xffe0</load_address>
         <run_address>0xffe0</run_address>
         <size>0x2</size>
         <input_file_ref idref="fl-2"/>
      </object_component>
      <object_component id="oc-71">
         <name>.int49</name>
         <load_address>0xffe2</load_address>
         <run_address>0xffe2</run_address>
         <size>0x2</size>
         <input_file_ref idref="fl-2"/>
      </object_component>
      <object_component id="oc-73">
         <name>.int50</name>
         <load_address>0xffe4</load_address>
         <run_address>0xffe4</run_address>
         <size>0x2</size>
         <input_file_ref idref="fl-2"/>
      </object_component>
      <object_component id="oc-74">
         <name>.int51</name>
         <load_address>0xffe6</load_address>
         <run_address>0xffe6</run_address>
         <size>0x2</size>
         <input_file_ref idref="fl-2"/>
      </object_component>
      <object_component id="oc-75">
         <name>.int52</name>
         <load_address>0xffe8</load_address>
         <run_address>0xffe8</run_address>
         <size>0x2</size>
         <input_file_ref idref="fl-2"/>
      </object_component>
      <object_component id="oc-76">
         <name>.int53</name>
         <load_address>0xffea</load_address>
         <run_address>0xffea</run_address>
         <size>0x2</size>
         <input_file_ref idref="fl-2"/>
      </object_component>
      <object_component id="oc-77">
         <name>.int54</name>
         <load_address>0xffec</load_address>
         <run_address>0xffec</run_address>
         <size>0x2</size>
         <input_file_ref idref="fl-2"/>
      </object_component>
      <object_component id="oc-78">
         <name>.int55</name>
         <load_address>0xffee</load_address>
         <run_address>0xffee</run_address>
         <size>0x2</size>
         <input_file_ref idref="fl-2"/>
      </object_component>
      <object_component id="oc-79">
         <name>.int56</name>
         <load_address>0xfff0</load_address>
         <run_address>0xfff0</run_address>
         <size>0x2</size>
         <input_file_ref idref="fl-2"/>
      </object_component>
      <object_component id="oc-7a">
         <name>.int57</name>
         <load_address>0xfff2</load_address>
         <run_address>0xfff2</run_address>
         <size>0x2</size>
         <input_file_ref idref="fl-2"/>
      </object_component>
      <object_component id="oc-7b">
         <name>.int58</name>
         <load_address>0xfff4</load_address>
         <run_address>0xfff4</run_address>
         <size>0x2</size>
         <input_file_ref idref="fl-2"/>
      </object_component>
      <object_component id="oc-7c">
         <name>.int59</name>
         <load_address>0xfff6</load_address>
         <run_address>0xfff6</run_address>
         <size>0x2</size>
         <input_file_ref idref="fl-2"/>
      </object_component>
      <object_component id="oc-7d">
         <name>.int60</name>
         <load_address>0xfff8</load_address>
         <run_address>0xfff8</run_address>
         <size>0x2</size>
         <input_file_ref idref="fl-2"/>
      </object_component>
      <object_component id="oc-7e">
         <name>.int61</name>
         <load_address>0xfffa</load_address>
         <run_address>0xfffa</run_address>
         <size>0x2</size>
         <input_file_ref idref="fl-2"/>
      </object_component>
      <object_component id="oc-7f">
         <name>.int62</name>
         <load_address>0xfffc</load_address>
         <run_address>0xfffc</run_address>
         <size>0x2</size>
         <input_file_ref idref="fl-2"/>
      </object_component>
      <object_component id="oc-dd">
         <name>.reset</name>
         <load_address>0xfffe</load_address>
         <run_address>0xfffe</run_address>
         <size>0x2</size>
         <input_file_ref idref="fl-3e"/>
      </object_component>
      <object_component id="oc-81">
         <name>.debug_info</name>
         <load_address>0x0</load_address>
         <run_address>0x0</run_address>
         <size>0x19d4</size>
         <input_file_ref idref="fl-2"/>
      </object_component>
      <object_component id="oc-88">
         <name>.debug_info</name>
         <load_address>0x19d4</load_address>
         <run_address>0x19d4</run_address>
         <size>0x805</size>
         <input_file_ref idref="fl-3"/>
      </object_component>
      <object_component id="oc-8e">
         <name>.debug_info</name>
         <load_address>0x21d9</load_address>
         <run_address>0x21d9</run_address>
         <size>0x3404</size>
         <input_file_ref idref="fl-4"/>
      </object_component>
      <object_component id="oc-94">
         <name>.debug_info</name>
         <load_address>0x55dd</load_address>
         <run_address>0x55dd</run_address>
         <size>0x1e5</size>
         <input_file_ref idref="fl-5"/>
      </object_component>
      <object_component id="oc-96">
         <name>.debug_info</name>
         <load_address>0x57c2</load_address>
         <run_address>0x57c2</run_address>
         <size>0x3439</size>
         <input_file_ref idref="fl-6"/>
      </object_component>
      <object_component id="oc-9d">
         <name>.debug_info</name>
         <load_address>0x8bfb</load_address>
         <run_address>0x8bfb</run_address>
         <size>0x10e3</size>
         <input_file_ref idref="fl-7"/>
      </object_component>
      <object_component id="oc-a2">
         <name>.debug_info</name>
         <load_address>0x9cde</load_address>
         <run_address>0x9cde</run_address>
         <size>0x7d9</size>
         <input_file_ref idref="fl-8"/>
      </object_component>
      <object_component id="oc-a8">
         <name>.debug_info</name>
         <load_address>0xa4b7</load_address>
         <run_address>0xa4b7</run_address>
         <size>0x3745</size>
         <input_file_ref idref="fl-9"/>
      </object_component>
      <object_component id="oc-ae">
         <name>.debug_info</name>
         <load_address>0xdbfc</load_address>
         <run_address>0xdbfc</run_address>
         <size>0x120e</size>
         <input_file_ref idref="fl-a"/>
      </object_component>
      <object_component id="oc-b4">
         <name>.debug_info</name>
         <load_address>0xee0a</load_address>
         <run_address>0xee0a</run_address>
         <size>0xd8d</size>
         <input_file_ref idref="fl-b"/>
      </object_component>
      <object_component id="oc-ba">
         <name>.debug_info</name>
         <load_address>0xfb97</load_address>
         <run_address>0xfb97</run_address>
         <size>0x5874</size>
         <input_file_ref idref="fl-c"/>
      </object_component>
      <object_component id="oc-c1">
         <name>.debug_info</name>
         <load_address>0x1540b</load_address>
         <run_address>0x1540b</run_address>
         <size>0x252e</size>
         <input_file_ref idref="fl-d"/>
      </object_component>
      <object_component id="oc-c7">
         <name>.debug_info</name>
         <load_address>0x17939</load_address>
         <run_address>0x17939</run_address>
         <size>0x974</size>
         <input_file_ref idref="fl-e"/>
      </object_component>
      <object_component id="oc-cd">
         <name>.debug_info</name>
         <load_address>0x182ad</load_address>
         <run_address>0x182ad</run_address>
         <size>0x36d7</size>
         <input_file_ref idref="fl-f"/>
      </object_component>
      <object_component id="oc-d6">
         <name>.debug_info</name>
         <load_address>0x1b984</load_address>
         <run_address>0x1b984</run_address>
         <size>0xd3</size>
         <input_file_ref idref="fl-3d"/>
      </object_component>
      <object_component id="oc-db">
         <name>.debug_info</name>
         <load_address>0x1ba57</load_address>
         <run_address>0x1ba57</run_address>
         <size>0x3f1</size>
         <input_file_ref idref="fl-3e"/>
      </object_component>
      <object_component id="oc-e2">
         <name>.debug_info</name>
         <load_address>0x1be48</load_address>
         <run_address>0x1be48</run_address>
         <size>0x28e</size>
         <input_file_ref idref="fl-3f"/>
      </object_component>
      <object_component id="oc-e7">
         <name>.debug_info</name>
         <load_address>0x1c0d6</load_address>
         <run_address>0x1c0d6</run_address>
         <size>0x233</size>
         <input_file_ref idref="fl-40"/>
      </object_component>
      <object_component id="oc-ec">
         <name>.debug_info</name>
         <load_address>0x1c309</load_address>
         <run_address>0x1c309</run_address>
         <size>0x249</size>
         <input_file_ref idref="fl-41"/>
      </object_component>
      <object_component id="oc-f2">
         <name>.debug_info</name>
         <load_address>0x1c552</load_address>
         <run_address>0x1c552</run_address>
         <size>0xd8</size>
         <input_file_ref idref="fl-42"/>
      </object_component>
      <object_component id="oc-f6">
         <name>.debug_info</name>
         <load_address>0x1c62a</load_address>
         <run_address>0x1c62a</run_address>
         <size>0x2b3</size>
         <input_file_ref idref="fl-43"/>
      </object_component>
      <object_component id="oc-fc">
         <name>.debug_info</name>
         <load_address>0x1c8dd</load_address>
         <run_address>0x1c8dd</run_address>
         <size>0xd3</size>
         <input_file_ref idref="fl-44"/>
      </object_component>
      <object_component id="oc-100">
         <name>.debug_info</name>
         <load_address>0x1c9b0</load_address>
         <run_address>0x1c9b0</run_address>
         <size>0xa3</size>
         <input_file_ref idref="fl-45"/>
      </object_component>
      <object_component id="oc-104">
         <name>.debug_info</name>
         <load_address>0x1ca53</load_address>
         <run_address>0x1ca53</run_address>
         <size>0xa3</size>
         <input_file_ref idref="fl-46"/>
      </object_component>
      <object_component id="oc-108">
         <name>.debug_info</name>
         <load_address>0x1caf6</load_address>
         <run_address>0x1caf6</run_address>
         <size>0x2d2</size>
         <input_file_ref idref="fl-47"/>
      </object_component>
      <object_component id="oc-10d">
         <name>.debug_info</name>
         <load_address>0x1cdc8</load_address>
         <run_address>0x1cdc8</run_address>
         <size>0x321</size>
         <input_file_ref idref="fl-48"/>
      </object_component>
      <object_component id="oc-112">
         <name>.debug_info</name>
         <load_address>0x1d0e9</load_address>
         <run_address>0x1d0e9</run_address>
         <size>0x288</size>
         <input_file_ref idref="fl-49"/>
      </object_component>
      <object_component id="oc-118">
         <name>.debug_info</name>
         <load_address>0x1d371</load_address>
         <run_address>0x1d371</run_address>
         <size>0xda</size>
         <input_file_ref idref="fl-4a"/>
      </object_component>
      <object_component id="oc-11d">
         <name>.debug_info</name>
         <load_address>0x1d44b</load_address>
         <run_address>0x1d44b</run_address>
         <size>0xda</size>
         <input_file_ref idref="fl-4b"/>
      </object_component>
      <object_component id="oc-121">
         <name>.debug_info</name>
         <load_address>0x1d525</load_address>
         <run_address>0x1d525</run_address>
         <size>0x245</size>
         <input_file_ref idref="fl-4c"/>
      </object_component>
      <object_component id="oc-126">
         <name>.debug_info</name>
         <load_address>0x1d76a</load_address>
         <run_address>0x1d76a</run_address>
         <size>0x300</size>
         <input_file_ref idref="fl-4d"/>
      </object_component>
      <object_component id="oc-12b">
         <name>.debug_info</name>
         <load_address>0x1da6a</load_address>
         <run_address>0x1da6a</run_address>
         <size>0x2ec</size>
         <input_file_ref idref="fl-4e"/>
      </object_component>
      <object_component id="oc-130">
         <name>.debug_info</name>
         <load_address>0x1dd56</load_address>
         <run_address>0x1dd56</run_address>
         <size>0x2ca</size>
         <input_file_ref idref="fl-4f"/>
      </object_component>
      <object_component id="oc-136">
         <name>.debug_info</name>
         <load_address>0x1e020</load_address>
         <run_address>0x1e020</run_address>
         <size>0x261</size>
         <input_file_ref idref="fl-50"/>
      </object_component>
      <object_component id="oc-13b">
         <name>.debug_info</name>
         <load_address>0x1e281</load_address>
         <run_address>0x1e281</run_address>
         <size>0x2a0</size>
         <input_file_ref idref="fl-51"/>
      </object_component>
      <object_component id="oc-140">
         <name>.debug_info</name>
         <load_address>0x1e521</load_address>
         <run_address>0x1e521</run_address>
         <size>0x396</size>
         <input_file_ref idref="fl-52"/>
      </object_component>
      <object_component id="oc-215">
         <name>.debug_info</name>
         <load_address>0x1e8b7</load_address>
         <run_address>0x1e8b7</run_address>
         <size>0xd9</size>
      </object_component>
      <object_component id="oc-83">
         <name>.debug_frame</name>
         <load_address>0x0</load_address>
         <run_address>0x0</run_address>
         <size>0x206</size>
         <input_file_ref idref="fl-2"/>
      </object_component>
      <object_component id="oc-8a">
         <name>.debug_frame</name>
         <load_address>0x206</load_address>
         <run_address>0x206</run_address>
         <size>0x83</size>
         <input_file_ref idref="fl-3"/>
      </object_component>
      <object_component id="oc-90">
         <name>.debug_frame</name>
         <load_address>0x289</load_address>
         <run_address>0x289</run_address>
         <size>0xec</size>
         <input_file_ref idref="fl-4"/>
      </object_component>
      <object_component id="oc-98">
         <name>.debug_frame</name>
         <load_address>0x375</load_address>
         <run_address>0x375</run_address>
         <size>0x17c</size>
         <input_file_ref idref="fl-6"/>
      </object_component>
      <object_component id="oc-9e">
         <name>.debug_frame</name>
         <load_address>0x4f1</load_address>
         <run_address>0x4f1</run_address>
         <size>0x9e</size>
         <input_file_ref idref="fl-7"/>
      </object_component>
      <object_component id="oc-a4">
         <name>.debug_frame</name>
         <load_address>0x58f</load_address>
         <run_address>0x58f</run_address>
         <size>0x4d</size>
         <input_file_ref idref="fl-8"/>
      </object_component>
      <object_component id="oc-aa">
         <name>.debug_frame</name>
         <load_address>0x5dc</load_address>
         <run_address>0x5dc</run_address>
         <size>0x12c</size>
         <input_file_ref idref="fl-9"/>
      </object_component>
      <object_component id="oc-b0">
         <name>.debug_frame</name>
         <load_address>0x708</load_address>
         <run_address>0x708</run_address>
         <size>0x32</size>
         <input_file_ref idref="fl-a"/>
      </object_component>
      <object_component id="oc-b5">
         <name>.debug_frame</name>
         <load_address>0x73a</load_address>
         <run_address>0x73a</run_address>
         <size>0x68</size>
         <input_file_ref idref="fl-b"/>
      </object_component>
      <object_component id="oc-bd">
         <name>.debug_frame</name>
         <load_address>0x7a2</load_address>
         <run_address>0x7a2</run_address>
         <size>0x2af</size>
         <input_file_ref idref="fl-c"/>
      </object_component>
      <object_component id="oc-c3">
         <name>.debug_frame</name>
         <load_address>0xa51</load_address>
         <run_address>0xa51</run_address>
         <size>0xf5</size>
         <input_file_ref idref="fl-d"/>
      </object_component>
      <object_component id="oc-c8">
         <name>.debug_frame</name>
         <load_address>0xb46</load_address>
         <run_address>0xb46</run_address>
         <size>0x9e</size>
         <input_file_ref idref="fl-e"/>
      </object_component>
      <object_component id="oc-d1">
         <name>.debug_frame</name>
         <load_address>0xbe4</load_address>
         <run_address>0xbe4</run_address>
         <size>0x1c2</size>
         <input_file_ref idref="fl-f"/>
      </object_component>
      <object_component id="oc-de">
         <name>.debug_frame</name>
         <load_address>0xda6</load_address>
         <run_address>0xda6</run_address>
         <size>0x42</size>
         <input_file_ref idref="fl-3e"/>
      </object_component>
      <object_component id="oc-e3">
         <name>.debug_frame</name>
         <load_address>0xde8</load_address>
         <run_address>0xde8</run_address>
         <size>0x32</size>
         <input_file_ref idref="fl-3f"/>
      </object_component>
      <object_component id="oc-e8">
         <name>.debug_frame</name>
         <load_address>0xe1a</load_address>
         <run_address>0xe1a</run_address>
         <size>0x32</size>
         <input_file_ref idref="fl-40"/>
      </object_component>
      <object_component id="oc-ed">
         <name>.debug_frame</name>
         <load_address>0xe4c</load_address>
         <run_address>0xe4c</run_address>
         <size>0x32</size>
         <input_file_ref idref="fl-41"/>
      </object_component>
      <object_component id="oc-f7">
         <name>.debug_frame</name>
         <load_address>0xe7e</load_address>
         <run_address>0xe7e</run_address>
         <size>0x47</size>
         <input_file_ref idref="fl-43"/>
      </object_component>
      <object_component id="oc-109">
         <name>.debug_frame</name>
         <load_address>0xec5</load_address>
         <run_address>0xec5</run_address>
         <size>0x47</size>
         <input_file_ref idref="fl-47"/>
      </object_component>
      <object_component id="oc-10e">
         <name>.debug_frame</name>
         <load_address>0xf0c</load_address>
         <run_address>0xf0c</run_address>
         <size>0x47</size>
         <input_file_ref idref="fl-48"/>
      </object_component>
      <object_component id="oc-113">
         <name>.debug_frame</name>
         <load_address>0xf53</load_address>
         <run_address>0xf53</run_address>
         <size>0x32</size>
         <input_file_ref idref="fl-49"/>
      </object_component>
      <object_component id="oc-122">
         <name>.debug_frame</name>
         <load_address>0xf85</load_address>
         <run_address>0xf85</run_address>
         <size>0x47</size>
         <input_file_ref idref="fl-4c"/>
      </object_component>
      <object_component id="oc-127">
         <name>.debug_frame</name>
         <load_address>0xfcc</load_address>
         <run_address>0xfcc</run_address>
         <size>0x47</size>
         <input_file_ref idref="fl-4d"/>
      </object_component>
      <object_component id="oc-12c">
         <name>.debug_frame</name>
         <load_address>0x1013</load_address>
         <run_address>0x1013</run_address>
         <size>0x47</size>
         <input_file_ref idref="fl-4e"/>
      </object_component>
      <object_component id="oc-131">
         <name>.debug_frame</name>
         <load_address>0x105a</load_address>
         <run_address>0x105a</run_address>
         <size>0x50</size>
         <input_file_ref idref="fl-4f"/>
      </object_component>
      <object_component id="oc-137">
         <name>.debug_frame</name>
         <load_address>0x10aa</load_address>
         <run_address>0x10aa</run_address>
         <size>0x47</size>
         <input_file_ref idref="fl-50"/>
      </object_component>
      <object_component id="oc-13c">
         <name>.debug_frame</name>
         <load_address>0x10f1</load_address>
         <run_address>0x10f1</run_address>
         <size>0x32</size>
         <input_file_ref idref="fl-51"/>
      </object_component>
      <object_component id="oc-141">
         <name>.debug_frame</name>
         <load_address>0x1123</load_address>
         <run_address>0x1123</run_address>
         <size>0x56</size>
         <input_file_ref idref="fl-52"/>
      </object_component>
      <object_component id="oc-84">
         <name>.debug_line</name>
         <load_address>0x0</load_address>
         <run_address>0x0</run_address>
         <size>0x37a</size>
         <input_file_ref idref="fl-2"/>
      </object_component>
      <object_component id="oc-8b">
         <name>.debug_line</name>
         <load_address>0x37a</load_address>
         <run_address>0x37a</run_address>
         <size>0xf5</size>
         <input_file_ref idref="fl-3"/>
      </object_component>
      <object_component id="oc-91">
         <name>.debug_line</name>
         <load_address>0x46f</load_address>
         <run_address>0x46f</run_address>
         <size>0x1b3</size>
         <input_file_ref idref="fl-4"/>
      </object_component>
      <object_component id="oc-99">
         <name>.debug_line</name>
         <load_address>0x622</load_address>
         <run_address>0x622</run_address>
         <size>0x302</size>
         <input_file_ref idref="fl-6"/>
      </object_component>
      <object_component id="oc-9f">
         <name>.debug_line</name>
         <load_address>0x924</load_address>
         <run_address>0x924</run_address>
         <size>0x126</size>
         <input_file_ref idref="fl-7"/>
      </object_component>
      <object_component id="oc-a5">
         <name>.debug_line</name>
         <load_address>0xa4a</load_address>
         <run_address>0xa4a</run_address>
         <size>0x90</size>
         <input_file_ref idref="fl-8"/>
      </object_component>
      <object_component id="oc-ab">
         <name>.debug_line</name>
         <load_address>0xada</load_address>
         <run_address>0xada</run_address>
         <size>0x2ac</size>
         <input_file_ref idref="fl-9"/>
      </object_component>
      <object_component id="oc-b1">
         <name>.debug_line</name>
         <load_address>0xd86</load_address>
         <run_address>0xd86</run_address>
         <size>0x66</size>
         <input_file_ref idref="fl-a"/>
      </object_component>
      <object_component id="oc-b6">
         <name>.debug_line</name>
         <load_address>0xdec</load_address>
         <run_address>0xdec</run_address>
         <size>0x9a</size>
         <input_file_ref idref="fl-b"/>
      </object_component>
      <object_component id="oc-be">
         <name>.debug_line</name>
         <load_address>0xe86</load_address>
         <run_address>0xe86</run_address>
         <size>0x8ad</size>
         <input_file_ref idref="fl-c"/>
      </object_component>
      <object_component id="oc-c4">
         <name>.debug_line</name>
         <load_address>0x1733</load_address>
         <run_address>0x1733</run_address>
         <size>0x203</size>
         <input_file_ref idref="fl-d"/>
      </object_component>
      <object_component id="oc-c9">
         <name>.debug_line</name>
         <load_address>0x1936</load_address>
         <run_address>0x1936</run_address>
         <size>0x122</size>
         <input_file_ref idref="fl-e"/>
      </object_component>
      <object_component id="oc-d2">
         <name>.debug_line</name>
         <load_address>0x1a58</load_address>
         <run_address>0x1a58</run_address>
         <size>0x3f7</size>
         <input_file_ref idref="fl-f"/>
      </object_component>
      <object_component id="oc-d7">
         <name>.debug_line</name>
         <load_address>0x1e4f</load_address>
         <run_address>0x1e4f</run_address>
         <size>0x3b</size>
         <input_file_ref idref="fl-3d"/>
      </object_component>
      <object_component id="oc-df">
         <name>.debug_line</name>
         <load_address>0x1e8a</load_address>
         <run_address>0x1e8a</run_address>
         <size>0x45</size>
         <input_file_ref idref="fl-3e"/>
      </object_component>
      <object_component id="oc-e4">
         <name>.debug_line</name>
         <load_address>0x1ecf</load_address>
         <run_address>0x1ecf</run_address>
         <size>0x37</size>
         <input_file_ref idref="fl-3f"/>
      </object_component>
      <object_component id="oc-e9">
         <name>.debug_line</name>
         <load_address>0x1f06</load_address>
         <run_address>0x1f06</run_address>
         <size>0x36</size>
         <input_file_ref idref="fl-40"/>
      </object_component>
      <object_component id="oc-ee">
         <name>.debug_line</name>
         <load_address>0x1f3c</load_address>
         <run_address>0x1f3c</run_address>
         <size>0x31</size>
         <input_file_ref idref="fl-41"/>
      </object_component>
      <object_component id="oc-f3">
         <name>.debug_line</name>
         <load_address>0x1f6d</load_address>
         <run_address>0x1f6d</run_address>
         <size>0x64</size>
         <input_file_ref idref="fl-42"/>
      </object_component>
      <object_component id="oc-f8">
         <name>.debug_line</name>
         <load_address>0x1fd1</load_address>
         <run_address>0x1fd1</run_address>
         <size>0x3d</size>
         <input_file_ref idref="fl-43"/>
      </object_component>
      <object_component id="oc-fd">
         <name>.debug_line</name>
         <load_address>0x200e</load_address>
         <run_address>0x200e</run_address>
         <size>0x3b</size>
         <input_file_ref idref="fl-44"/>
      </object_component>
      <object_component id="oc-101">
         <name>.debug_line</name>
         <load_address>0x2049</load_address>
         <run_address>0x2049</run_address>
         <size>0x2a</size>
         <input_file_ref idref="fl-45"/>
      </object_component>
      <object_component id="oc-105">
         <name>.debug_line</name>
         <load_address>0x2073</load_address>
         <run_address>0x2073</run_address>
         <size>0x2a</size>
         <input_file_ref idref="fl-46"/>
      </object_component>
      <object_component id="oc-10a">
         <name>.debug_line</name>
         <load_address>0x209d</load_address>
         <run_address>0x209d</run_address>
         <size>0x45</size>
         <input_file_ref idref="fl-47"/>
      </object_component>
      <object_component id="oc-10f">
         <name>.debug_line</name>
         <load_address>0x20e2</load_address>
         <run_address>0x20e2</run_address>
         <size>0x7a</size>
         <input_file_ref idref="fl-48"/>
      </object_component>
      <object_component id="oc-114">
         <name>.debug_line</name>
         <load_address>0x215c</load_address>
         <run_address>0x215c</run_address>
         <size>0x2b</size>
         <input_file_ref idref="fl-49"/>
      </object_component>
      <object_component id="oc-119">
         <name>.debug_line</name>
         <load_address>0x2187</load_address>
         <run_address>0x2187</run_address>
         <size>0x44</size>
         <input_file_ref idref="fl-4a"/>
      </object_component>
      <object_component id="oc-11e">
         <name>.debug_line</name>
         <load_address>0x21cb</load_address>
         <run_address>0x21cb</run_address>
         <size>0x47</size>
         <input_file_ref idref="fl-4b"/>
      </object_component>
      <object_component id="oc-123">
         <name>.debug_line</name>
         <load_address>0x2212</load_address>
         <run_address>0x2212</run_address>
         <size>0x3e</size>
         <input_file_ref idref="fl-4c"/>
      </object_component>
      <object_component id="oc-128">
         <name>.debug_line</name>
         <load_address>0x2250</load_address>
         <run_address>0x2250</run_address>
         <size>0x74</size>
         <input_file_ref idref="fl-4d"/>
      </object_component>
      <object_component id="oc-12d">
         <name>.debug_line</name>
         <load_address>0x22c4</load_address>
         <run_address>0x22c4</run_address>
         <size>0x78</size>
         <input_file_ref idref="fl-4e"/>
      </object_component>
      <object_component id="oc-132">
         <name>.debug_line</name>
         <load_address>0x233c</load_address>
         <run_address>0x233c</run_address>
         <size>0x55</size>
         <input_file_ref idref="fl-4f"/>
      </object_component>
      <object_component id="oc-138">
         <name>.debug_line</name>
         <load_address>0x2391</load_address>
         <run_address>0x2391</run_address>
         <size>0x38</size>
         <input_file_ref idref="fl-50"/>
      </object_component>
      <object_component id="oc-13d">
         <name>.debug_line</name>
         <load_address>0x23c9</load_address>
         <run_address>0x23c9</run_address>
         <size>0x2c</size>
         <input_file_ref idref="fl-51"/>
      </object_component>
      <object_component id="oc-142">
         <name>.debug_line</name>
         <load_address>0x23f5</load_address>
         <run_address>0x23f5</run_address>
         <size>0x69</size>
         <input_file_ref idref="fl-52"/>
      </object_component>
      <object_component id="oc-85">
         <name>.debug_abbrev</name>
         <load_address>0x0</load_address>
         <run_address>0x0</run_address>
         <size>0x1f0</size>
         <input_file_ref idref="fl-2"/>
      </object_component>
      <object_component id="oc-8c">
         <name>.debug_abbrev</name>
         <load_address>0x1f0</load_address>
         <run_address>0x1f0</run_address>
         <size>0x149</size>
         <input_file_ref idref="fl-3"/>
      </object_component>
      <object_component id="oc-92">
         <name>.debug_abbrev</name>
         <load_address>0x339</load_address>
         <run_address>0x339</run_address>
         <size>0x153</size>
         <input_file_ref idref="fl-4"/>
      </object_component>
      <object_component id="oc-95">
         <name>.debug_abbrev</name>
         <load_address>0x48c</load_address>
         <run_address>0x48c</run_address>
         <size>0x21</size>
         <input_file_ref idref="fl-5"/>
      </object_component>
      <object_component id="oc-9a">
         <name>.debug_abbrev</name>
         <load_address>0x4ad</load_address>
         <run_address>0x4ad</run_address>
         <size>0x201</size>
         <input_file_ref idref="fl-6"/>
      </object_component>
      <object_component id="oc-a0">
         <name>.debug_abbrev</name>
         <load_address>0x6ae</load_address>
         <run_address>0x6ae</run_address>
         <size>0x13e</size>
         <input_file_ref idref="fl-7"/>
      </object_component>
      <object_component id="oc-a6">
         <name>.debug_abbrev</name>
         <load_address>0x7ec</load_address>
         <run_address>0x7ec</run_address>
         <size>0x100</size>
         <input_file_ref idref="fl-8"/>
      </object_component>
      <object_component id="oc-ac">
         <name>.debug_abbrev</name>
         <load_address>0x8ec</load_address>
         <run_address>0x8ec</run_address>
         <size>0x1e9</size>
         <input_file_ref idref="fl-9"/>
      </object_component>
      <object_component id="oc-b2">
         <name>.debug_abbrev</name>
         <load_address>0xad5</load_address>
         <run_address>0xad5</run_address>
         <size>0x1a3</size>
         <input_file_ref idref="fl-a"/>
      </object_component>
      <object_component id="oc-b7">
         <name>.debug_abbrev</name>
         <load_address>0xc78</load_address>
         <run_address>0xc78</run_address>
         <size>0x121</size>
         <input_file_ref idref="fl-b"/>
      </object_component>
      <object_component id="oc-bf">
         <name>.debug_abbrev</name>
         <load_address>0xd99</load_address>
         <run_address>0xd99</run_address>
         <size>0x1ee</size>
         <input_file_ref idref="fl-c"/>
      </object_component>
      <object_component id="oc-c5">
         <name>.debug_abbrev</name>
         <load_address>0xf87</load_address>
         <run_address>0xf87</run_address>
         <size>0x22e</size>
         <input_file_ref idref="fl-d"/>
      </object_component>
      <object_component id="oc-ca">
         <name>.debug_abbrev</name>
         <load_address>0x11b5</load_address>
         <run_address>0x11b5</run_address>
         <size>0xdf</size>
         <input_file_ref idref="fl-e"/>
      </object_component>
      <object_component id="oc-d3">
         <name>.debug_abbrev</name>
         <load_address>0x1294</load_address>
         <run_address>0x1294</run_address>
         <size>0x236</size>
         <input_file_ref idref="fl-f"/>
      </object_component>
      <object_component id="oc-d8">
         <name>.debug_abbrev</name>
         <load_address>0x14ca</load_address>
         <run_address>0x14ca</run_address>
         <size>0x37</size>
         <input_file_ref idref="fl-3d"/>
      </object_component>
      <object_component id="oc-e0">
         <name>.debug_abbrev</name>
         <load_address>0x1501</load_address>
         <run_address>0x1501</run_address>
         <size>0x118</size>
         <input_file_ref idref="fl-3e"/>
      </object_component>
      <object_component id="oc-e5">
         <name>.debug_abbrev</name>
         <load_address>0x1619</load_address>
         <run_address>0x1619</run_address>
         <size>0xbb</size>
         <input_file_ref idref="fl-3f"/>
      </object_component>
      <object_component id="oc-ea">
[...]
         <value>0x8c92</value>
         <object_component_ref idref="oc-18e"/>
      </symbol>
      <symbol id="sm-54c">
         <name>_sl_HandleAsync_Select</name>
         <value>0x81ce</value>
         <object_component_ref idref="oc-1b5"/>
      </symbol>
      <symbol id="sm-54d">
         <name>_SlSockSocketCmdCtrl</name>
         <value>0x49fc</value>
         <object_component_ref idref="oc-97"/>
      </symbol>
      <symbol id="sm-54e">
         <name>_SlRecvfomCmdCtrl</name>
         <value>0x4a04</value>
         <object_component_ref idref="oc-97"/>
      </symbol>
      <symbol id="sm-54f">
         <name>_SlSetSockOptCmdCtrl</name>
         <value>0x4a18</value>
         <object_component_ref idref="oc-97"/>
      </symbol>
      <symbol id="sm-550">
         <name>_SlAcceptCmdCtrl</name>
         <value>0x4a10</value>
         <object_component_ref idref="oc-97"/>
      </symbol>
      <symbol id="sm-551">
         <name>_SlListenCmdCtrl</name>
         <value>0x4a0c</value>
         <object_component_ref idref="oc-97"/>
      </symbol>
      <symbol id="sm-552">
         <name>_SlRecvCmdCtrl</name>
         <value>0x4a14</value>
         <object_component_ref idref="oc-97"/>
      </symbol>
      <symbol id="sm-553">
         <name>_SlGetSockOptCmdCtrl</name>
         <value>0x4a1c</value>
         <object_component_ref idref="oc-97"/>
      </symbol>
      <symbol id="sm-554">
         <name>_sl_TruncatePayloadByProtocol</name>
         <value>0x7ac4</value>
         <object_component_ref idref="oc-19b"/>
      </symbol>
      <symbol id="sm-555">
         <name>sl_Close</name>
         <value>0x92ac</value>
         <object_component_ref idref="oc-17b"/>
      </symbol>
      <symbol id="sm-556">
         <name>_sl_HandleAsync_Accept</name>
         <value>0x808e</value>
         <object_component_ref idref="oc-1b3"/>
      </symbol>
      <symbol id="sm-577">
         <name>_SlNonOsSemSet</name>
         <value>0x941e</value>
         <object_component_ref idref="oc-16f"/>
      </symbol>
      <symbol id="sm-578">
         <name>_SlNonOsSpawn</name>
         <value>0x8ade</value>
         <object_component_ref idref="oc-189"/>
      </symbol>
      <symbol id="sm-579">
         <name>_SlNonOsSemGet</name>
         <value>0x8ce4</value>
         <object_component_ref idref="oc-16e"/>
      </symbol>
      <symbol id="sm-57a">
         <name>_SlNonOsMainLoopTask</name>
         <value>0x8a24</value>
         <object_component_ref idref="oc-15f"/>
      </symbol>
      <symbol id="sm-57b">
         <name>g__SlNonOsCB</name>
         <value>0x2b76</value>
         <object_component_ref idref="oc-9c"/>
      </symbol>
      <symbol id="sm-58b">
         <name>_SlNetCfgSetCmdCtrl</name>
         <value>0x4ace</value>
         <object_component_ref idref="oc-a3"/>
      </symbol>
      <symbol id="sm-58c">
         <name>_SlNetCfgGetCmdCtrl</name>
         <value>0x4ad2</value>
         <object_component_ref idref="oc-a3"/>
      </symbol>
      <symbol id="sm-58d">
         <name>sl_NetCfgSet</name>
         <value>0x8522</value>
         <object_component_ref idref="oc-166"/>
      </symbol>
      <symbol id="sm-5e0">
         <name>sl_NetAppMDNSUnRegisterService</name>
         <value>0x8e64</value>
         <object_component_ref idref="oc-168"/>
      </symbol>
      <symbol id="sm-5e1">
         <name>_SlNetAppSendTokenValueCmdCtrl</name>
         <value>0x4a76</value>
         <object_component_ref idref="oc-a9"/>
      </symbol>
      <symbol id="sm-5e2">
         <name>_SlGetServiceListeCtrl</name>
         <value>0x4a62</value>
         <object_component_ref idref="oc-a9"/>
      </symbol>
      <symbol id="sm-5e3">
         <name>_SlNetAppStopCtrl</name>
         <value>0x4a5e</value>
         <object_component_ref idref="oc-a9"/>
      </symbol>
      <symbol id="sm-5e4">
         <name>_SlNetAppSetCmdCtrl</name>
         <value>0x4a72</value>
         <object_component_ref idref="oc-a9"/>
      </symbol>
      <symbol id="sm-5e5">
         <name>_SlNetAppGetCmdCtrl</name>
         <value>0x4a7a</value>
         <object_component_ref idref="oc-a9"/>
      </symbol>
      <symbol id="sm-5e6">
         <name>sl_NetAppDnsGetHostByName</name>
         <value>0x6aba</value>
         <object_component_ref idref="oc-18b"/>
      </symbol>
      <symbol id="sm-5e7">
         <name>_sl_HandleAsync_DnsGetHostByName</name>
         <value>0x7b88</value>
         <object_component_ref idref="oc-1af"/>
      </symbol>
      <symbol id="sm-5e8">
         <name>_SlRegisterServiceCtrl</name>
         <value>0x4a66</value>
         <object_component_ref idref="oc-a9"/>
      </symbol>
      <symbol id="sm-5e9">
         <name>_sl_HandleAsync_PingResponse</name>
         <value>0x7d0a</value>
         <object_component_ref idref="oc-1a3"/>
      </symbol>
      <symbol id="sm-5ea">
         <name>_SlNetAppStartCtrl</name>
         <value>0x4a5a</value>
         <object_component_ref idref="oc-a9"/>
      </symbol>
      <symbol id="sm-5eb">
         <name>_SlDrvNetAppEventHandler</name>
         <value>0x6f8a</value>
         <object_component_ref idref="oc-1a8"/>
      </symbol>
      <symbol id="sm-5ec">
         <name>_sl_HandleAsync_DnsGetHostByService</name>
         <value>0x75a8</value>
         <object_component_ref idref="oc-1b0"/>
      </symbol>
      <symbol id="sm-5ed">
         <name>sl_NetAppSendTokenValue</name>
         <value>0x88f8</value>
         <object_component_ref idref="oc-1b2"/>
      </symbol>
      <symbol id="sm-5ee">
         <name>CopyPingResultsToReport</name>
         <value>0x89c2</value>
         <object_component_ref idref="oc-1ab"/>
      </symbol>
      <symbol id="sm-5ef">
         <name>_SlGetHostByNameCtrl</name>
         <value>0x4a6e</value>
         <object_component_ref idref="oc-a9"/>
      </symbol>
      <symbol id="sm-5f0">
         <name>_SlGetHostByServiceCtrl</name>
         <value>0x4a6a</value>
         <object_component_ref idref="oc-a9"/>
      </symbol>
      <symbol id="sm-5f1">
         <name>sl_NetAppMDNSRegisterUnregisterService</name>
         <value>0x768c</value>
         <object_component_ref idref="oc-183"/>
      </symbol>
      <symbol id="sm-5fe">
         <name>_SlFsCloseCmdCtrl</name>
         <value>0x4a86</value>
         <object_component_ref idref="oc-af"/>
      </symbol>
      <symbol id="sm-5ff">
         <name>_SlFsGetInfoCmdCtrl</name>
         <value>0x4a92</value>
         <object_component_ref idref="oc-af"/>
      </symbol>
      <symbol id="sm-600">
         <name>_SlFsReadCmdCtrl</name>
         <value>0x4a8a</value>
         <object_component_ref idref="oc-af"/>
      </symbol>
      <symbol id="sm-601">
         <name>_SlFsDeleteCmdCtrl</name>
         <value>0x4a96</value>
         <object_component_ref idref="oc-af"/>
      </symbol>
      <symbol id="sm-602">
         <name>_SlFsOpenCmdCtrl</name>
         <value>0x4a82</value>
         <object_component_ref idref="oc-af"/>
      </symbol>
      <symbol id="sm-603">
         <name>_SlFsWriteCmdCtrl</name>
         <value>0x4a8e</value>
         <object_component_ref idref="oc-af"/>
      </symbol>
      <symbol id="sm-619">
         <name>_SlDrvFlowContDeinit</name>
         <value>0x9006</value>
         <object_component_ref idref="oc-196"/>
      </symbol>
      <symbol id="sm-61a">
         <name>_SlDrvFlowContInit</name>
         <value>0x8ef2</value>
         <object_component_ref idref="oc-185"/>
      </symbol>
      <symbol id="sm-797">
         <name>_SlDrvBasicCmd</name>
         <value>0x8eac</value>
         <object_component_ref idref="oc-182"/>
      </symbol>
      <symbol id="sm-798">
         <name>_SlDrvRxHdrRead</name>
         <value>0x5fd6</value>
         <object_component_ref idref="oc-19f"/>
      </symbol>
      <symbol id="sm-799">
         <name>_SlDrvMsgReadSpawnCtx</name>
         <value>0x7842</value>
         <object_component_ref idref="oc-188"/>
      </symbol>
      <symbol id="sm-79a">
         <name>_SlRemoveFromList</name>
         <value>0x838a</value>
         <object_component_ref idref="oc-18a"/>
      </symbol>
      <symbol id="sm-79b">
         <name>_SlAsyncEventGenericHandler</name>
         <value>0x4af8</value>
         <object_component_ref idref="oc-199"/>
      </symbol>
      <symbol id="sm-79c">
         <name>_SlDrvDriverCBDeinit</name>
         <value>0x8136</value>
         <object_component_ref idref="oc-181"/>
      </symbol>
      <symbol id="sm-79d">
         <name>_SlDrvShiftDWord</name>
         <value>0x9176</value>
         <object_component_ref idref="oc-1a4"/>
      </symbol>
      <symbol id="sm-79e">
         <name>_SlDrvReleasePoolObj</name>
         <value>0x6608</value>
         <object_component_ref idref="oc-174"/>
      </symbol>
      <symbol id="sm-79f">
         <name>pPingCallBackFunc</name>
         <value>0x2b74</value>
         <object_component_ref idref="oc-b9"/>
      </symbol>
      <symbol id="sm-7a0">
         <name>_SlDrvDriverCBInit</name>
         <value>0x74c4</value>
         <object_component_ref idref="oc-16b"/>
      </symbol>
      <symbol id="sm-7a1">
         <name>g_pCB</name>
         <value>0x2b72</value>
         <object_component_ref idref="oc-b9"/>
      </symbol>
      <symbol id="sm-7a2">
         <name>_SlDrvClassifyRxMsg</name>
         <value>0x791c</value>
         <object_component_ref idref="oc-1a0"/>
      </symbol>
      <symbol id="sm-7a3">
         <name>_SlDrvCmdOp</name>
         <value>0x82fa</value>
         <object_component_ref idref="oc-17f"/>
      </symbol>
      <symbol id="sm-7a4">
         <name>_SlDrvMsgReadCmdCtx</name>
         <value>0x7768</value>
         <object_component_ref idref="oc-194"/>
      </symbol>
      <symbol id="sm-7a5">
         <name>_SlDrvObjDeInit</name>
         <value>0x93b8</value>
         <object_component_ref idref="oc-197"/>
      </symbol>
      <symbol id="sm-7a6">
         <name>g_StatMem</name>
         <value>0x2a4a</value>
         <object_component_ref idref="oc-b9"/>
      </symbol>
      <symbol id="sm-7a7">
         <name>_SlFindAndSetActiveObj</name>
         <value>0x70ae</value>
         <object_component_ref idref="oc-1a2"/>
      </symbol>
      <symbol id="sm-7a8">
         <name>_SlDrvWaitForPoolObj</name>
         <value>0x6202</value>
         <object_component_ref idref="oc-16d"/>
      </symbol>
      <symbol id="sm-7a9">
         <name>g_H2NCnysPattern</name>
         <value>0x4ac2</value>
         <object_component_ref idref="oc-bc"/>
      </symbol>
      <symbol id="sm-7aa">
         <name>_SlDrvMsgWrite</name>
         <value>0x67cc</value>
         <object_component_ref idref="oc-193"/>
      </symbol>
      <symbol id="sm-7ab">
         <name>_SlDrvDataReadOp</name>
         <value>0x5b68</value>
         <object_component_ref idref="oc-19d"/>
      </symbol>
      <symbol id="sm-7ac">
         <name>_SlDrvDataWriteOp</name>
         <value>0x6414</value>
         <object_component_ref idref="oc-19c"/>
      </symbol>
      <symbol id="sm-7ad">
         <name>_SlDrvRxIrqHandler</name>
         <value>0x8f38</value>
         <object_component_ref idref="oc-171"/>
      </symbol>
      <symbol id="sm-7ae">
         <name>_SlDrvMsgRead</name>
         <value>0x50ae</value>
         <object_component_ref idref="oc-198"/>
      </symbol>
      <symbol id="sm-7af">
         <name>g_H2NSyncPattern</name>
         <value>0x4aba</value>
         <object_component_ref idref="oc-bc"/>
      </symbol>
      <symbol id="sm-7b0">
         <name>_SlDrvObjInit</name>
         <value>0x87c4</value>
         <object_component_ref idref="oc-184"/>
      </symbol>
      <symbol id="sm-7b1">
         <name>_SlDrvCmdSend</name>
         <value>0x9086</value>
         <object_component_ref idref="oc-1b6"/>
      </symbol>
      <symbol id="sm-7b2">
         <name>_SlActionLookupTable</name>
         <value>0x4a30</value>
         <object_component_ref idref="oc-1aa"/>
      </symbol>
      <symbol id="sm-810">
         <name>_SlStopCmdCtrl</name>
         <value>0x4aa6</value>
         <object_component_ref idref="oc-c2"/>
      </symbol>
      <symbol id="sm-811">
         <name>_sl_HandleAsync_InitComplete</name>
         <value>0x79f4</value>
         <object_component_ref idref="oc-1ac"/>
      </symbol>
      <symbol id="sm-812">
         <name>_SlDeviceSetCmdCtrl</name>
         <value>0x4ab6</value>
         <object_component_ref idref="oc-c2"/>
      </symbol>
      <symbol id="sm-813">
         <name>_SlDeviceGetCmdCtrl</name>
         <value>0x4ab2</value>
         <object_component_ref idref="oc-c2"/>
      </symbol>
      <symbol id="sm-814">
         <name>_sl_GetStartResponseConvert</name>
         <value>0x841a</value>
         <object_component_ref idref="oc-175"/>
      </symbol>
      <symbol id="sm-815">
         <name>_SlDrvDeviceEventHandler</name>
         <value>0x882c</value>
         <object_component_ref idref="oc-1a5"/>
      </symbol>
      <symbol id="sm-816">
         <name>_sl_HandleAsync_Stop</name>
         <value>0x8264</value>
         <object_component_ref idref="oc-1ad"/>
      </symbol>
      <symbol id="sm-817">
         <name>sl_Stop</name>
         <value>0x6e64</value>
         <object_component_ref idref="oc-161"/>
      </symbol>
      <symbol id="sm-818">
         <name>_SlEventMaskSetCmdCtrl</name>
         <value>0x4aaa</value>
         <object_component_ref idref="oc-c2"/>
      </symbol>
      <symbol id="sm-819">
         <name>_SlEventMaskGetCmdCtrl</name>
         <value>0x4aae</value>
         <object_component_ref idref="oc-c2"/>
      </symbol>
      <symbol id="sm-81a">
         <name>sl_Start</name>
         <value>0x6d38</value>
         <object_component_ref idref="oc-157"/>
      </symbol>
      <symbol id="sm-81b">
         <name>sl_DevGet</name>
         <value>0x7dca</value>
         <object_component_ref idref="oc-162"/>
      </symbol>
      <symbol id="sm-833">
         <name>spi_Read</name>
         <value>0x8be6</value>
         <object_component_ref idref="oc-1a1"/>
      </symbol>
      <symbol id="sm-834">
         <name>spi_Close</name>
         <value>0x9494</value>
         <object_component_ref idref="oc-180"/>
      </symbol>
      <symbol id="sm-835">
         <name>spi_Write</name>
         <value>0x8d34</value>
         <object_component_ref idref="oc-19e"/>
      </symbol>
      <symbol id="sm-836">
         <name>spi_Open</name>
         <value>0x84a4</value>
         <object_component_ref idref="oc-16c"/>
      </symbol>
      <symbol id="sm-8f3">
         <name>g_Status</name>
         <value>0x2400</value>
         <object_component_ref idref="oc-cc"/>
      </symbol>
      <symbol id="sm-8f4">
         <name>main</name>
         <value>0x71d2</value>
         <object_component_ref idref="oc-14c"/>
      </symbol>
      <symbol id="sm-8f5">
         <name>SimpleLinkNetAppEventHandler</name>
         <value>0x927e</value>
         <object_component_ref idref="oc-1a9"/>
      </symbol>
      <symbol id="sm-8f6">
         <name>SimpleLinkSockEventHandler</name>
         <value>0x8e1c</value>
         <object_component_ref idref="oc-1a7"/>
      </symbol>
      <symbol id="sm-8f7">
         <name>appData</name>
         <value>0x2404</value>
         <object_component_ref idref="oc-cc"/>
      </symbol>
      <symbol id="sm-8f8">
         <name>SimpleLinkHttpServerCallback</name>
         <value>0x9408</value>
         <object_component_ref idref="oc-1b1"/>
      </symbol>
      <symbol id="sm-8f9">
         <name>SimpleLinkGeneralEventHandler</name>
         <value>0x9470</value>
         <object_component_ref idref="oc-1ae"/>
      </symbol>
      <symbol id="sm-8fa">
         <name>SimpleLinkWlanEventHandler</name>
         <value>0x859c</value>
         <object_component_ref idref="oc-1a6"/>
      </symbol>
      <symbol id="sm-907">
         <name>I_ASR</name>
         <value>0x94cc</value>
         <object_component_ref idref="oc-d5"/>
      </symbol>
      <symbol id="sm-91a">
         <name>_c_int00_noexit</name>
         <value>0x9330</value>
         <object_component_ref idref="oc-72"/>
      </symbol>
      <symbol id="sm-91b">
         <name>_c_int00</name>
         <value>0x9330</value>
         <object_component_ref idref="oc-72"/>
      </symbol>
      <symbol id="sm-91c">
         <name>_stack</name>
         <value>0x420c</value>
         <object_component_ref idref="oc-dc"/>
      </symbol>
      <symbol id="sm-91d">
         <name>__TI_dtors_ptr</name>
         <value>0x2b94</value>
         <object_component_ref idref="oc-da"/>
      </symbol>
      <symbol id="sm-91e">
         <name>__TI_cleanup_ptr</name>
         <value>0x2b92</value>
         <object_component_ref idref="oc-da"/>
      </symbol>
      <symbol id="sm-91f">
         <name>_reset_vector</name>
         <value>0xfffe</value>
         <object_component_ref idref="oc-dd"/>
      </symbol>
      <symbol id="sm-94c">
         <name>__divul</name>
         <value>0x8b36</value>
         <object_component_ref idref="oc-f1"/>
      </symbol>
      <symbol id="sm-94d">
         <name>__remul</name>
         <value>0x8b36</value>
         <object_component_ref idref="oc-f1"/>
      </symbol>
      <symbol id="sm-95a">
         <name>C$$EXIT</name>
         <value>0x9510</value>
         <object_component_ref idref="oc-14d"/>
      </symbol>
      <symbol id="sm-95b">
         <name>abort</name>
         <value>0x9510</value>
         <object_component_ref idref="oc-14d"/>
      </symbol>
      <symbol id="sm-95c">
         <name>__TI_exit</name>
         <value>0x1</value>
      </symbol>
      <symbol id="sm-969">
         <name>I_LSL</name>
         <value>0x94d6</value>
         <object_component_ref idref="oc-fb"/>
      </symbol>
      <symbol id="sm-989">
         <name>memcpy</name>
         <value>0x9482</value>
         <object_component_ref idref="oc-14f"/>
      </symbol>
      <symbol id="sm-997">
         <name>memset</name>
         <value>0x9434</value>
         <object_component_ref idref="oc-15b"/>
      </symbol>
      <symbol id="sm-9ac">
         <name>__mpyi_f5hw</name>
         <value>0x945c</value>
         <object_component_ref idref="oc-117"/>
      </symbol>
      <symbol id="sm-9b8">
         <name>__mpyl_f5hw</name>
         <value>0x9398</value>
         <object_component_ref idref="oc-11c"/>
      </symbol>
      <symbol id="sm-9c4">
         <name>_system_pre_init</name>
         <value>0x950c</value>
         <object_component_ref idref="oc-14a"/>
      </symbol>
      <symbol id="sm-9d1">
         <name>strcpy</name>
         <value>0x94a4</value>
         <object_component_ref idref="oc-177"/>
      </symbol>
      <symbol id="sm-9de">
         <name>strlen</name>
         <value>0x94b4</value>
         <object_component_ref idref="oc-16a"/>
      </symbol>
      <symbol id="sm-9f1">
         <name>strstr</name>
         <value>0x91b0</value>
         <object_component_ref idref="oc-192"/>
      </symbol>
      <symbol id="sm-9ff">
         <name>_nop</name>
         <value>0x9514</value>
         <object_component_ref idref="oc-149"/>
      </symbol>
      <symbol id="sm-a00">
         <name>_lock</name>
         <value>0x2b8e</value>
         <object_component_ref idref="oc-135"/>
      </symbol>
      <symbol id="sm-a01">
         <name>_unlock</name>
         <value>0x2b90</value>
         <object_component_ref idref="oc-135"/>
      </symbol>
      <symbol id="sm-a0b">
         <name>__TI_args_main</name>
         <value>0x1</value>
      </symbol>
      <symbol id="sm-a1d">
         <name>__TI_auto_init</name>
         <value>0x1</value>
      </symbol>
      <symbol id="sm-a1e">
         <name>_auto_init_hold_wdt</name>
         <value>0x8a82</value>
         <object_component_ref idref="oc-14b"/>
      </symbol>
   </symbol_table>
   <title>Link successful</title>
</link_info>
