<?xml version="1.0"?>
<link_info>
   <banner>TI ARM Linker PC v5.1.5</banner>
   <copyright>Copyright (c) 1996-2014 Texas Instruments Incorporated</copyright>
   <link_time>0x53bfbe19</link_time>
   <link_errors>0x0</link_errors>
   <output_file>getting_started_wih_wlan_ap.out</output_file>
   <entry_point>
      <name>_c_int00</name>
      <address>0x6335</address>
   </entry_point>
   <input_file_list>
      <input_file id="fl-2">
         <path>.\board\</path>
         <kind>object</kind>
         <file>board.obj</file>
         <name>board.obj</name>
      </input_file>
      <input_file id="fl-3">
         <path>.\cli_uart\</path>
         <kind>object</kind>
         <file>cli_uart.obj</file>
         <name>cli_uart.obj</name>
      </input_file>
      <input_file id="fl-4">
         <path>.\simplelink\source\</path>
         <kind>object</kind>
         <file>wlan.obj</file>
         <name>wlan.obj</name>
      </input_file>
      <input_file id="fl-5">
         <path>.\simplelink\source\</path>
         <kind>object</kind>
         <file>spawn.obj</file>
         <name>spawn.obj</name>
      </input_file>
      <input_file id="fl-6">
         <path>.\simplelink\source\</path>
         <kind>object</kind>
         <file>socket.obj</file>
         <name>socket.obj</name>
      </input_file>
      <input_file id="fl-7">
         <path>.\simplelink\source\</path>
         <kind>object</kind>
         <file>nonos.obj</file>
         <name>nonos.obj</name>
      </input_file>
      <input_file id="fl-8">
         <path>.\simplelink\source\</path>
         <kind>object</kind>
         <file>netcfg.obj</file>
         <name>netcfg.obj</name>
      </input_file>
      <input_file id="fl-9">
         <path>.\simplelink\source\</path>
         <kind>object</kind>
         <file>netapp.obj</file>
         <name>netapp.obj</name>
      </input_file>
      <input_file id="fl-a">
         <path>.\simplelink\source\</path>
         <kind>object</kind>
         <file>fs.obj</file>
         <name>fs.obj</name>
      </input_file>
      <input_file id="fl-b">
         <path>.\simplelink\source\</path>
         <kind>object</kind>
         <file>flowcont.obj</file>
         <name>flowcont.obj</name>
      </input_file>
      <input_file id="fl-c">
         <path>.\simplelink\source\</path>
         <kind>object</kind>
         <file>driver.obj</file>
         <name>driver.obj</name>
      </input_file>
      <input_file id="fl-d">
         <path>.\simplelink\source\</path>
         <kind>object</kind>
         <file>device.obj</file>
         <name>device.obj</name>
      </input_file>
      <input_file id="fl-e">
         <path>.\spi\</path>
         <kind>object</kind>
         <file>spi.obj</file>
         <name>spi.obj</name>
      </input_file>
      <input_file id="fl-f">
         <path>.\uart\</path>
         <kind>object</kind>
         <file>uart.obj</file>
         <name>uart.obj</name>
      </input_file>
      <input_file id="fl-10">
         <path>.\</path>
         <kind>object</kind>
         <file>tm4c123gh6pm_startup_ccs.obj</file>
         <name>tm4c123gh6pm_startup_ccs.obj</name>
      </input_file>
      <input_file id="fl-11">
         <path>.\</path>
         <kind>object</kind>
         <file>main.obj</file>
         <name>main.obj</name>
      </input_file>
      <input_file id="fl-13f">
         <path>C:\ti\CCS\ccsv6\tools\compiler\arm_5.1.5\lib\</path>
         <kind>archive</kind>
         <file>rtsv7M4_T_le_v4SPD16_eabi.lib</file>
         <name>boot.obj</name>
      </input_file>
      <input_file id="fl-140">
         <path>C:\ti\CCS\ccsv6\tools\compiler\arm_5.1.5\lib\</path>
         <kind>archive</kind>
         <file>rtsv7M4_T_le_v4SPD16_eabi.lib</file>
         <name>copy_decompress_none.obj</name>
      </input_file>
      <input_file id="fl-141">
         <path>C:\ti\CCS\ccsv6\tools\compiler\arm_5.1.5\lib\</path>
         <kind>archive</kind>
         <file>rtsv7M4_T_le_v4SPD16_eabi.lib</file>
         <name>copy_decompress_rle.obj</name>
      </input_file>
      <input_file id="fl-142">
         <path>C:\ti\CCS\ccsv6\tools\compiler\arm_5.1.5\lib\</path>
         <kind>archive</kind>
         <file>rtsv7M4_T_le_v4SPD16_eabi.lib</file>
         <name>copy_zero_init.obj</name>
      </input_file>
      <input_file id="fl-143">
         <path>C:\ti\CCS\ccsv6\tools\compiler\arm_5.1.5\lib\</path>
         <kind>archive</kind>
         <file>rtsv7M4_T_le_v4SPD16_eabi.lib</file>
         <name>exit.obj</name>
      </input_file>
      <input_file id="fl-144">
         <path>C:\ti\CCS\ccsv6\tools\compiler\arm_5.1.5\lib\</path>
         <kind>archive</kind>
         <file>rtsv7M4_T_le_v4SPD16_eabi.lib</file>
         <name>memcpy_t2.obj</name>
      </input_file>
      <input_file id="fl-145">
         <path>C:\ti\CCS\ccsv6\tools\compiler\arm_5.1.5\lib\</path>
         <kind>archive</kind>
         <file>rtsv7M4_T_le_v4SPD16_eabi.lib</file>
         <name>memset_t2.obj</name>
      </input_file>
      <input_file id="fl-146">
         <path>C:\ti\CCS\ccsv6\tools\compiler\arm_5.1.5\lib\</path>
         <kind>archive</kind>
         <file>rtsv7M4_T_le_v4SPD16_eabi.lib</file>
         <name>stkdepth_vars.obj</name>
      </input_file>
      <input_file id="fl-147">
         <path>C:\ti\CCS\ccsv6\tools\compiler\arm_5.1.5\lib\</path>
         <kind>archive</kind>
         <file>rtsv7M4_T_le_v4SPD16_eabi.lib</file>
         <name>strlen.obj</name>
      </input_file>
      <input_file id="fl-148">
         <path>C:\ti\CCS\ccsv6\tools\compiler\arm_5.1.5\lib\</path>
         <kind>archive</kind>
         <file>rtsv7M4_T_le_v4SPD16_eabi.lib</file>
         <name>_lock.obj</name>
      </input_file>
      <input_file id="fl-149">
         <path>C:\ti\CCS\ccsv6\tools\compiler\arm_5.1.5\lib\</path>
         <kind>archive</kind>
         <file>rtsv7M4_T_le_v4SPD16_eabi.lib</file>
         <name>args_main.obj</name>
      </input_file>
      <input_file id="fl-14a">
         <path>C:\ti\CCS\ccsv6\tools\compiler\arm_5.1.5\lib\</path>
         <kind>archive</kind>
         <file>rtsv7M4_T_le_v4SPD16_eabi.lib</file>
         <name>auto_init.obj</name>
      </input_file>
      <input_file id="fl-14b">
         <path>C:\ti\CCS\ccsv6\tools\compiler\arm_5.1.5\lib\</path>
         <kind>archive</kind>
         <file>rtsv7M4_T_le_v4SPD16_eabi.lib</file>
         <name>cpy_tbl.obj</name>
      </input_file>
      <input_file id="fl-14c">
         <path>C:\ti\TivaWare_C_Series-2.1.0.12573\driverlib\ccs\Debug\</path>
         <kind>archive</kind>
         <file>driverlib.lib</file>
         <name>uart.obj</name>
      </input_file>
      <input_file id="fl-14d">
         <path>C:\ti\TivaWare_C_Series-2.1.0.12573\driverlib\ccs\Debug\</path>
         <kind>archive</kind>
         <file>driverlib.lib</file>
         <name>sysctl.obj</name>
      </input_file>
      <input_file id="fl-14e">
         <path>C:\ti\TivaWare_C_Series-2.1.0.12573\driverlib\ccs\Debug\</path>
         <kind>archive</kind>
         <file>driverlib.lib</file>
         <name>ssi.obj</name>
      </input_file>
      <input_file id="fl-14f">
         <path>C:\ti\TivaWare_C_Series-2.1.0.12573\driverlib\ccs\Debug\</path>
         <kind>archive</kind>
         <file>driverlib.lib</file>
         <name>interrupt.obj</name>
      </input_file>
      <input_file id="fl-150">
         <path>C:\ti\TivaWare_C_Series-2.1.0.12573\driverlib\ccs\Debug\</path>
         <kind>archive</kind>
         <file>driverlib.lib</file>
         <name>gpio.obj</name>
      </input_file>
      <input_file id="fl-151">
         <path>C:\ti\TivaWare_C_Series-2.1.0.12573\driverlib\ccs\Debug\</path>
         <kind>archive</kind>
         <file>driverlib.lib</file>
         <name>fpu.obj</name>
      </input_file>
      <input_file id="fl-152">
         <path>C:\ti\TivaWare_C_Series-2.1.0.12573\driverlib\ccs\Debug\</path>
         <kind>archive</kind>
         <file>driverlib.lib</file>
         <name>cpu.obj</name>
      </input_file>
   </input_file_list>
   <object_component_list>
      <object_component id="oc-e">
         <name>.intvecs</name>
         <load_address>0x0</load_address>
         <run_address>0x0</run_address>
         <size>0x26c</size>
         <input_file_ref idref="fl-10"/>
      </object_component>
      <object_component id="oc-15a">
         <name>.text</name>
         <load_address>0x26c</load_address>
         <run_address>0x26c</run_address>
         <size>0x1ff0</size>
         <input_file_ref idref="fl-c"/>
      </object_component>
      <object_component id="oc-23f">
         <name>.text</name>
         <load_address>0x225c</load_address>
         <run_address>0x225c</run_address>
         <size>0xed4</size>
         <input_file_ref idref="fl-6"/>
      </object_component>
      <object_component id="oc-112">
         <name>.text</name>
         <load_address>0x3130</load_address>
         <run_address>0x3130</run_address>
         <size>0xb44</size>
         <input_file_ref idref="fl-9"/>
      </object_component>
      <object_component id="oc-103">
         <name>.text</name>
         <load_address>0x3c74</load_address>
         <run_address>0x3c74</run_address>
         <size>0xab8</size>
         <input_file_ref idref="fl-4"/>
      </object_component>
      <object_component id="oc-aa">
         <name>.text</name>
         <load_address>0x472c</load_address>
         <run_address>0x472c</run_address>
         <size>0x958</size>
         <input_file_ref idref="fl-11"/>
      </object_component>
      <object_component id="oc-f9">
         <name>.text</name>
         <load_address>0x5084</load_address>
         <run_address>0x5084</run_address>
         <size>0x5b4</size>
         <input_file_ref idref="fl-d"/>
      </object_component>
      <object_component id="oc-15f">
         <name>.text</name>
         <load_address>0x5638</load_address>
         <run_address>0x5638</run_address>
         <size>0x1e8</size>
         <input_file_ref idref="fl-e"/>
      </object_component>
      <object_component id="oc-1ef">
         <name>.text:GPIOPadConfigSet</name>
         <load_address>0x5820</load_address>
         <run_address>0x5820</run_address>
         <size>0x130</size>
         <input_file_ref idref="fl-150"/>
      </object_component>
      <object_component id="oc-fe">
         <name>.text</name>
         <load_address>0x5950</load_address>
         <run_address>0x5950</run_address>
         <size>0x130</size>
         <input_file_ref idref="fl-7"/>
      </object_component>
      <object_component id="oc-1db">
         <name>.text:SysCtlClockGet</name>
         <load_address>0x5a80</load_address>
         <run_address>0x5a80</run_address>
         <size>0x118</size>
         <input_file_ref idref="fl-14d"/>
      </object_component>
      <object_component id="oc-f2">
         <name>.text</name>
         <load_address>0x5b98</load_address>
         <run_address>0x5b98</run_address>
         <size>0x118</size>
         <input_file_ref idref="fl-3"/>
      </object_component>
      <object_component id="oc-10d">
         <name>.text</name>
         <load_address>0x5cb0</load_address>
         <run_address>0x5cb0</run_address>
         <size>0x110</size>
         <input_file_ref idref="fl-8"/>
      </object_component>
      <object_component id="oc-29">
         <name>.text</name>
         <load_address>0x5dc0</load_address>
         <run_address>0x5dc0</run_address>
         <size>0x100</size>
         <input_file_ref idref="fl-2"/>
      </object_component>
      <object_component id="oc-6b">
         <name>.text:SysCtlClockSet</name>
         <load_address>0x5ec0</load_address>
         <run_address>0x5ec0</run_address>
         <size>0xf0</size>
         <input_file_ref idref="fl-14d"/>
      </object_component>
      <object_component id="oc-42">
         <name>.text</name>
         <load_address>0x5fb0</load_address>
         <run_address>0x5fb0</run_address>
         <size>0x9c</size>
         <input_file_ref idref="fl-144"/>
      </object_component>
      <object_component id="oc-31">
         <name>.text</name>
         <load_address>0x604c</load_address>
         <run_address>0x604c</run_address>
         <size>0x94</size>
         <input_file_ref idref="fl-14a"/>
      </object_component>
      <object_component id="oc-1bf">
         <name>.text</name>
         <load_address>0x60e0</load_address>
         <run_address>0x60e0</run_address>
         <size>0x80</size>
         <input_file_ref idref="fl-b"/>
      </object_component>
      <object_component id="oc-119">
         <name>.text</name>
         <load_address>0x6160</load_address>
         <run_address>0x6160</run_address>
         <size>0x78</size>
         <input_file_ref idref="fl-145"/>
      </object_component>
      <object_component id="oc-1f9">
         <name>.text:IntEnable</name>
         <load_address>0x61d8</load_address>
         <run_address>0x61d8</run_address>
         <size>0x60</size>
         <input_file_ref idref="fl-14f"/>
      </object_component>
      <object_component id="oc-54">
         <name>.text</name>
         <load_address>0x6238</load_address>
         <run_address>0x6238</run_address>
         <size>0x5e</size>
         <input_file_ref idref="fl-141"/>
      </object_component>
      <object_component id="oc-1f4">
         <name>.text:GPIOIntTypeSet</name>
         <load_address>0x6296</load_address>
         <run_address>0x6296</run_address>
         <size>0x56</size>
         <input_file_ref idref="fl-150"/>
      </object_component>
      <object_component id="oc-150">
         <name>.text:GPIOPinConfigure</name>
         <load_address>0x62ec</load_address>
         <run_address>0x62ec</run_address>
         <size>0x48</size>
         <input_file_ref idref="fl-150"/>
      </object_component>
      <object_component id="oc-10">
         <name>.text</name>
         <load_address>0x6334</load_address>
         <run_address>0x6334</run_address>
         <size>0x48</size>
         <input_file_ref idref="fl-13f"/>
      </object_component>
      <object_component id="oc-a4">
         <name>.text</name>
         <load_address>0x637c</load_address>
         <run_address>0x637c</run_address>
         <size>0x44</size>
         <input_file_ref idref="fl-14b"/>
      </object_component>
      <object_component id="oc-3a">
         <name>.text</name>
         <load_address>0x63c0</load_address>
         <run_address>0x63c0</run_address>
         <size>0x44</size>
         <input_file_ref idref="fl-143"/>
      </object_component>
      <object_component id="oc-1e0">
         <name>.text:SSIConfigSetExpClk</name>
         <load_address>0x6404</load_address>
         <run_address>0x6404</run_address>
         <size>0x42</size>
         <input_file_ref idref="fl-14e"/>
      </object_component>
      <object_component id="oc-1d1">
         <name>.text:SysCtlPeripheralEnable</name>
         <load_address>0x6448</load_address>
         <run_address>0x6448</run_address>
         <size>0x34</size>
         <input_file_ref idref="fl-14d"/>
      </object_component>
      <object_component id="oc-249">
         <name>.text:GPIODirModeSet</name>
         <load_address>0x647c</load_address>
         <run_address>0x647c</run_address>
         <size>0x2a</size>
         <input_file_ref idref="fl-150"/>
      </object_component>
      <object_component id="oc-35">
         <name>.text</name>
         <load_address>0x64a8</load_address>
         <run_address>0x64a8</run_address>
         <size>0x18</size>
         <input_file_ref idref="fl-149"/>
      </object_component>
      <object_component id="oc-132">
         <name>.text</name>
         <load_address>0x64c0</load_address>
         <run_address>0x64c0</run_address>
         <size>0x14</size>
         <input_file_ref idref="fl-148"/>
      </object_component>
      <object_component id="oc-108">
         <name>.text</name>
         <load_address>0x64d4</load_address>
         <run_address>0x64d4</run_address>
         <size>0x14</size>
         <input_file_ref idref="fl-147"/>
      </object_component>
      <object_component id="oc-1ea">
         <name>.text:GPIOPinTypeGPIOInput</name>
         <load_address>0x64e8</load_address>
         <run_address>0x64e8</run_address>
         <size>0x12</size>
         <input_file_ref idref="fl-150"/>
      </object_component>
      <object_component id="oc-1d6">
         <name>.text:GPIOPinTypeSSI</name>
         <load_address>0x64fa</load_address>
         <run_address>0x64fa</run_address>
         <size>0x12</size>
         <input_file_ref idref="fl-150"/>
      </object_component>
      <object_component id="oc-20d">
         <name>.text:SSIDataGetNonBlocking</name>
         <load_address>0x650c</load_address>
         <run_address>0x650c</run_address>
         <size>0x12</size>
         <input_file_ref idref="fl-14e"/>
      </object_component>
      <object_component id="oc-19">
         <name>.text:decompress:ZI</name>
         <load_address>0x651e</load_address>
         <run_address>0x651e</run_address>
         <size>0x12</size>
         <input_file_ref idref="fl-142"/>
      </object_component>
      <object_component id="oc-61">
         <name>.text:FPUEnable</name>
         <load_address>0x6530</load_address>
         <run_address>0x6530</run_address>
         <size>0x10</size>
         <input_file_ref idref="fl-151"/>
      </object_component>
      <object_component id="oc-66">
         <name>.text:FPULazyStackingEnable</name>
         <load_address>0x6540</load_address>
         <run_address>0x6540</run_address>
         <size>0x10</size>
         <input_file_ref idref="fl-151"/>
      </object_component>
      <object_component id="oc-75">
         <name>.text:GPIOIntDisable</name>
         <load_address>0x6550</load_address>
         <run_address>0x6550</run_address>
         <size>0xe</size>
         <input_file_ref idref="fl-150"/>
      </object_component>
      <object_component id="oc-7a">
         <name>.text:GPIOIntStatus</name>
         <load_address>0x655e</load_address>
         <run_address>0x655e</run_address>
         <size>0xe</size>
         <input_file_ref idref="fl-150"/>
      </object_component>
      <object_component id="oc-208">
         <name>.text:SSIDataPutNonBlocking</name>
         <load_address>0x656c</load_address>
         <run_address>0x656c</run_address>
         <size>0xe</size>
         <input_file_ref idref="fl-14e"/>
      </object_component>
      <object_component id="oc-14">
         <name>.text:decompress:none</name>
         <load_address>0x657a</load_address>
         <run_address>0x657a</run_address>
         <size>0xe</size>
         <input_file_ref idref="fl-140"/>
      </object_component>
      <object_component id="oc-25c">
         <name>.text:CPUcpsie</name>
         <load_address>0x6588</load_address>
         <run_address>0x6588</run_address>
         <size>0xc</size>
         <input_file_ref idref="fl-152"/>
      </object_component>
      <object_component id="oc-70">
         <name>.text:GPIOIntEnable</name>
         <load_address>0x6594</load_address>
         <run_address>0x6594</run_address>
         <size>0xc</size>
         <input_file_ref idref="fl-150"/>
      </object_component>
      <object_component id="oc-24">
         <name>.text</name>
         <load_address>0x65a0</load_address>
         <run_address>0x65a0</run_address>
         <size>0xc</size>
         <input_file_ref idref="fl-10"/>
      </object_component>
      <object_component id="oc-1fe">
         <name>.text:IntMasterEnable</name>
         <load_address>0x65ac</load_address>
         <run_address>0x65ac</run_address>
         <size>0xa</size>
         <input_file_ref idref="fl-14f"/>
      </object_component>
      <object_component id="oc-1e5">
         <name>.text:SSIEnable</name>
         <load_address>0x65b6</load_address>
         <run_address>0x65b6</run_address>
         <size>0xa</size>
         <input_file_ref idref="fl-14e"/>
      </object_component>
      <object_component id="oc-84">
         <name>.text:UARTIntStatus</name>
         <load_address>0x65c0</load_address>
         <run_address>0x65c0</run_address>
         <size>0xa</size>
         <input_file_ref idref="fl-14c"/>
      </object_component>
      <object_component id="oc-7f">
         <name>.text:GPIOIntClear</name>
         <load_address>0x65ca</load_address>
         <run_address>0x65ca</run_address>
         <size>0x6</size>
         <input_file_ref idref="fl-150"/>
      </object_component>
      <object_component id="oc-203">
         <name>.text:GPIOPinWrite</name>
         <load_address>0x65d0</load_address>
         <run_address>0x65d0</run_address>
         <size>0x6</size>
         <input_file_ref idref="fl-150"/>
      </object_component>
      <object_component id="oc-cd">
         <name>.text:SysCtlDelay</name>
         <load_address>0x65d6</load_address>
         <run_address>0x65d6</run_address>
         <size>0x6</size>
         <input_file_ref idref="fl-14d"/>
      </object_component>
      <object_component id="oc-1e">
         <name>.text:decompress:rle24</name>
         <load_address>0x65dc</load_address>
         <run_address>0x65dc</run_address>
         <size>0x6</size>
         <input_file_ref idref="fl-141"/>
      </object_component>
      <object_component id="oc-89">
         <name>.text:UARTIntClear</name>
         <load_address>0x65e2</load_address>
         <run_address>0x65e2</run_address>
         <size>0x4</size>
         <input_file_ref idref="fl-14c"/>
      </object_component>
      <object_component id="oc-187">
         <name>.const:$P$T0$1</name>
         <load_address>0x65e8</load_address>
         <run_address>0x65e8</run_address>
         <size>0xb0</size>
         <input_file_ref idref="fl-4"/>
      </object_component>
      <object_component id="oc-1ba">
         <name>.const:g_pui32GPIOBaseAddrs</name>
         <load_address>0x6698</load_address>
         <run_address>0x6698</run_address>
         <size>0x90</size>
         <input_file_ref idref="fl-150"/>
      </object_component>
      <object_component id="oc-258">
         <name>.const</name>
         <load_address>0x6728</load_address>
         <run_address>0x6728</run_address>
         <size>0x70</size>
         <input_file_ref idref="fl-14f"/>
      </object_component>
      <object_component id="oc-24f">
         <name>.const:g_pui32Xtals</name>
         <load_address>0x6798</load_address>
         <run_address>0x6798</run_address>
         <size>0x6c</size>
         <input_file_ref idref="fl-14d"/>
      </object_component>
      <object_component id="oc-117">
         <name>.const</name>
         <load_address>0x6804</load_address>
         <run_address>0x6804</run_address>
         <size>0x64</size>
         <input_file_ref idref="fl-11"/>
      </object_component>
      <object_component id="oc-189">
         <name>.const</name>
         <load_address>0x6868</load_address>
         <run_address>0x6868</run_address>
         <size>0x3c</size>
         <input_file_ref idref="fl-4"/>
      </object_component>
      <object_component id="oc-1c8">
         <name>.const:_SlActionLookupTable</name>
         <load_address>0x68a4</load_address>
         <run_address>0x68a4</run_address>
         <size>0x38</size>
         <input_file_ref idref="fl-c"/>
      </object_component>
      <object_component id="oc-267">
         <name>.const</name>
         <load_address>0x68dc</load_address>
         <run_address>0x68dc</run_address>
         <size>0x34</size>
         <input_file_ref idref="fl-6"/>
      </object_component>
      <object_component id="oc-11d">
         <name>.const:$P$T4$5</name>
         <load_address>0x6910</load_address>
         <run_address>0x6910</run_address>
         <size>0x2c</size>
         <input_file_ref idref="fl-11"/>
      </object_component>
      <object_component id="oc-19d">
         <name>.const</name>
         <load_address>0x693c</load_address>
         <run_address>0x693c</run_address>
         <size>0x28</size>
         <input_file_ref idref="fl-9"/>
      </object_component>
      <object_component id="oc-166">
         <name>.const</name>
         <load_address>0x6964</load_address>
         <run_address>0x6964</run_address>
         <size>0x14</size>
         <input_file_ref idref="fl-d"/>
      </object_component>
      <object_component id="oc-1c6">
         <name>.const</name>
         <load_address>0x6978</load_address>
         <run_address>0x6978</run_address>
         <size>0x14</size>
         <input_file_ref idref="fl-c"/>
      </object_component>
      <object_component id="oc-194">
         <name>.const</name>
         <load_address>0x698c</load_address>
         <run_address>0x698c</run_address>
         <size>0x8</size>
         <input_file_ref idref="fl-8"/>
      </object_component>
      <object_component id="oc-29a">
         <name>.cinit..data.load</name>
         <load_address>0x6998</load_address>
         <run_address>0x6998</run_address>
         <size>0x12</size>
      </object_component>
      <object_component id="oc-298">
         <name>__TI_handler_table</name>
         <load_address>0x69ac</load_address>
         <run_address>0x69ac</run_address>
         <size>0xc</size>
      </object_component>
      <object_component id="oc-29b">
         <name>.cinit..bss.load</name>
         <load_address>0x69b8</load_address>
         <run_address>0x69b8</run_address>
         <size>0x8</size>
      </object_component>
      <object_component id="oc-299">
         <name>__TI_cinit_table</name>
         <load_address>0x69c0</load_address>
         <run_address>0x69c0</run_address>
         <size>0x10</size>
      </object_component>
      <object_component id="oc-3f">
         <name>.data</name>
         <load_address>0x2000047c</load_address>
         <run_address>0x2000047c</run_address>
         <size>0x4</size>
         <input_file_ref idref="fl-146"/>
      </object_component>
      <object_component id="oc-8e">
         <name>.data</name>
         <load_address>0x20000478</load_address>
         <run_address>0x20000478</run_address>
         <size>0x4</size>
         <input_file_ref idref="fl-2"/>
      </object_component>
      <object_component id="oc-b1">
         <name>.data</name>
         <load_address>0x20000468</load_address>
         <run_address>0x20000468</run_address>
         <size>0x8</size>
         <input_file_ref idref="fl-148"/>
      </object_component>
      <object_component id="oc-b3">
         <name>.data</name>
         <load_address>0x20000470</load_address>
         <run_address>0x20000470</run_address>
         <size>0x8</size>
         <input_file_ref idref="fl-143"/>
      </object_component>
      <object_component id="oc-f7">
         <name>.data</name>
         <load_address>0x20000450</load_address>
         <run_address>0x20000450</run_address>
         <size>0x10</size>
         <input_file_ref idref="fl-11"/>
      </object_component>
      <object_component id="oc-164">
         <name>.data</name>
         <load_address>0x20000460</load_address>
         <run_address>0x20000460</run_address>
         <size>0x8</size>
         <input_file_ref idref="fl-c"/>
      </object_component>
      <object_component id="oc-17e">
         <name>.bss:g__SlNonOsCB</name>
         <uninitialized>true</uninitialized>
         <run_address>0x20000420</run_address>
         <size>0x28</size>
         <input_file_ref idref="fl-7"/>
      </object_component>
      <object_component id="oc-1c4">
         <name>.bss:g_StatMem</name>
         <uninitialized>true</uninitialized>
         <run_address>0x200002bc</run_address>
         <size>0x164</size>
         <input_file_ref idref="fl-c"/>
      </object_component>
      <object_component id="oc-90">
         <name>.common:IntIsMasked</name>
         <uninitialized>true</uninitialized>
         <run_address>0x2000044c</run_address>
         <size>0x1</size>
      </object_component>
      <object_component id="oc-155">
         <name>.common:g_ucUARTBuffer</name>
         <uninitialized>true</uninitialized>
         <run_address>0x20000448</run_address>
         <size>0x4</size>
      </object_component>
      <object_component id="oc-23">
         <name>.stack</name>
         <uninitialized>true</uninitialized>
         <run_address>0x20000000</run_address>
         <size>0x0</size>
         <input_file_ref idref="fl-13f"/>
      </object_component>
      <object_component id="oc-29c">
         <name>.stack</name>
         <uninitialized>true</uninitialized>
         <run_address>0x20000000</run_address>
         <size>0x0</size>
      </object_component>
      <object_component id="oc-f">
         <name>.debug_info</name>
         <load_address>0x0</load_address>
         <run_address>0x0</run_address>
         <size>0x132</size>
         <input_file_ref idref="fl-10"/>
      </object_component>
      <object_component id="oc-12">
         <name>.debug_info</name>
         <load_address>0x132</load_address>
         <run_address>0x132</run_address>
         <size>0xf3</size>
         <input_file_ref idref="fl-13f"/>
      </object_component>
      <object_component id="oc-16">
         <name>.debug_info</name>
         <load_address>0x225</load_address>
         <run_address>0x225</run_address>
         <size>0x194</size>
         <input_file_ref idref="fl-140"/>
      </object_component>
      <object_component id="oc-1a">
         <name>.debug_info</name>
         <load_address>0x3b9</load_address>
         <run_address>0x3b9</run_address>
         <size>0x16a</size>
         <input_file_ref idref="fl-142"/>
      </object_component>
      <object_component id="oc-22">
         <name>.debug_info</name>
         <load_address>0x523</load_address>
         <run_address>0x523</run_address>
         <size>0x18e</size>
         <input_file_ref idref="fl-141"/>
      </object_component>
      <object_component id="oc-25">
         <name>.debug_info</name>
         <load_address>0x6b1</load_address>
         <run_address>0x6b1</run_address>
         <size>0x2ae</size>
         <input_file_ref idref="fl-10"/>
      </object_component>
      <object_component id="oc-2a">
         <name>.debug_info</name>
         <load_address>0x95f</load_address>
         <run_address>0x95f</run_address>
         <size>0xd5e</size>
         <input_file_ref idref="fl-2"/>
      </object_component>
      <object_component id="oc-30">
         <name>.debug_info</name>
         <load_address>0x16bd</load_address>
         <run_address>0x16bd</run_address>
         <size>0x1af</size>
         <input_file_ref idref="fl-10"/>
      </object_component>
      <object_component id="oc-34">
         <name>.debug_info</name>
         <load_address>0x186c</load_address>
         <run_address>0x186c</run_address>
         <size>0x13d</size>
         <input_file_ref idref="fl-14a"/>
      </object_component>
      <object_component id="oc-39">
         <name>.debug_info</name>
         <load_address>0x19a9</load_address>
         <run_address>0x19a9</run_address>
         <size>0x11c</size>
         <input_file_ref idref="fl-149"/>
      </object_component>
      <object_component id="oc-3b">
         <name>.debug_info</name>
         <load_address>0x1ac5</load_address>
         <run_address>0x1ac5</run_address>
         <size>0x1c2</size>
         <input_file_ref idref="fl-143"/>
      </object_component>
      <object_component id="oc-40">
         <name>.debug_info</name>
         <load_address>0x1c87</load_address>
         <run_address>0x1c87</run_address>
         <size>0xbe</size>
         <input_file_ref idref="fl-146"/>
      </object_component>
      <object_component id="oc-43">
         <name>.debug_info</name>
         <load_address>0x1d45</load_address>
         <run_address>0x1d45</run_address>
         <size>0xcc</size>
         <input_file_ref idref="fl-144"/>
      </object_component>
      <object_component id="oc-47">
         <name>.debug_info</name>
         <load_address>0x1e11</load_address>
         <run_address>0x1e11</run_address>
         <size>0x46</size>
         <input_file_ref idref="fl-140"/>
      </object_component>
      <object_component id="oc-4c">
         <name>.debug_info</name>
         <load_address>0x1e57</load_address>
         <run_address>0x1e57</run_address>
         <size>0xf2</size>
         <input_file_ref idref="fl-140"/>
      </object_component>
      <object_component id="oc-4e">
         <name>.debug_info</name>
         <load_address>0x1f49</load_address>
         <run_address>0x1f49</run_address>
         <size>0x46</size>
         <input_file_ref idref="fl-142"/>
      </object_component>
      <object_component id="oc-53">
         <name>.debug_info</name>
         <load_address>0x1f8f</load_address>
         <run_address>0x1f8f</run_address>
         <size>0xad</size>
         <input_file_ref idref="fl-142"/>
      </object_component>
      <object_component id="oc-58">
         <name>.debug_info</name>
         <load_address>0x203c</load_address>
         <run_address>0x203c</run_address>
         <size>0x1ef</size>
         <input_file_ref idref="fl-141"/>
      </object_component>
      <object_component id="oc-5a">
         <name>.debug_info</name>
         <load_address>0x222b</load_address>
         <run_address>0x222b</run_address>
         <size>0xb7</size>
         <input_file_ref idref="fl-141"/>
      </object_component>
      <object_component id="oc-5b">
         <name>.debug_info</name>
         <load_address>0x22e2</load_address>
         <run_address>0x22e2</run_address>
         <size>0x39</size>
         <input_file_ref idref="fl-141"/>
      </object_component>
      <object_component id="oc-62">
         <name>.debug_info</name>
         <load_address>0x231b</load_address>
         <run_address>0x231b</run_address>
         <size>0x171</size>
         <input_file_ref idref="fl-151"/>
      </object_component>
      <object_component id="oc-67">
         <name>.debug_info</name>
         <load_address>0x248c</load_address>
         <run_address>0x248c</run_address>
         <size>0x189</size>
         <input_file_ref idref="fl-151"/>
      </object_component>
      <object_component id="oc-6e">
         <name>.debug_info</name>
         <load_address>0x2615</load_address>
         <run_address>0x2615</run_address>
         <size>0x363</size>
         <input_file_ref idref="fl-14d"/>
      </object_component>
      <object_component id="oc-71">
         <name>.debug_info</name>
         <load_address>0x2978</load_address>
         <run_address>0x2978</run_address>
         <size>0x1f3</size>
         <input_file_ref idref="fl-150"/>
      </object_component>
      <object_component id="oc-76">
         <name>.debug_info</name>
         <load_address>0x2b6b</load_address>
         <run_address>0x2b6b</run_address>
         <size>0x1f5</size>
         <input_file_ref idref="fl-150"/>
      </object_component>
      <object_component id="oc-7b">
         <name>.debug_info</name>
         <load_address>0x2d60</load_address>
         <run_address>0x2d60</run_address>
         <size>0x1e3</size>
         <input_file_ref idref="fl-150"/>
      </object_component>
      <object_component id="oc-80">
         <name>.debug_info</name>
         <load_address>0x2f43</load_address>
         <run_address>0x2f43</run_address>
         <size>0x1f1</size>
         <input_file_ref idref="fl-150"/>
      </object_component>
      <object_component id="oc-88">
         <name>.debug_info</name>
         <load_address>0x3134</load_address>
         <run_address>0x3134</run_address>
         <size>0x1e3</size>
         <input_file_ref idref="fl-14c"/>
      </object_component>
      <object_component id="oc-8d">
         <name>.debug_info</name>
         <load_address>0x3317</load_address>
         <run_address>0x3317</run_address>
         <size>0x1f1</size>
         <input_file_ref idref="fl-14c"/>
      </object_component>
      <object_component id="oc-8f">
         <name>.debug_info</name>
         <load_address>0x3508</load_address>
         <run_address>0x3508</run_address>
         <size>0x16d</size>
         <input_file_ref idref="fl-2"/>
      </object_component>
      <object_component id="oc-91">
         <name>.debug_info</name>
         <load_address>0x3675</load_address>
         <run_address>0x3675</run_address>
         <size>0x541</size>
         <input_file_ref idref="fl-2"/>
      </object_component>
      <object_component id="oc-93">
         <name>.debug_info</name>
         <load_address>0x3bb6</load_address>
         <run_address>0x3bb6</run_address>
         <size>0x84</size>
         <input_file_ref idref="fl-2"/>
      </object_component>
      <object_component id="oc-98">
         <name>.debug_info</name>
         <load_address>0x3c3a</load_address>
         <run_address>0x3c3a</run_address>
         <size>0x2c</size>
         <input_file_ref idref="fl-2"/>
      </object_component>
      <object_component id="oc-9f">
         <name>.debug_info</name>
         <load_address>0x3c66</load_address>
         <run_address>0x3c66</run_address>
         <size>0x18b</size>
         <input_file_ref idref="fl-3"/>
      </object_component>
      <object_component id="oc-a7">
         <name>.debug_info</name>
         <load_address>0x3df1</load_address>
         <run_address>0x3df1</run_address>
         <size>0x14b</size>
         <input_file_ref idref="fl-14b"/>
      </object_component>
      <object_component id="oc-ab">
         <name>.debug_info</name>
         <load_address>0x3f3c</load_address>
         <run_address>0x3f3c</run_address>
         <size>0x141c</size>
         <input_file_ref idref="fl-11"/>
      </object_component>
      <object_component id="oc-b0">
         <name>.debug_info</name>
         <load_address>0x5358</load_address>
         <run_address>0x5358</run_address>
         <size>0x11b</size>
         <input_file_ref idref="fl-149"/>
      </object_component>
      <object_component id="oc-b2">
         <name>.debug_info</name>
         <load_address>0x5473</load_address>
         <run_address>0x5473</run_address>
         <size>0xc8</size>
         <input_file_ref idref="fl-148"/>
      </object_component>
      <object_component id="oc-b4">
         <name>.debug_info</name>
         <load_address>0x553b</load_address>
         <run_address>0x553b</run_address>
         <size>0xeb</size>
         <input_file_ref idref="fl-143"/>
      </object_component>
      <object_component id="oc-b6">
         <name>.debug_info</name>
         <load_address>0x5626</load_address>
         <run_address>0x5626</run_address>
         <size>0x146</size>
         <input_file_ref idref="fl-143"/>
      </object_component>
      <object_component id="oc-ba">
         <name>.debug_info</name>
         <load_address>0x576c</load_address>
         <run_address>0x576c</run_address>
         <size>0x2c</size>
         <input_file_ref idref="fl-140"/>
      </object_component>
      <object_component id="oc-c1">
         <name>.debug_info</name>
         <load_address>0x5798</load_address>
         <run_address>0x5798</run_address>
         <size>0x2c</size>
         <input_file_ref idref="fl-2"/>
      </object_component>
      <object_component id="oc-cf">
         <name>.debug_info</name>
         <load_address>0x57c4</load_address>
         <run_address>0x57c4</run_address>
         <size>0x18b</size>
         <input_file_ref idref="fl-14c"/>
      </object_component>
      <object_component id="oc-d4">
         <name>.debug_info</name>
         <load_address>0x594f</load_address>
         <run_address>0x594f</run_address>
         <size>0x226</size>
         <input_file_ref idref="fl-14d"/>
      </object_component>
      <object_component id="oc-d6">
         <name>.debug_info</name>
         <load_address>0x5b75</load_address>
         <run_address>0x5b75</run_address>
         <size>0x1d7</size>
         <input_file_ref idref="fl-150"/>
      </object_component>
      <object_component id="oc-d9">
         <name>.debug_info</name>
         <load_address>0x5d4c</load_address>
         <run_address>0x5d4c</run_address>
         <size>0x90</size>
         <input_file_ref idref="fl-14c"/>
      </object_component>
      <object_component id="oc-e0">
         <name>.debug_info</name>
         <load_address>0x5ddc</load_address>
         <run_address>0x5ddc</run_address>
         <size>0x1ce</size>
         <input_file_ref idref="fl-14c"/>
      </object_component>
      <object_component id="oc-e6">
         <name>.debug_info</name>
         <load_address>0x5faa</load_address>
         <run_address>0x5faa</run_address>
         <size>0x60b</size>
         <input_file_ref idref="fl-2"/>
      </object_component>
      <object_component id="oc-eb">
         <name>.debug_info</name>
         <load_address>0x65b5</load_address>
         <run_address>0x65b5</run_address>
         <size>0x6c8</size>
         <input_file_ref idref="fl-2"/>
      </object_component>
      <object_component id="oc-f1">
         <name>.debug_info</name>
         <load_address>0x6c7d</load_address>
         <run_address>0x6c7d</run_address>
         <size>0x148</size>
         <input_file_ref idref="fl-14b"/>
      </object_component>
      <object_component id="oc-f3">
         <name>.debug_info</name>
         <load_address>0x6dc5</load_address>
         <run_address>0x6dc5</run_address>
         <size>0x4d5</size>
         <input_file_ref idref="fl-3"/>
      </object_component>
      <object_component id="oc-f8">
         <name>.debug_info</name>
         <load_address>0x729a</load_address>
         <run_address>0x729a</run_address>
         <size>0x1e9</size>
         <input_file_ref idref="fl-11"/>
      </object_component>
      <object_component id="oc-fa">
         <name>.debug_info</name>
         <load_address>0x7483</load_address>
         <run_address>0x7483</run_address>
         <size>0x161c</size>
         <input_file_ref idref="fl-d"/>
      </object_component>
      <object_component id="oc-ff">
         <name>.debug_info</name>
         <load_address>0x8a9f</load_address>
         <run_address>0x8a9f</run_address>
         <size>0x6a9</size>
         <input_file_ref idref="fl-7"/>
      </object_component>
      <object_component id="oc-104">
         <name>.debug_info</name>
         <load_address>0x9148</load_address>
         <run_address>0x9148</run_address>
         <size>0x2350</size>
         <input_file_ref idref="fl-4"/>
      </object_component>
      <object_component id="oc-10b">
         <name>.debug_info</name>
         <load_address>0xb498</load_address>
         <run_address>0xb498</run_address>
         <size>0x153</size>
         <input_file_ref idref="fl-147"/>
      </object_component>
      <object_component id="oc-10e">
         <name>.debug_info</name>
         <load_address>0xb5eb</load_address>
         <run_address>0xb5eb</run_address>
         <size>0x53f</size>
         <input_file_ref idref="fl-8"/>
      </object_component>
      <object_component id="oc-113">
         <name>.debug_info</name>
         <load_address>0xbb2a</load_address>
         <run_address>0xbb2a</run_address>
         <size>0x28f8</size>
         <input_file_ref idref="fl-9"/>
      </object_component>
      <object_component id="oc-118">
         <name>.debug_info</name>
         <load_address>0xe422</load_address>
         <run_address>0xe422</run_address>
         <size>0x1e2</size>
         <input_file_ref idref="fl-11"/>
      </object_component>
      <object_component id="oc-11a">
         <name>.debug_info</name>
         <load_address>0xe604</load_address>
         <run_address>0xe604</run_address>
         <size>0xfc</size>
         <input_file_ref idref="fl-145"/>
      </object_component>
      <object_component id="oc-11e">
         <name>.debug_info</name>
         <load_address>0xe700</load_address>
         <run_address>0xe700</run_address>
         <size>0x166</size>
         <input_file_ref idref="fl-11"/>
      </object_component>
      <object_component id="oc-120">
         <name>.debug_info</name>
         <load_address>0xe866</load_address>
         <run_address>0xe866</run_address>
         <size>0x822</size>
         <input_file_ref idref="fl-11"/>
      </object_component>
      <object_component id="oc-121">
         <name>.debug_info</name>
         <load_address>0xf088</load_address>
         <run_address>0xf088</run_address>
         <size>0xee</size>
         <input_file_ref idref="fl-2"/>
      </object_component>
      <object_component id="oc-126">
         <name>.debug_info</name>
         <load_address>0xf176</load_address>
         <run_address>0xf176</run_address>
         <size>0x2f8</size>
         <input_file_ref idref="fl-2"/>
      </object_component>
      <object_component id="oc-12d">
         <name>.debug_info</name>
         <load_address>0xf46e</load_address>
         <run_address>0xf46e</run_address>
         <size>0x5e</size>
         <input_file_ref idref="fl-149"/>
      </object_component>
      <object_component id="oc-134">
         <name>.debug_info</name>
         <load_address>0xf4cc</load_address>
         <run_address>0xf4cc</run_address>
         <size>0x1d4</size>
         <input_file_ref idref="fl-148"/>
      </object_component>
      <object_component id="oc-139">
         <name>.debug_info</name>
         <load_address>0xf6a0</load_address>
         <run_address>0xf6a0</run_address>
         <size>0xd9</size>
         <input_file_ref idref="fl-148"/>
      </object_component>
      <object_component id="oc-140">
         <name>.debug_info</name>
         <load_address>0xf779</load_address>
         <run_address>0xf779</run_address>
         <size>0x5f</size>
         <input_file_ref idref="fl-14d"/>
      </object_component>
      <object_component id="oc-14b">
         <name>.debug_info</name>
         <load_address>0xf7d8</load_address>
         <run_address>0xf7d8</run_address>
         <size>0xcd</size>
         <input_file_ref idref="fl-14b"/>
      </object_component>
      <object_component id="oc-151">
         <name>.debug_info</name>
         <load_address>0xf8a5</load_address>
         <run_address>0xf8a5</run_address>
         <size>0x1e4</size>
         <input_file_ref idref="fl-150"/>
      </object_component>
      <object_component id="oc-156">
         <name>.debug_info</name>
         <load_address>0xfa89</load_address>
         <run_address>0xfa89</run_address>
         <size>0x1d7</size>
         <input_file_ref idref="fl-3"/>
      </object_component>
      <object_component id="oc-15b">
         <name>.debug_info</name>
         <load_address>0xfc60</load_address>
         <run_address>0xfc60</run_address>
         <size>0x357b</size>
         <input_file_ref idref="fl-c"/>
      </object_component>
      <object_component id="oc-160">
         <name>.debug_info</name>
         <load_address>0x131db</load_address>
         <run_address>0x131db</run_address>
         <size>0x8cc</size>
         <input_file_ref idref="fl-e"/>
      </object_component>
      <object_component id="oc-165">
         <name>.debug_info</name>
         <load_address>0x13aa7</load_address>
         <run_address>0x13aa7</run_address>
         <size>0x183</size>
         <input_file_ref idref="fl-c"/>
      </object_component>
      <object_component id="oc-167">
         <name>.debug_info</name>
         <load_address>0x13c2a</load_address>
         <run_address>0x13c2a</run_address>
         <size>0x24e</size>
         <input_file_ref idref="fl-d"/>
      </object_component>
      <object_component id="oc-169">
         <name>.debug_info</name>
         <load_address>0x13e78</load_address>
         <run_address>0x13e78</run_address>
         <size>0x761</size>
         <input_file_ref idref="fl-d"/>
      </object_component>
      <object_component id="oc-16a">
         <name>.debug_info</name>
         <load_address>0x145d9</load_address>
         <run_address>0x145d9</run_address>
         <size>0x235a</size>
         <input_file_ref idref="fl-4"/>
      </object_component>
      <object_component id="oc-16f">
         <name>.debug_info</name>
         <load_address>0x16933</load_address>
         <run_address>0x16933</run_address>
         <size>0x65</size>
         <input_file_ref idref="fl-2"/>
      </object_component>
      <object_component id="oc-174">
         <name>.debug_info</name>
         <load_address>0x16998</load_address>
         <run_address>0x16998</run_address>
         <size>0x16a</size>
         <input_file_ref idref="fl-d"/>
      </object_component>
      <object_component id="oc-179">
         <name>.debug_info</name>
         <load_address>0x16b02</load_address>
         <run_address>0x16b02</run_address>
         <size>0x5d5</size>
         <input_file_ref idref="fl-4"/>
      </object_component>
      <object_component id="oc-17f">
         <name>.debug_info</name>
         <load_address>0x170d7</load_address>
         <run_address>0x170d7</run_address>
         <size>0x15d</size>
         <input_file_ref idref="fl-7"/>
      </object_component>
      <object_component id="oc-181">
         <name>.debug_info</name>
         <load_address>0x17234</load_address>
         <run_address>0x17234</run_address>
         <size>0x46</size>
         <input_file_ref idref="fl-2"/>
      </object_component>
      <object_component id="oc-186">
         <name>.debug_info</name>
         <load_address>0x1727a</load_address>
         <run_address>0x1727a</run_address>
         <size>0x3ea</size>
         <input_file_ref idref="fl-7"/>
      </object_component>
      <object_component id="oc-188">
         <name>.debug_info</name>
         <load_address>0x17664</load_address>
         <run_address>0x17664</run_address>
         <size>0x151</size>
         <input_file_ref idref="fl-4"/>
      </object_component>
      <object_component id="oc-18a">
         <name>.debug_info</name>
         <load_address>0x177b5</load_address>
         <run_address>0x177b5</run_address>
         <size>0x462</size>
         <input_file_ref idref="fl-4"/>
      </object_component>
      <object_component id="oc-18c">
         <name>.debug_info</name>
         <load_address>0x17c17</load_address>
         <run_address>0x17c17</run_address>
         <size>0x524</size>
         <input_file_ref idref="fl-4"/>
      </object_component>
      <object_component id="oc-18d">
         <name>.debug_info</name>
         <load_address>0x1813b</load_address>
         <run_address>0x1813b</run_address>
         <size>0x48d</size>
         <input_file_ref idref="fl-4"/>
      </object_component>
      <object_component id="oc-193">
         <name>.debug_info</name>
         <load_address>0x185c8</load_address>
         <run_address>0x185c8</run_address>
         <size>0x9f</size>
         <input_file_ref idref="fl-147"/>
      </object_component>
      <object_component id="oc-195">
         <name>.debug_info</name>
         <load_address>0x18667</load_address>
         <run_address>0x18667</run_address>
         <size>0x1a3</size>
         <input_file_ref idref="fl-8"/>
      </object_component>
      <object_component id="oc-197">
         <name>.debug_info</name>
         <load_address>0x1880a</load_address>
         <run_address>0x1880a</run_address>
         <size>0x3f0</size>
         <input_file_ref idref="fl-8"/>
      </object_component>
      <object_component id="oc-198">
         <name>.debug_info</name>
         <load_address>0x18bfa</load_address>
         <run_address>0x18bfa</run_address>
         <size>0x9d</size>
         <input_file_ref idref="fl-8"/>
      </object_component>
      <object_component id="oc-19e">
         <name>.debug_info</name>
         <load_address>0x18c97</load_address>
         <run_address>0x18c97</run_address>
         <size>0x36f</size>
         <input_file_ref idref="fl-9"/>
      </object_component>
      <object_component id="oc-1a0">
         <name>.debug_info</name>
         <load_address>0x19006</load_address>
         <run_address>0x19006</run_address>
         <size>0x5ba</size>
         <input_file_ref idref="fl-9"/>
      </object_component>
      <object_component id="oc-1a5">
         <name>.debug_info</name>
         <load_address>0x195c0</load_address>
         <run_address>0x195c0</run_address>
         <size>0x6c2</size>
         <input_file_ref idref="fl-9"/>
      </object_component>
      <object_component id="oc-1ad">
         <name>.debug_info</name>
         <load_address>0x19c82</load_address>
         <run_address>0x19c82</run_address>
         <size>0x940</size>
         <input_file_ref idref="fl-2"/>
      </object_component>
      <object_component id="oc-1b2">
         <name>.debug_info</name>
         <load_address>0x1a5c2</load_address>
         <run_address>0x1a5c2</run_address>
         <size>0x8d7</size>
         <input_file_ref idref="fl-2"/>
      </object_component>
      <object_component id="oc-1bb">
         <name>.debug_info</name>
         <load_address>0x1ae99</load_address>
         <run_address>0x1ae99</run_address>
         <size>0x10d</size>
         <input_file_ref idref="fl-150"/>
      </object_component>
      <object_component id="oc-1c0">
         <name>.debug_info</name>
         <load_address>0x1afa6</load_address>
         <run_address>0x1afa6</run_address>
         <size>0x3e5</size>
         <input_file_ref idref="fl-b"/>
      </object_component>
      <object_component id="oc-1c5">
         <name>.debug_info</name>
         <load_address>0x1b38b</load_address>
         <run_address>0x1b38b</run_address>
         <size>0x158</size>
         <input_file_ref idref="fl-c"/>
      </object_component>
      <object_component id="oc-1c7">
         <name>.debug_info</name>
         <load_address>0x1b4e3</load_address>
         <run_address>0x1b4e3</run_address>
         <size>0x1b6</size>
         <input_file_ref idref="fl-c"/>
      </object_component>
      <object_component id="oc-1c9">
         <name>.debug_info</name>
         <load_address>0x1b699</load_address>
         <run_address>0x1b699</run_address>
         <size>0x16e</size>
         <input_file_ref idref="fl-c"/>
      </object_component>
      <object_component id="oc-1cb">
         <name>.debug_info</name>
         <load_address>0x1b807</load_address>
         <run_address>0x1b807</run_address>
         <size>0x978</size>
         <input_file_ref idref="fl-c"/>
      </object_component>
      <object_component id="oc-1cc">
         <name>.debug_info</name>
         <load_address>0x1c17f</load_address>
         <run_address>0x1c17f</run_address>
         <size>0xd7</size>
         <input_file_ref idref="fl-c"/>
      </object_component>
      <object_component id="oc-1d4">
         <name>.debug_info</name>
         <load_address>0x1c256</load_address>
         <run_address>0x1c256</run_address>
         <size>0x1e1</size>
         <input_file_ref idref="fl-14d"/>
      </object_component>
      <object_component id="oc-1d7">
         <name>.debug_info</name>
         <load_address>0x1c437</load_address>
         <run_address>0x1c437</run_address>
         <size>0x1dd</size>
         <input_file_ref idref="fl-150"/>
      </object_component>
      <object_component id="oc-1de">
         <name>.debug_info</name>
         <load_address>0x1c614</load_address>
         <run_address>0x1c614</run_address>
         <size>0x219</size>
         <input_file_ref idref="fl-14d"/>
      </object_component>
      <object_component id="oc-1e1">
         <name>.debug_info</name>
         <load_address>0x1c82d</load_address>
         <run_address>0x1c82d</run_address>
         <size>0x3c2</size>
         <input_file_ref idref="fl-14e"/>
      </object_component>
      <object_component id="oc-1e6">
         <name>.debug_info</name>
         <load_address>0x1cbef</load_address>
         <run_address>0x1cbef</run_address>
         <size>0x1a6</size>
         <input_file_ref idref="fl-14e"/>
      </object_component>
      <object_component id="oc-1eb">
         <name>.debug_info</name>
         <load_address>0x1cd95</load_address>
         <run_address>0x1cd95</run_address>
         <size>0x1e9</size>
         <input_file_ref idref="fl-150"/>
      </object_component>
      <object_component id="oc-1f0">
         <name>.debug_info</name>
         <load_address>0x1cf7e</load_address>
         <run_address>0x1cf7e</run_address>
         <size>0x312</size>
         <input_file_ref idref="fl-150"/>
      </object_component>
      <object_component id="oc-1f5">
         <name>.debug_info</name>
         <load_address>0x1d290</load_address>
         <run_address>0x1d290</run_address>
         <size>0x21f</size>
         <input_file_ref idref="fl-150"/>
      </object_component>
      <object_component id="oc-1fa">
         <name>.debug_info</name>
         <load_address>0x1d4af</load_address>
         <run_address>0x1d4af</run_address>
         <size>0x1cc</size>
         <input_file_ref idref="fl-14f"/>
      </object_component>
      <object_component id="oc-1ff">
         <name>.debug_info</name>
         <load_address>0x1d67b</load_address>
         <run_address>0x1d67b</run_address>
         <size>0x1a2</size>
         <input_file_ref idref="fl-14f"/>
      </object_component>
      <object_component id="oc-204">
         <name>.debug_info</name>
         <load_address>0x1d81d</load_address>
         <run_address>0x1d81d</run_address>
         <size>0x207</size>
         <input_file_ref idref="fl-150"/>
      </object_component>
      <object_component id="oc-209">
         <name>.debug_info</name>
         <load_address>0x1da24</load_address>
         <run_address>0x1da24</run_address>
         <size>0x1f4</size>
         <input_file_ref idref="fl-14e"/>
      </object_component>
      <object_component id="oc-20e">
         <name>.debug_info</name>
         <load_address>0x1dc18</load_address>
         <run_address>0x1dc18</run_address>
         <size>0x1fe</size>
         <input_file_ref idref="fl-14e"/>
      </object_component>
      <object_component id="oc-213">
         <name>.debug_info</name>
         <load_address>0x1de16</load_address>
         <run_address>0x1de16</run_address>
         <size>0x2c</size>
         <input_file_ref idref="fl-2"/>
      </object_component>
      <object_component id="oc-218">
         <name>.debug_info</name>
         <load_address>0x1de42</load_address>
         <run_address>0x1de42</run_address>
         <size>0x74d</size>
         <input_file_ref idref="fl-e"/>
      </object_component>
      <object_component id="oc-221">
         <name>.debug_info</name>
         <load_address>0x1e58f</load_address>
         <run_address>0x1e58f</run_address>
         <size>0x89</size>
         <input_file_ref idref="fl-7"/>
      </object_component>
      <object_component id="oc-240">
         <name>.debug_info</name>
         <load_address>0x1e618</load_address>
         <run_address>0x1e618</run_address>
         <size>0x2b03</size>
         <input_file_ref idref="fl-6"/>
      </object_component>
      <object_component id="oc-24a">
         <name>.debug_info</name>
         <load_address>0x2111b</load_address>
         <run_address>0x2111b</run_address>
         <size>0x217</size>
         <input_file_ref idref="fl-150"/>
      </object_component>
      <object_component id="oc-250">
         <name>.debug_info</name>
         <load_address>0x21332</load_address>
         <run_address>0x21332</run_address>
         <size>0xff</size>
         <input_file_ref idref="fl-14d"/>
      </object_component>
      <object_component id="oc-253">
         <name>.debug_info</name>
         <load_address>0x21431</load_address>
         <run_address>0x21431</run_address>
         <size>0x1c3</size>
         <input_file_ref idref="fl-14e"/>
      </object_component>
      <object_component id="oc-259">
         <name>.debug_info</name>
         <load_address>0x215f4</load_address>
         <run_address>0x215f4</run_address>
         <size>0x1c2</size>
         <input_file_ref idref="fl-14f"/>
      </object_component>
      <object_component id="oc-25b">
         <name>.debug_info</name>
         <load_address>0x217b6</load_address>
         <run_address>0x217b6</run_address>
         <size>0x1ba</size>
         <input_file_ref idref="fl-14f"/>
      </object_component>
      <object_component id="oc-25d">
         <name>.debug_info</name>
         <load_address>0x21970</load_address>
         <run_address>0x21970</run_address>
         <size>0x176</size>
         <input_file_ref idref="fl-152"/>
      </object_component>
      <object_component id="oc-268">
         <name>.debug_info</name>
         <load_address>0x21ae6</load_address>
         <run_address>0x21ae6</run_address>
         <size>0x39c</size>
         <input_file_ref idref="fl-6"/>
      </object_component>
      <object_component id="oc-26a">
         <name>.debug_info</name>
         <load_address>0x21e82</load_address>
         <run_address>0x21e82</run_address>
         <size>0x611</size>
         <input_file_ref idref="fl-6"/>
      </object_component>
      <object_component id="oc-26b">
         <name>.debug_info</name>
         <load_address>0x22493</load_address>
         <run_address>0x22493</run_address>
         <size>0x364</size>
         <input_file_ref idref="fl-6"/>
      </object_component>
      <object_component id="oc-29d">
         <name>.debug_info</name>
         <load_address>0x227f7</load_address>
         <run_address>0x227f7</run_address>
         <size>0xec</size>
      </object_component>
      <object_component id="oc-11">
         <name>.debug_aranges</name>
         <load_address>0x0</load_address>
         <run_address>0x0</run_address>
         <size>0x20</size>
         <input_file_ref idref="fl-13f"/>
      </object_component>
      <object_component id="oc-17">
         <name>.debug_aranges</name>
         <load_address>0x20</load_address>
         <run_address>0x20</run_address>
         <size>0x20</size>
         <input_file_ref idref="fl-140"/>
      </object_component>
      <object_component id="oc-1d">
         <name>.debug_aranges</name>
         <load_address>0x40</load_address>
         <run_address>0x40</run_address>
         <size>0x20</size>
         <input_file_ref idref="fl-142"/>
      </object_component>
      <object_component id="oc-20">
         <name>.debug_aranges</name>
         <load_address>0x60</load_address>
         <run_address>0x60</run_address>
         <size>0x20</size>
         <input_file_ref idref="fl-141"/>
      </object_component>
      <object_component id="oc-28">
         <name>.debug_aranges</name>
         <load_address>0x80</load_address>
         <run_address>0x80</run_address>
         <size>0x38</size>
         <input_file_ref idref="fl-10"/>
      </object_component>
      <object_component id="oc-2d">
         <name>.debug_aranges</name>
         <load_address>0xb8</load_address>
         <run_address>0xb8</run_address>
         <size>0x78</size>
         <input_file_ref idref="fl-2"/>
      </object_component>
      <object_component id="oc-32">
         <name>.debug_aranges</name>
         <load_address>0x130</load_address>
         <run_address>0x130</run_address>
         <size>0x28</size>
         <input_file_ref idref="fl-14a"/>
      </object_component>
      <object_component id="oc-36">
         <name>.debug_aranges</name>
         <load_address>0x158</load_address>
         <run_address>0x158</run_address>
         <size>0x20</size>
         <input_file_ref idref="fl-149"/>
      </object_component>
      <object_component id="oc-3e">
         <name>.debug_aranges</name>
         <load_address>0x178</load_address>
         <run_address>0x178</run_address>
         <size>0x30</size>
         <input_file_ref idref="fl-143"/>
      </object_component>
      <object_component id="oc-45">
         <name>.debug_aranges</name>
         <load_address>0x1a8</load_address>
         <run_address>0x1a8</run_address>
         <size>0x20</size>
         <input_file_ref idref="fl-144"/>
      </object_component>
      <object_component id="oc-56">
         <name>.debug_aranges</name>
         <load_address>0x1c8</load_address>
         <run_address>0x1c8</run_address>
         <size>0x20</size>
         <input_file_ref idref="fl-141"/>
      </object_component>
      <object_component id="oc-65">
         <name>.debug_aranges</name>
         <load_address>0x1e8</load_address>
         <run_address>0x1e8</run_address>
         <size>0x20</size>
         <input_file_ref idref="fl-151"/>
      </object_component>
      <object_component id="oc-6a">
         <name>.debug_aranges</name>
         <load_address>0x208</load_address>
         <run_address>0x208</run_address>
         <size>0x20</size>
         <input_file_ref idref="fl-151"/>
      </object_component>
      <object_component id="oc-6c">
         <name>.debug_aranges</name>
         <load_address>0x228</load_address>
         <run_address>0x228</run_address>
         <size>0x20</size>
         <input_file_ref idref="fl-14d"/>
      </object_component>
      <object_component id="oc-74">
         <name>.debug_aranges</name>
         <load_address>0x248</load_address>
         <run_address>0x248</run_address>
         <size>0x20</size>
         <input_file_ref idref="fl-150"/>
      </object_component>
      <object_component id="oc-79">
         <name>.debug_aranges</name>
         <load_address>0x268</load_address>
         <run_address>0x268</run_address>
         <size>0x20</size>
         <input_file_ref idref="fl-150"/>
      </object_component>
      <object_component id="oc-7e">
         <name>.debug_aranges</name>
         <load_address>0x288</load_address>
         <run_address>0x288</run_address>
         <size>0x20</size>
         <input_file_ref idref="fl-150"/>
      </object_component>
      <object_component id="oc-83">
         <name>.debug_aranges</name>
         <load_address>0x2a8</load_address>
         <run_address>0x2a8</run_address>
         <size>0x20</size>
         <input_file_ref idref="fl-150"/>
      </object_component>
      <object_component id="oc-85">
         <name>.debug_aranges</name>
         <load_address>0x2c8</load_address>
         <run_address>0x2c8</run_address>
         <size>0x20</size>
         <input_file_ref idref="fl-14c"/>
      </object_component>
      <object_component id="oc-8a">
         <name>.debug_aranges</name>
         <load_address>0x2e8</load_address>
         <run_address>0x2e8</run_address>
         <size>0x20</size>
         <input_file_ref idref="fl-14c"/>
      </object_component>
      <object_component id="oc-a5">
         <name>.debug_aranges</name>
         <load_address>0x308</load_address>
         <run_address>0x308</run_address>
         <size>0x20</size>
         <input_file_ref idref="fl-14b"/>
      </object_component>
      <object_component id="oc-ae">
         <name>.debug_aranges</name>
         <load_address>0x328</load_address>
         <run_address>0x328</run_address>
         <size>0x68</size>
         <input_file_ref idref="fl-11"/>
      </object_component>
      <object_component id="oc-f6">
         <name>.debug_aranges</name>
         <load_address>0x390</load_address>
         <run_address>0x390</run_address>
         <size>0x30</size>
         <input_file_ref idref="fl-3"/>
      </object_component>
      <object_component id="oc-fd">
         <name>.debug_aranges</name>
         <load_address>0x3c0</load_address>
         <run_address>0x3c0</run_address>
         <size>0x70</size>
         <input_file_ref idref="fl-d"/>
      </object_component>
      <object_component id="oc-102">
         <name>.debug_aranges</name>
         <load_address>0x430</load_address>
         <run_address>0x430</run_address>
         <size>0x38</size>
         <input_file_ref idref="fl-7"/>
      </object_component>
      <object_component id="oc-107">
         <name>.debug_aranges</name>
         <load_address>0x468</load_address>
         <run_address>0x468</run_address>
         <size>0xb0</size>
         <input_file_ref idref="fl-4"/>
      </object_component>
      <object_component id="oc-10a">
         <name>.debug_aranges</name>
         <load_address>0x518</load_address>
         <run_address>0x518</run_address>
         <size>0x20</size>
         <input_file_ref idref="fl-147"/>
      </object_component>
      <object_component id="oc-111">
         <name>.debug_aranges</name>
         <load_address>0x538</load_address>
         <run_address>0x538</run_address>
         <size>0x28</size>
         <input_file_ref idref="fl-8"/>
      </object_component>
      <object_component id="oc-116">
         <name>.debug_aranges</name>
         <load_address>0x560</load_address>
         <run_address>0x560</run_address>
         <size>0xa8</size>
         <input_file_ref idref="fl-9"/>
      </object_component>
      <object_component id="oc-11c">
         <name>.debug_aranges</name>
         <load_address>0x608</load_address>
         <run_address>0x608</run_address>
         <size>0x28</size>
         <input_file_ref idref="fl-145"/>
      </object_component>
      <object_component id="oc-135">
         <name>.debug_aranges</name>
         <load_address>0x630</load_address>
         <run_address>0x630</run_address>
         <size>0x30</size>
         <input_file_ref idref="fl-148"/>
      </object_component>
      <object_component id="oc-154">
         <name>.debug_aranges</name>
         <load_address>0x660</load_address>
         <run_address>0x660</run_address>
         <size>0x20</size>
         <input_file_ref idref="fl-150"/>
      </object_component>
      <object_component id="oc-15e">
         <name>.debug_aranges</name>
         <load_address>0x680</load_address>
         <run_address>0x680</run_address>
         <size>0xc8</size>
         <input_file_ref idref="fl-c"/>
      </object_component>
      <object_component id="oc-163">
         <name>.debug_aranges</name>
         <load_address>0x748</load_address>
         <run_address>0x748</run_address>
         <size>0x38</size>
         <input_file_ref idref="fl-e"/>
      </object_component>
      <object_component id="oc-1c3">
         <name>.debug_aranges</name>
         <load_address>0x780</load_address>
         <run_address>0x780</run_address>
         <size>0x28</size>
         <input_file_ref idref="fl-b"/>
      </object_component>
      <object_component id="oc-1d2">
         <name>.debug_aranges</name>
         <load_address>0x7a8</load_address>
         <run_address>0x7a8</run_address>
         <size>0x20</size>
         <input_file_ref idref="fl-14d"/>
      </object_component>
      <object_component id="oc-1da">
         <name>.debug_aranges</name>
         <load_address>0x7c8</load_address>
         <run_address>0x7c8</run_address>
         <size>0x20</size>
         <input_file_ref idref="fl-150"/>
      </object_component>
      <object_component id="oc-1dc">
         <name>.debug_aranges</name>
         <load_address>0x7e8</load_address>
         <run_address>0x7e8</run_address>
         <size>0x20</size>
         <input_file_ref idref="fl-14d"/>
      </object_component>
      <object_component id="oc-1e4">
         <name>.debug_aranges</name>
         <load_address>0x808</load_address>
         <run_address>0x808</run_address>
         <size>0x20</size>
         <input_file_ref idref="fl-14e"/>
      </object_component>
      <object_component id="oc-1e9">
         <name>.debug_aranges</name>
         <load_address>0x828</load_address>
         <run_address>0x828</run_address>
         <size>0x20</size>
         <input_file_ref idref="fl-14e"/>
      </object_component>
      <object_component id="oc-1ee">
         <name>.debug_aranges</name>
         <load_address>0x848</load_address>
         <run_address>0x848</run_address>
         <size>0x20</size>
         <input_file_ref idref="fl-150"/>
      </object_component>
      <object_component id="oc-1f3">
         <name>.debug_aranges</name>
         <load_address>0x868</load_address>
         <run_address>0x868</run_address>
         <size>0x20</size>
         <input_file_ref idref="fl-150"/>
      </object_component>
      <object_component id="oc-1f8">
         <name>.debug_aranges</name>
         <load_address>0x888</load_address>
         <run_address>0x888</run_address>
         <size>0x20</size>
         <input_file_ref idref="fl-150"/>
      </object_component>
      <object_component id="oc-1fd">
         <name>.debug_aranges</name>
         <load_address>0x8a8</load_address>
         <run_address>0x8a8</run_address>
         <size>0x20</size>
         <input_file_ref idref="fl-14f"/>
      </object_component>
      <object_component id="oc-202">
         <name>.debug_aranges</name>
         <load_address>0x8c8</load_address>
         <run_address>0x8c8</run_address>
         <size>0x20</size>
         <input_file_ref idref="fl-14f"/>
      </object_component>
      <object_component id="oc-207">
         <name>.debug_aranges</name>
         <load_address>0x8e8</load_address>
         <run_address>0x8e8</run_address>
         <size>0x20</size>
         <input_file_ref idref="fl-150"/>
      </object_component>
      <object_component id="oc-20c">
         <name>.debug_aranges</name>
         <load_address>0x908</load_address>
         <run_address>0x908</run_address>
         <size>0x20</size>
         <input_file_ref idref="fl-14e"/>
      </object_component>
      <object_component id="oc-211">
         <name>.debug_aranges</name>
         <load_address>0x928</load_address>
         <run_address>0x928</run_address>
         <size>0x20</size>
         <input_file_ref idref="fl-14e"/>
      </object_component>
      <object_component id="oc-243">
         <name>.debug_aranges</name>
         <load_address>0x948</load_address>
         <run_address>0x948</run_address>
         <size>0xe0</size>
         <input_file_ref idref="fl-6"/>
      </object_component>
      <object_component id="oc-24d">
         <name>.debug_aranges</name>
         <load_address>0xa28</load_address>
         <run_address>0xa28</run_address>
         <size>0x20</size>
         <input_file_ref idref="fl-150"/>
      </object_component>
      <object_component id="oc-260">
         <name>.debug_aranges</name>
         <load_address>0xa48</load_address>
         <run_address>0xa48</run_address>
         <size>0x20</size>
         <input_file_ref idref="fl-152"/>
      </object_component>
      <object_component id="oc-13">
         <name>.debug_line</name>
         <load_address>0x0</load_address>
         <run_address>0x0</run_address>
         <size>0x4f</size>
         <input_file_ref idref="fl-13f"/>
      </object_component>
      <object_component id="oc-15">
         <name>.debug_line</name>
         <load_address>0x4f</load_address>
         <run_address>0x4f</run_address>
         <size>0x55</size>
         <input_file_ref idref="fl-140"/>
      </object_component>
      <object_component id="oc-1b">
         <name>.debug_line</name>
         <load_address>0xa4</load_address>
         <run_address>0xa4</run_address>
         <size>0x4c</size>
         <input_file_ref idref="fl-142"/>
      </object_component>
      <object_component id="oc-21">
         <name>.debug_line</name>
         <load_address>0xf0</load_address>
         <run_address>0xf0</run_address>
         <size>0x4b</size>
         <input_file_ref idref="fl-141"/>
      </object_component>
      <object_component id="oc-26">
         <name>.debug_line</name>
         <load_address>0x13b</load_address>
         <run_address>0x13b</run_address>
         <size>0xa1</size>
         <input_file_ref idref="fl-10"/>
      </object_component>
      <object_component id="oc-2b">
         <name>.debug_line</name>
         <load_address>0x1dc</load_address>
         <run_address>0x1dc</run_address>
         <size>0x1bb</size>
         <input_file_ref idref="fl-2"/>
      </object_component>
      <object_component id="oc-2f">
         <name>.debug_line</name>
         <load_address>0x397</load_address>
         <run_address>0x397</run_address>
         <size>0x41</size>
         <input_file_ref idref="fl-10"/>
      </object_component>
      <object_component id="oc-33">
         <name>.debug_line</name>
         <load_address>0x3d8</load_address>
         <run_address>0x3d8</run_address>
         <size>0x87</size>
         <input_file_ref idref="fl-14a"/>
      </object_component>
      <object_component id="oc-38">
         <name>.debug_line</name>
         <load_address>0x45f</load_address>
         <run_address>0x45f</run_address>
         <size>0x50</size>
         <input_file_ref idref="fl-149"/>
      </object_component>
      <object_component id="oc-3d">
         <name>.debug_line</name>
         <load_address>0x4af</load_address>
         <run_address>0x4af</run_address>
         <size>0x7a</size>
         <input_file_ref idref="fl-143"/>
      </object_component>
      <object_component id="oc-44">
         <name>.debug_line</name>
         <load_address>0x529</load_address>
         <run_address>0x529</run_address>
         <size>0x88</size>
         <input_file_ref idref="fl-144"/>
      </object_component>
      <object_component id="oc-49">
         <name>.debug_line</name>
         <load_address>0x5b1</load_address>
         <run_address>0x5b1</run_address>
         <size>0x3a</size>
         <input_file_ref idref="fl-140"/>
      </object_component>
      <object_component id="oc-50">
         <name>.debug_line</name>
         <load_address>0x5eb</load_address>
         <run_address>0x5eb</run_address>
         <size>0x34</size>
         <input_file_ref idref="fl-142"/>
      </object_component>
      <object_component id="oc-57">
         <name>.debug_line</name>
         <load_address>0x61f</load_address>
         <run_address>0x61f</run_address>
         <size>0x8c</size>
         <input_file_ref idref="fl-141"/>
      </object_component>
      <object_component id="oc-5d">
         <name>.debug_line</name>
         <load_address>0x6ab</load_address>
         <run_address>0x6ab</run_address>
         <size>0x39</size>
         <input_file_ref idref="fl-141"/>
      </object_component>
      <object_component id="oc-63">
         <name>.debug_line</name>
         <load_address>0x6e4</load_address>
         <run_address>0x6e4</run_address>
         <size>0x67</size>
         <input_file_ref idref="fl-151"/>
      </object_component>
      <object_component id="oc-68">
         <name>.debug_line</name>
         <load_address>0x74b</load_address>
         <run_address>0x74b</run_address>
         <size>0x6a</size>
         <input_file_ref idref="fl-151"/>
      </object_component>
      <object_component id="oc-6f">
         <name>.debug_line</name>
         <load_address>0x7b5</load_address>
         <run_address>0x7b5</run_address>
         <size>0xb9</size>
         <input_file_ref idref="fl-14d"/>
      </object_component>
      <object_component id="oc-72">
         <name>.debug_line</name>
         <load_address>0x86e</load_address>
         <run_address>0x86e</run_address>
         <size>0x6b</size>
         <input_file_ref idref="fl-150"/>
      </object_component>
      <object_component id="oc-77">
         <name>.debug_line</name>
         <load_address>0x8d9</load_address>
         <run_address>0x8d9</run_address>
         <size>0x6b</size>
         <input_file_ref idref="fl-150"/>
      </object_component>
      <object_component id="oc-7c">
         <name>.debug_line</name>
         <load_address>0x944</load_address>
         <run_address>0x944</run_address>
         <size>0x6b</size>
         <input_file_ref idref="fl-150"/>
      </object_component>
      <object_component id="oc-81">
         <name>.debug_line</name>
[...]
         <name>_SlGetHostByServiceCtrl</name>
         <value>0x694c</value>
         <object_component_ref idref="oc-19d"/>
      </symbol>
      <symbol id="sm-3ce">
         <name>sl_NetAppMDNSRegisterUnregisterService</name>
         <value>0x3249</value>
         <object_component_ref idref="oc-112"/>
      </symbol>
      <symbol id="sm-3cf">
         <name>_sl_HandleAsync_DnsGetHostByAddr</name>
         <value>0x3579</value>
         <object_component_ref idref="oc-112"/>
      </symbol>
      <symbol id="sm-3e4">
         <name>_SlDrvFlowContDeinit</name>
         <value>0x611f</value>
         <object_component_ref idref="oc-1bf"/>
      </symbol>
      <symbol id="sm-3e5">
         <name>_SlDrvFlowContInit</name>
         <value>0x60e1</value>
         <object_component_ref idref="oc-1bf"/>
      </symbol>
      <symbol id="sm-598">
         <name>_SlDrvBasicCmd</name>
         <value>0x1b1d</value>
         <object_component_ref idref="oc-15a"/>
      </symbol>
      <symbol id="sm-599">
         <name>_SlDrvRxHdrRead</name>
         <value>0x1911</value>
         <object_component_ref idref="oc-15a"/>
      </symbol>
      <symbol id="sm-59a">
         <name>_SlDrvMsgReadSpawnCtx</name>
         <value>0x16e3</value>
         <object_component_ref idref="oc-15a"/>
      </symbol>
      <symbol id="sm-59b">
         <name>_SlRemoveFromList</name>
         <value>0x202f</value>
         <object_component_ref idref="oc-15a"/>
      </symbol>
      <symbol id="sm-59c">
         <name>_SlAsyncEventGenericHandler</name>
         <value>0x1105</value>
         <object_component_ref idref="oc-15a"/>
      </symbol>
      <symbol id="sm-59d">
         <name>_SlDrvDriverCBDeinit</name>
         <value>0x34b</value>
         <object_component_ref idref="oc-15a"/>
      </symbol>
      <symbol id="sm-59e">
         <name>_SlDrvShiftDWord</name>
         <value>0x18c9</value>
         <object_component_ref idref="oc-15a"/>
      </symbol>
      <symbol id="sm-59f">
         <name>_SlDrvReleasePoolObj</name>
         <value>0x1d89</value>
         <object_component_ref idref="oc-15a"/>
      </symbol>
      <symbol id="sm-5a0">
         <name>pPingCallBackFunc</name>
         <value>0x20000464</value>
         <object_component_ref idref="oc-164"/>
      </symbol>
      <symbol id="sm-5a1">
         <name>_SlDrvDriverCBInit</name>
         <value>0x26d</value>
         <object_component_ref idref="oc-15a"/>
      </symbol>
      <symbol id="sm-5a2">
         <name>g_pCB</name>
         <value>0x20000460</value>
         <object_component_ref idref="oc-164"/>
      </symbol>
      <symbol id="sm-5a3">
         <name>_SlDrvClassifyRxMsg</name>
         <value>0x17cb</value>
         <object_component_ref idref="oc-15a"/>
      </symbol>
      <symbol id="sm-5a4">
         <name>_SlDrvCmdOp</name>
         <value>0x431</value>
         <object_component_ref idref="oc-15a"/>
      </symbol>
      <symbol id="sm-5a5">
         <name>_SlDrvMsgReadCmdCtx</name>
         <value>0x15e9</value>
         <object_component_ref idref="oc-15a"/>
      </symbol>
      <symbol id="sm-5a6">
         <name>_SlDrvObjDeInit</name>
         <value>0x200f</value>
         <object_component_ref idref="oc-15a"/>
      </symbol>
      <symbol id="sm-5a7">
         <name>g_StatMem</name>
         <value>0x200002bc</value>
         <object_component_ref idref="oc-1c4"/>
      </symbol>
      <symbol id="sm-5a8">
         <name>_SlFindAndSetActiveObj</name>
         <value>0x20ed</value>
         <object_component_ref idref="oc-15a"/>
      </symbol>
      <symbol id="sm-5a9">
         <name>_SlDrvWaitForPoolObj</name>
         <value>0x1b81</value>
         <object_component_ref idref="oc-15a"/>
      </symbol>
      <symbol id="sm-5aa">
         <name>g_H2NCnysPattern</name>
         <value>0x6980</value>
         <object_component_ref idref="oc-1c6"/>
      </symbol>
      <symbol id="sm-5ab">
         <name>_SlDrvMsgWrite</name>
         <value>0x8dd</value>
         <object_component_ref idref="oc-15a"/>
      </symbol>
      <symbol id="sm-5ac">
         <name>_SlDrvDataReadOp</name>
         <value>0x505</value>
         <object_component_ref idref="oc-15a"/>
      </symbol>
      <symbol id="sm-5ad">
         <name>_SlDrvDataWriteOp</name>
         <value>0x70d</value>
         <object_component_ref idref="oc-15a"/>
      </symbol>
      <symbol id="sm-5ae">
         <name>_SlDrvRxIrqHandler</name>
         <value>0x3ef</value>
         <object_component_ref idref="oc-15a"/>
      </symbol>
      <symbol id="sm-5af">
         <name>_SlDrvMsgRead</name>
         <value>0xad1</value>
         <object_component_ref idref="oc-15a"/>
      </symbol>
      <symbol id="sm-5b0">
         <name>g_H2NSyncPattern</name>
         <value>0x6978</value>
         <object_component_ref idref="oc-1c6"/>
      </symbol>
      <symbol id="sm-5b1">
         <name>_SlDrvObjInit</name>
         <value>0x1f93</value>
         <object_component_ref idref="oc-15a"/>
      </symbol>
      <symbol id="sm-5b2">
         <name>_SlDrvCmdSend</name>
         <value>0x4b9</value>
         <object_component_ref idref="oc-15a"/>
      </symbol>
      <symbol id="sm-5b3">
         <name>_SlActionLookupTable</name>
         <value>0x68a4</value>
         <object_component_ref idref="oc-1c8"/>
      </symbol>
      <symbol id="sm-62c">
         <name>sl_Task</name>
         <value>0x50dd</value>
         <object_component_ref idref="oc-f9"/>
      </symbol>
      <symbol id="sm-62d">
         <name>_SlStopCmdCtrl</name>
         <value>0x6964</value>
         <object_component_ref idref="oc-166"/>
      </symbol>
      <symbol id="sm-62e">
         <name>_sl_HandleAsync_InitComplete</name>
         <value>0x51e9</value>
         <object_component_ref idref="oc-f9"/>
      </symbol>
      <symbol id="sm-62f">
         <name>sl_EventMaskGet</name>
         <value>0x5481</value>
         <object_component_ref idref="oc-f9"/>
      </symbol>
      <symbol id="sm-630">
         <name>_SlDeviceSetCmdCtrl</name>
         <value>0x6974</value>
         <object_component_ref idref="oc-166"/>
      </symbol>
      <symbol id="sm-631">
         <name>_SlDeviceGetCmdCtrl</name>
         <value>0x6970</value>
         <object_component_ref idref="oc-166"/>
      </symbol>
      <symbol id="sm-632">
         <name>_sl_GetStartResponseConvert</name>
         <value>0x5085</value>
         <object_component_ref idref="oc-f9"/>
      </symbol>
      <symbol id="sm-633">
         <name>_SlDrvDeviceEventHandler</name>
         <value>0x55b9</value>
         <object_component_ref idref="oc-f9"/>
      </symbol>
      <symbol id="sm-634">
         <name>_sl_HandleAsync_Stop</name>
         <value>0x529b</value>
         <object_component_ref idref="oc-f9"/>
      </symbol>
      <symbol id="sm-635">
         <name>sl_DevSet</name>
         <value>0x5553</value>
         <object_component_ref idref="oc-f9"/>
      </symbol>
      <symbol id="sm-636">
         <name>sl_Stop</name>
         <value>0x531f</value>
         <object_component_ref idref="oc-f9"/>
      </symbol>
      <symbol id="sm-637">
         <name>_SlEventMaskSetCmdCtrl</name>
         <value>0x6968</value>
         <object_component_ref idref="oc-166"/>
      </symbol>
      <symbol id="sm-638">
         <name>_SlEventMaskGetCmdCtrl</name>
         <value>0x696c</value>
         <object_component_ref idref="oc-166"/>
      </symbol>
      <symbol id="sm-639">
         <name>sl_Start</name>
         <value>0x50e5</value>
         <object_component_ref idref="oc-f9"/>
      </symbol>
      <symbol id="sm-63a">
         <name>sl_EventMaskSet</name>
         <value>0x5447</value>
         <object_component_ref idref="oc-f9"/>
      </symbol>
      <symbol id="sm-63b">
         <name>sl_DevGet</name>
         <value>0x54b5</value>
         <object_component_ref idref="oc-f9"/>
      </symbol>
      <symbol id="sm-65e">
         <name>spi_Read</name>
         <value>0x5785</value>
         <object_component_ref idref="oc-15f"/>
      </symbol>
      <symbol id="sm-65f">
         <name>spi_Close</name>
         <value>0x5639</value>
         <object_component_ref idref="oc-15f"/>
      </symbol>
      <symbol id="sm-660">
         <name>spi_Write</name>
         <value>0x572b</value>
         <object_component_ref idref="oc-15f"/>
      </symbol>
      <symbol id="sm-661">
         <name>spi_Open</name>
         <value>0x5645</value>
         <object_component_ref idref="oc-15f"/>
      </symbol>
      <symbol id="sm-67c">
         <name>ResetISR</name>
         <value>0x65a1</value>
         <object_component_ref idref="oc-24"/>
      </symbol>
      <symbol id="sm-67d">
         <name>g_pfnVectors</name>
         <value>0x0</value>
         <object_component_ref idref="oc-e"/>
      </symbol>
      <symbol id="sm-735">
         <name>g_Status</name>
         <value>0x20000450</value>
         <object_component_ref idref="oc-f7"/>
      </symbol>
      <symbol id="sm-736">
         <name>main</name>
         <value>0x496d</value>
         <object_component_ref idref="oc-aa"/>
      </symbol>
      <symbol id="sm-737">
         <name>SimpleLinkNetAppEventHandler</name>
         <value>0x47b9</value>
         <object_component_ref idref="oc-aa"/>
      </symbol>
      <symbol id="sm-738">
         <name>SimpleLinkSockEventHandler</name>
         <value>0x483f</value>
         <object_component_ref idref="oc-aa"/>
      </symbol>
      <symbol id="sm-739">
         <name>g_GatewayIP</name>
         <value>0x20000458</value>
         <object_component_ref idref="oc-f7"/>
      </symbol>
      <symbol id="sm-73a">
         <name>SimpleLinkHttpServerCallback</name>
         <value>0x4809</value>
         <object_component_ref idref="oc-aa"/>
      </symbol>
      <symbol id="sm-73b">
         <name>g_PingPacketsRecv</name>
         <value>0x20000454</value>
         <object_component_ref idref="oc-f7"/>
      </symbol>
      <symbol id="sm-73c">
         <name>g_StationIP</name>
         <value>0x2000045c</value>
         <object_component_ref idref="oc-f7"/>
      </symbol>
      <symbol id="sm-73d">
         <name>SimpleLinkGeneralEventHandler</name>
         <value>0x4833</value>
         <object_component_ref idref="oc-aa"/>
      </symbol>
      <symbol id="sm-73e">
         <name>SimpleLinkWlanEventHandler</name>
         <value>0x472d</value>
         <object_component_ref idref="oc-aa"/>
      </symbol>
      <symbol id="sm-74d">
         <name>_c_int00</name>
         <value>0x6335</value>
         <object_component_ref idref="oc-10"/>
      </symbol>
      <symbol id="sm-74e">
         <name>__stack</name>
         <value>0x20000000</value>
         <object_component_ref idref="oc-23"/>
      </symbol>
      <symbol id="sm-764">
         <name>__TI_decompress_none</name>
         <value>0x657b</value>
         <object_component_ref idref="oc-14"/>
      </symbol>
      <symbol id="sm-786">
         <name>__TI_decompress_rle24</name>
         <value>0x65dd</value>
         <object_component_ref idref="oc-1e"/>
      </symbol>
      <symbol id="sm-799">
         <name>__TI_zero_init</name>
         <value>0x651f</value>
         <object_component_ref idref="oc-19"/>
      </symbol>
      <symbol id="sm-7b5">
         <name>C$$EXIT</name>
         <value>0x63c1</value>
         <object_component_ref idref="oc-3a"/>
      </symbol>
      <symbol id="sm-7b6">
         <name>abort</name>
         <value>0x63c5</value>
         <object_component_ref idref="oc-3a"/>
      </symbol>
      <symbol id="sm-7b7">
         <name>exit</name>
         <value>0x63cd</value>
         <object_component_ref idref="oc-3a"/>
      </symbol>
      <symbol id="sm-7b8">
         <name>__TI_dtors_ptr</name>
         <value>0x20000474</value>
         <object_component_ref idref="oc-b3"/>
      </symbol>
      <symbol id="sm-7b9">
         <name>__TI_cleanup_ptr</name>
         <value>0x20000470</value>
         <object_component_ref idref="oc-b3"/>
      </symbol>
      <symbol id="sm-7d3">
         <name>memcpy</name>
         <value>0x5fb1</value>
         <object_component_ref idref="oc-42"/>
      </symbol>
      <symbol id="sm-7d4">
         <name>__aeabi_memcpy</name>
         <value>0x5fb1</value>
         <object_component_ref idref="oc-42"/>
      </symbol>
      <symbol id="sm-7d5">
         <name>__aeabi_memcpy8</name>
         <value>0x5fb1</value>
         <object_component_ref idref="oc-42"/>
      </symbol>
      <symbol id="sm-7d6">
         <name>__aeabi_memcpy4</name>
         <value>0x5fb1</value>
         <object_component_ref idref="oc-42"/>
      </symbol>
      <symbol id="sm-7e4">
         <name>__aeabi_memset</name>
         <value>0x6163</value>
         <object_component_ref idref="oc-119"/>
      </symbol>
      <symbol id="sm-7e5">
         <name>memset</name>
         <value>0x6169</value>
         <object_component_ref idref="oc-119"/>
      </symbol>
      <symbol id="sm-7e6">
         <name>__aeabi_memset8</name>
         <value>0x6163</value>
         <object_component_ref idref="oc-119"/>
      </symbol>
      <symbol id="sm-7e7">
         <name>__aeabi_memset4</name>
         <value>0x6163</value>
         <object_component_ref idref="oc-119"/>
      </symbol>
      <symbol id="sm-7e8">
         <name>__aeabi_memclr8</name>
         <value>0x6161</value>
         <object_component_ref idref="oc-119"/>
      </symbol>
      <symbol id="sm-7e9">
         <name>__aeabi_memclr4</name>
         <value>0x6161</value>
         <object_component_ref idref="oc-119"/>
      </symbol>
      <symbol id="sm-7ea">
         <name>__aeabi_memclr</name>
         <value>0x6161</value>
         <object_component_ref idref="oc-119"/>
      </symbol>
      <symbol id="sm-7f1">
         <name>main_func_sp</name>
         <value>0x2000047c</value>
         <object_component_ref idref="oc-3f"/>
      </symbol>
      <symbol id="sm-7fe">
         <name>strlen</name>
         <value>0x64d5</value>
         <object_component_ref idref="oc-108"/>
      </symbol>
      <symbol id="sm-814">
         <name>_nop</name>
         <value>0x64cf</value>
         <object_component_ref idref="oc-132"/>
      </symbol>
      <symbol id="sm-815">
         <name>_lock</name>
         <value>0x20000468</value>
         <object_component_ref idref="oc-b1"/>
      </symbol>
      <symbol id="sm-816">
         <name>_unlock</name>
         <value>0x2000046c</value>
         <object_component_ref idref="oc-b1"/>
      </symbol>
      <symbol id="sm-817">
         <name>_register_lock</name>
         <value>0x64c7</value>
         <object_component_ref idref="oc-132"/>
      </symbol>
      <symbol id="sm-818">
         <name>_register_unlock</name>
         <value>0x64c1</value>
         <object_component_ref idref="oc-132"/>
      </symbol>
      <symbol id="sm-82b">
         <name>_args_main</name>
         <value>0x64a9</value>
         <object_component_ref idref="oc-35"/>
      </symbol>
      <symbol id="sm-847">
         <name>__TI_auto_init</name>
         <value>0x604d</value>
         <object_component_ref idref="oc-31"/>
      </symbol>
      <symbol id="sm-85f">
         <name>copy_in</name>
         <value>0x637d</value>
         <object_component_ref idref="oc-a4"/>
      </symbol>
      <symbol id="sm-87c">
         <name>UARTIntClear</name>
         <value>0x65e3</value>
         <object_component_ref idref="oc-89"/>
      </symbol>
      <symbol id="sm-87d">
         <name>UARTIntStatus</name>
         <value>0x65c1</value>
         <object_component_ref idref="oc-84"/>
      </symbol>
      <symbol id="sm-8d4">
         <name>SysCtlClockSet</name>
         <value>0x5ec1</value>
         <object_component_ref idref="oc-6b"/>
      </symbol>
      <symbol id="sm-8d5">
         <name>SysCtlDelay</name>
         <value>0x65d7</value>
         <object_component_ref idref="oc-cd"/>
      </symbol>
      <symbol id="sm-8d6">
         <name>SysCtlPeripheralEnable</name>
         <value>0x6449</value>
         <object_component_ref idref="oc-1d1"/>
      </symbol>
      <symbol id="sm-8d7">
         <name>SysCtlClockGet</name>
         <value>0x5a81</value>
         <object_component_ref idref="oc-1db"/>
      </symbol>
      <symbol id="sm-8fd">
         <name>SSIDataGetNonBlocking</name>
         <value>0x650d</value>
         <object_component_ref idref="oc-20d"/>
      </symbol>
      <symbol id="sm-8fe">
         <name>SSIDataPutNonBlocking</name>
         <value>0x656d</value>
         <object_component_ref idref="oc-208"/>
      </symbol>
      <symbol id="sm-8ff">
         <name>SSIConfigSetExpClk</name>
         <value>0x6405</value>
         <object_component_ref idref="oc-1e0"/>
      </symbol>
      <symbol id="sm-900">
         <name>SSIEnable</name>
         <value>0x65b7</value>
         <object_component_ref idref="oc-1e5"/>
      </symbol>
      <symbol id="sm-92b">
         <name>IntEnable</name>
         <value>0x61d9</value>
         <object_component_ref idref="oc-1f9"/>
      </symbol>
      <symbol id="sm-92c">
         <name>IntMasterEnable</name>
         <value>0x65ad</value>
         <object_component_ref idref="oc-1fe"/>
      </symbol>
      <symbol id="sm-990">
         <name>GPIOPinConfigure</name>
         <value>0x62ed</value>
         <object_component_ref idref="oc-150"/>
      </symbol>
      <symbol id="sm-991">
         <name>GPIOIntDisable</name>
         <value>0x6551</value>
         <object_component_ref idref="oc-75"/>
      </symbol>
      <symbol id="sm-992">
         <name>GPIOIntEnable</name>
         <value>0x6595</value>
         <object_component_ref idref="oc-70"/>
      </symbol>
      <symbol id="sm-993">
         <name>GPIOIntTypeSet</name>
         <value>0x6297</value>
         <object_component_ref idref="oc-1f4"/>
      </symbol>
      <symbol id="sm-994">
         <name>GPIOPinTypeGPIOInput</name>
         <value>0x64e9</value>
         <object_component_ref idref="oc-1ea"/>
      </symbol>
      <symbol id="sm-995">
         <name>GPIOIntClear</name>
         <value>0x65cb</value>
         <object_component_ref idref="oc-7f"/>
      </symbol>
      <symbol id="sm-996">
         <name>GPIOIntStatus</name>
         <value>0x655f</value>
         <object_component_ref idref="oc-7a"/>
      </symbol>
      <symbol id="sm-997">
         <name>GPIODirModeSet</name>
         <value>0x647d</value>
         <object_component_ref idref="oc-249"/>
      </symbol>
      <symbol id="sm-998">
         <name>GPIOPinWrite</name>
         <value>0x65d1</value>
         <object_component_ref idref="oc-203"/>
      </symbol>
      <symbol id="sm-999">
         <name>GPIOPadConfigSet</name>
         <value>0x5821</value>
         <object_component_ref idref="oc-1ef"/>
      </symbol>
      <symbol id="sm-99a">
         <name>GPIOPinTypeSSI</name>
         <value>0x64fb</value>
         <object_component_ref idref="oc-1d6"/>
      </symbol>
      <symbol id="sm-9ae">
         <name>FPULazyStackingEnable</name>
         <value>0x6541</value>
         <object_component_ref idref="oc-66"/>
      </symbol>
      <symbol id="sm-9af">
         <name>FPUEnable</name>
         <value>0x6531</value>
         <object_component_ref idref="oc-61"/>
      </symbol>
      <symbol id="sm-9b8">
         <name>CPUcpsie</name>
         <value>0x6589</value>
         <object_component_ref idref="oc-25c"/>
      </symbol>
      <symbol id="sm-9b9">
         <name>__TI_static_base__</name>
         <value>0x0</value>
      </symbol>
      <symbol id="sm-9ba">
         <name>__TI_args_main</name>
         <value>0x1</value>
      </symbol>
      <symbol id="sm-9bb">
         <name>SHT$$INIT_ARRAY$$Limit</name>
         <value>0x0</value>
      </symbol>
      <symbol id="sm-9bc">
         <name>SHT$$INIT_ARRAY$$Base</name>
         <value>0x0</value>
      </symbol>
   </symbol_table>
   <title>Link successful</title>
</link_info>
