******************************************************************************
                  MSP430 Linker PC v4.3.1                      
******************************************************************************
>> Linked Tue Jul 08 17:46:35 2014

OUTPUT FILE NAME:   <nwp_filters.out>
ENTRY POINT SYMBOL: "_c_int00"  address: 00004b74


MEMORY CONFIGURATION

         name            origin    length      used     unused   attr    fill
----------------------  --------  ---------  --------  --------  ----  --------
  SFR                   00000000   00000010  00000000  00000010  RWIX
  PERIPHERALS_8BIT      00000010   000000f0  00000000  000000f0  RWIX
  PERIPHERALS_16BIT     00000100   00000100  00000000  00000100  RWIX
  INFOD                 00001800   00000080  00000000  00000080  RWIX
  INFOC                 00001880   00000080  00000000  00000080  RWIX
  INFOB                 00001900   00000080  00000000  00000080  RWIX
  INFOA                 00001980   00000080  00000000  00000080  RWIX
  USBRAM                00001c00   00000800  00000000  00000800  RWIX
  RAM                   00002400   00002000  0000087e  00001782  RWIX
  FLASH                 00004400   0000bb80  00004efe  00006c82  RWIX
  INT00                 0000ff80   00000002  00000000  00000002  RWIX
  INT01                 0000ff82   00000002  00000000  00000002  RWIX
  INT02                 0000ff84   00000002  00000000  00000002  RWIX
  INT03                 0000ff86   00000002  00000000  00000002  RWIX
  INT04                 0000ff88   00000002  00000000  00000002  RWIX
  INT05                 0000ff8a   00000002  00000000  00000002  RWIX
  INT06                 0000ff8c   00000002  00000000  00000002  RWIX
  INT07                 0000ff8e   00000002  00000000  00000002  RWIX
  INT08                 0000ff90   00000002  00000000  00000002  RWIX
  INT09                 0000ff92   00000002  00000000  00000002  RWIX
  INT10                 0000ff94   00000002  00000000  00000002  RWIX
  INT11                 0000ff96   00000002  00000000  00000002  RWIX
  INT12                 0000ff98   00000002  00000000  00000002  RWIX
  INT13                 0000ff9a   00000002  00000000  00000002  RWIX
  INT14                 0000ff9c   00000002  00000000  00000002  RWIX
  INT15                 0000ff9e   00000002  00000000  00000002  RWIX
  INT16                 0000ffa0   00000002  00000000  00000002  RWIX
  INT17                 0000ffa2   00000002  00000000  00000002  RWIX
  INT18                 0000ffa4   00000002  00000000  00000002  RWIX
  INT19                 0000ffa6   00000002  00000000  00000002  RWIX
  INT20                 0000ffa8   00000002  00000000  00000002  RWIX
  INT21                 0000ffaa   00000002  00000000  00000002  RWIX
  INT22                 0000ffac   00000002  00000000  00000002  RWIX
  INT23                 0000ffae   00000002  00000000  00000002  RWIX
  INT24                 0000ffb0   00000002  00000000  00000002  RWIX
  INT25                 0000ffb2   00000002  00000000  00000002  RWIX
  INT26                 0000ffb4   00000002  00000000  00000002  RWIX
  INT27                 0000ffb6   00000002  00000000  00000002  RWIX
  INT28                 0000ffb8   00000002  00000000  00000002  RWIX
  INT29                 0000ffba   00000002  00000000  00000002  RWIX
  INT30                 0000ffbc   00000002  00000000  00000002  RWIX
  INT31                 0000ffbe   00000002  00000000  00000002  RWIX
  INT32                 0000ffc0   00000002  00000000  00000002  RWIX
  INT33                 0000ffc2   00000002  00000000  00000002  RWIX
  INT34                 0000ffc4   00000002  00000000  00000002  RWIX
  INT35                 0000ffc6   00000002  00000000  00000002  RWIX
  INT36                 0000ffc8   00000002  00000000  00000002  RWIX
  INT37                 0000ffca   00000002  00000000  00000002  RWIX
  INT38                 0000ffcc   00000002  00000000  00000002  RWIX
  INT39                 0000ffce   00000002  00000000  00000002  RWIX
  INT40                 0000ffd0   00000002  00000000  00000002  RWIX
  INT41                 0000ffd2   00000002  00000002  00000000  RWIX
  INT42                 0000ffd4   00000002  00000002  00000000  RWIX
  INT43                 0000ffd6   00000002  00000002  00000000  RWIX
  INT44                 0000ffd8   00000002  00000002  00000000  RWIX
  INT45                 0000ffda   00000002  00000002  00000000  RWIX
  INT46                 0000ffdc   00000002  00000002  00000000  RWIX
  INT47                 0000ffde   00000002  00000002  00000000  RWIX
  INT48                 0000ffe0   00000002  00000002  00000000  RWIX
  INT49                 0000ffe2   00000002  00000002  00000000  RWIX
  INT50                 0000ffe4   00000002  00000002  00000000  RWIX
  INT51                 0000ffe6   00000002  00000002  00000000  RWIX
  INT52                 0000ffe8   00000002  00000002  00000000  RWIX
  INT53                 0000ffea   00000002  00000002  00000000  RWIX
  INT54                 0000ffec   00000002  00000002  00000000  RWIX
  INT55                 0000ffee   00000002  00000002  00000000  RWIX
  INT56                 0000fff0   00000002  00000002  00000000  RWIX
  INT57                 0000fff2   00000002  00000002  00000000  RWIX
  INT58                 0000fff4   00000002  00000002  00000000  RWIX
  INT59                 0000fff6   00000002  00000002  00000000  RWIX
  INT60                 0000fff8   00000002  00000002  00000000  RWIX
  INT61                 0000fffa   00000002  00000002  00000000  RWIX
  INT62                 0000fffc   00000002  00000002  00000000  RWIX
  RESET                 0000fffe   00000002  00000002  00000000  RWIX
  FLASH2                00010000   00014400  00000000  00014400  RWIX


SECTION ALLOCATION MAP

 output                                  attributes/
section   page    origin      length       input sections
--------  ----  ----------  ----------   ----------------
.pinit     0    00004400    00000000     UNINITIALIZED

.bss       0    00002400    000006ee     UNINITIALIZED
                  00002400    00000584     main.obj (.bss)
                  00002984    00000132     driver.obj (.bss)
                  00002ab6    0000001e     nonos.obj (.bss)
                  00002ad4    00000008     rts430x.lib : _lock.obj (.bss)
                  00002adc    00000008                 : boot.obj (.bss)
                  00002ae4    00000005     board.obj (.bss)
                  00002ae9    00000001     --HOLE--
                  00002aea    00000004     cli_uart.obj (.bss)

.data      0    00002400    00000000     UNINITIALIZED

.stack     0    00004270    00000190     UNINITIALIZED
                  00004270    00000002     rts430x.lib : boot.obj (.stack)
                  00004272    0000018e     --HOLE--

.const     0    00004400    000006f6     
                  00004400    000004d2     main.obj (.const:.string)
                  000048d2    000000ec     wlan.obj (.const)
                  000049be    00000046     main.obj (.const)
                  00004a04    00000038     driver.obj (.const:_SlActionLookupTable)
                  00004a3c    00000034     socket.obj (.const)
                  00004a70    00000028     netapp.obj (.const)
                  00004a98    00000024     fs.obj (.const)
                  00004abc    00000014     device.obj (.const)
                  00004ad0    00000014     driver.obj (.const)
                  00004ae4    00000008     netcfg.obj (.const)
                  00004aec    00000006     main.obj (.const:.string:$P$T3$4)
                  00004af2    00000004     main.obj (.const:.string:$P$T4$5)

.text:_isr 
*          0    00004af6    000000e6     
                  00004af6    00000044     cli_uart.obj (.text:_isr:UART_ISR)
                  00004b3a    0000003a     board.obj (.text:_isr:Port1_ISR)
                  00004b74    0000002a     rts430x.lib : boot.obj (.text:_isr:_c_int00_noexit)
                  00004b9e    00000022     board.obj (.text:_isr:IntSpiGPIOHandler)
                  00004bc0    00000018     board.obj (.text:_isr:CC3100_UART_ISR)
                  00004bd8    00000004     board.obj (.text:_isr:Trap_ISR)

.cinit     0    00004bdc    00000036     
                  00004bdc    00000018     main.obj (.cinit)
                  00004bf4    0000000e     driver.obj (.cinit)
                  00004c02    00000008     board.obj (.cinit)
                  00004c0a    00000006     cli_uart.obj (.cinit)
                  00004c10    00000002     --HOLE-- [fill = 0]

.text      0    00004c12    000046ec     
                  00004c12    000005b8     driver.obj (.text:_SlAsyncEventGenericHandler)
                  000051ca    00000568     driver.obj (.text:_SlDrvMsgRead)
                  00005732    00000318     main.obj (.text:configureSimpleLinkToDefaultState)
                  00005a4a    000002ce     main.obj (.text:BsdTcpServer)
                  00005d18    0000023a     driver.obj (.text:_SlDrvDataReadOp)
                  00005f52    00000234     wlan.obj (.text:sl_WlanConnect)
                  00006186    0000022c     driver.obj (.text:_SlDrvRxHdrRead)
                  000063b2    00000212     driver.obj (.text:_SlDrvWaitForPoolObj)
                  000065c4    000001c4     driver.obj (.text:_SlDrvReleasePoolObj)
                  00006788    0000019c     socket.obj (.text:sl_Accept)
                  00006924    0000018e     driver.obj (.text:_SlDrvMsgWrite)
                  00006ab2    0000018a     main.obj (.text:main)
                  00006c3c    0000015e     main.obj (.text:CreateFilters)
                  00006d9a    00000134     board.obj (.text:Init_FLL)
                  00006ece    00000134     device.obj (.text:sl_Start)
                  00007002    00000126     device.obj (.text:sl_Stop)
                  00007128    00000124     netapp.obj (.text:_SlDrvNetAppEventHandler)
                  0000724c    00000112     driver.obj (.text:_SlFindAndSetActiveObj)
                  0000735e    000000f6     board.obj (.text:SetVCoreUp)
                  00007454    000000e4     driver.obj (.text:_SlDrvClassifyRxMsg)
                  00007538    000000e4     driver.obj (.text:_SlDrvDriverCBInit)
                  0000761c    000000e4     netapp.obj (.text:_sl_HandleAsync_DnsGetHostByService)
                  00007700    000000dc     driver.obj (.text:_SlDrvMsgReadCmdCtx)
                  000077dc    000000dc     driver.obj (.text:_SlDrvMsgReadSpawnCtx)
                  000078b8    000000dc     netapp.obj (.text:sl_NetAppMDNSRegisterUnregisterService)
                  00007994    000000d4     device.obj (.text:_sl_HandleAsync_InitComplete)
                  00007a68    000000c2     netapp.obj (.text:_sl_HandleAsync_DnsGetHostByName)
                  00007b2a    000000c2     netapp.obj (.text:_sl_HandleAsync_PingResponse)
                  00007bec    000000c0     socket.obj (.text:_sl_HandleAsync_Connect)
                  00007cac    000000b6     device.obj (.text:sl_DevGet)
                  00007d62    000000ae     board.obj (.text:SetVCoreDown)
                  00007e10    000000a8     socket.obj (.text:_sl_HandleAsync_Accept)
                  00007eb8    00000098     driver.obj (.text:_SlDrvDriverCBDeinit)
                  00007f50    00000096     socket.obj (.text:_sl_HandleAsync_Select)
                  00007fe6    00000096     device.obj (.text:_sl_HandleAsync_Stop)
                  0000807c    00000090     driver.obj (.text:_SlDrvCmdOp)
                  0000810c    00000090     driver.obj (.text:_SlRemoveFromList)
                  0000819c    00000090     socket.obj (.text:sl_Bind)
                  0000822c    0000008a     device.obj (.text:_sl_GetStartResponseConvert)
                  000082b6    0000008a     wlan.obj (.text:sl_WlanRxFilterAdd)
                  00008340    0000007e     spi.obj (.text:spi_Open)
                  000083be    0000007a     netcfg.obj (.text:sl_NetCfgSet)
                  00008438    00000078     main.obj (.text:establishConnectionWithAP)
                  000084b0    0000006c     socket.obj (.text:sl_Recv)
                  0000851c    0000006a     board.obj (.text:SetVCore)
                  00008586    0000006a     wlan.obj (.text:sl_WlanSet)
                  000085f0    00000068     main.obj (.text:SimpleLinkWlanEventHandler)
                  00008658    00000068     driver.obj (.text:_SlDrvObjInit)
                  000086c0    00000066     device.obj (.text:_SlDrvDeviceEventHandler)
                  00008726    00000066     nonos.obj (.text:_SlNonOsMainLoopTask)
                  0000878c    00000066     socket.obj (.text:_sl_BuildAddress)
                  000087f2    00000066     netapp.obj (.text:sl_NetAppSendTokenValue)
                  00008858    00000066     socket.obj (.text:sl_SetSockOpt)
                  000088be    00000064     nonos.obj (.text:_SlNonOsSpawn)
                  00008922    00000064     wlan.obj (.text:sl_WlanPolicySet)
                  00008986    00000062     netapp.obj (.text:CopyPingResultsToReport)
                  000089e8    0000005c     rts430x.lib : autoinit.obj (.text:_auto_init_hold_wdt)
                  00008a44    00000058                 : div32u.obj (.text)
                  00008a9c    00000058     wlan.obj (.text:sl_WlanRxFilterSet)
                  00008af4    00000058     spi.obj (.text:spi_Read)
                  00008b4c    00000052     socket.obj (.text:sl_Socket)
                  00008b9e    00000050     nonos.obj (.text:_SlNonOsSemGet)
                  00008bee    00000050     spi.obj (.text:spi_Write)
                  00008c3e    0000004e     board.obj (.text:Init_FLL_Settle)
                  00008c8c    0000004a     cli_uart.obj (.text:CLI_Write)
                  00008cd6    00000048     main.obj (.text:SimpleLinkSockEventHandler)
                  00008d1e    00000048     netapp.obj (.text:sl_NetAppMDNSUnRegisterService)
                  00008d66    00000046     driver.obj (.text:_SlDrvBasicCmd)
                  00008dac    00000046     flowcont.obj (.text:_SlDrvFlowContInit)
                  00008df2    00000046     driver.obj (.text:_SlDrvRxIrqHandler)
                  00008e38    00000042     flowcont.obj (.text:_SlDrvFlowContDeinit)
                  00008e7a    0000003e     main.obj (.text:EnableAllFilters)
                  00008eb8    0000003e     board.obj (.text:LFXT_Start)
                  00008ef6    0000003e     main.obj (.text:RemoveAllFilters)
                  00008f34    0000003e     driver.obj (.text:_SlDrvCmdSend)
                  00008f72    0000003a     board.obj (.text:Delay)
                  00008fac    0000003a     driver.obj (.text:_SlDrvShiftDWord)
                  00008fe6    0000003a     socket.obj (.text:sl_Listen)
                  00009020    00000034     cli_uart.obj (.text:CLI_Configure)
                  00009054    00000034     socket.obj (.text:sl_Htons)
                  00009088    00000030     board.obj (.text:initClk)
                  000090b8    0000002e     main.obj (.text:SimpleLinkNetAppEventHandler)
                  000090e6    0000002c     socket.obj (.text:sl_Close)
                  00009112    0000002c     wlan.obj (.text:sl_WlanProfileDel)
                  0000913e    0000002c     wlan.obj (.text:sl_WlanSetMode)
                  0000916a    00000022     main.obj (.text:displayBanner)
                  0000918c    00000022     rts430x.lib : mult32_f5hw.obj (.text)
                  000091ae    0000001e     driver.obj (.text:_SlDrvObjDeInit)
                  000091cc    0000001c     board.obj (.text:registerInterruptHandler)
                  000091e8    00000018     main.obj (.text:initializeAppVariables)
                  00009200    00000016     main.obj (.text:SimpleLinkHttpServerCallback)
                  00009216    00000016     nonos.obj (.text:_SlNonOsSemSet)
                  0000922c    00000016     rts430x.lib : div16u.obj (.text)
                  00009242    00000016                 : mult16_f5hw.obj (.text)
                  00009258    00000014                 : memset.obj (.text:memset)
                  0000926c    00000012     main.obj (.text:SimpleLinkGeneralEventHandler)
                  0000927e    00000012     rts430x.lib : memcpy.obj (.text:memcpy)
                  00009290    00000010     spi.obj (.text:spi_Close)
                  000092a0    0000000e     rts430x.lib : strlen.obj (.text:strlen)
                  000092ae    0000000a     board.obj (.text:CC3100_InterruptEnable)
                  000092b8    0000000a     rts430x.lib : asr16.obj (.text)
                  000092c2    0000000a                 : lsl16.obj (.text)
                  000092cc    0000000a     wlan.obj (.text:sl_WlanDisconnect)
                  000092d6    00000008     board.obj (.text:CC3100_disable)
                  000092de    00000008     board.obj (.text:CC3100_enable)
                  000092e6    00000008     board.obj (.text:stopWDT)
                  000092ee    00000006     board.obj (.text:CC3100_InterruptDisable)
                  000092f4    00000004     rts430x.lib : pre_init.obj (.text:_system_pre_init)
                  000092f8    00000004                 : exit.obj (.text:abort)
                  000092fc    00000002                 : _lock.obj (.text:_nop)

RTC        0    0000ffd2    00000002     
                  0000ffd2    00000002     board.obj (.int41)

PORT2      0    0000ffd4    00000002     
                  0000ffd4    00000002     board.obj (.int42)

TIMER2_A1 
*          0    0000ffd6    00000002     
                  0000ffd6    00000002     board.obj (.int43)

TIMER2_A0 
*          0    0000ffd8    00000002     
                  0000ffd8    00000002     board.obj (.int44)

USCI_B1    0    0000ffda    00000002     
                  0000ffda    00000002     board.obj (.int45)

USCI_A1    0    0000ffdc    00000002     
                  0000ffdc    00000002     cli_uart.obj (.int46)

PORT1      0    0000ffde    00000002     
                  0000ffde    00000002     board.obj (.int47)

TIMER1_A1 
*          0    0000ffe0    00000002     
                  0000ffe0    00000002     board.obj (.int48)

TIMER1_A0 
*          0    0000ffe2    00000002     
                  0000ffe2    00000002     board.obj (.int49)

DMA        0    0000ffe4    00000002     
                  0000ffe4    00000002     board.obj (.int50)

USB_UBM    0    0000ffe6    00000002     
                  0000ffe6    00000002     board.obj (.int51)

TIMER0_A1 
*          0    0000ffe8    00000002     
                  0000ffe8    00000002     board.obj (.int52)

TIMER0_A0 
*          0    0000ffea    00000002     
                  0000ffea    00000002     board.obj (.int53)

ADC12      0    0000ffec    00000002     
                  0000ffec    00000002     board.obj (.int54)

USCI_B0    0    0000ffee    00000002     
                  0000ffee    00000002     board.obj (.int55)

USCI_A0    0    0000fff0    00000002     
                  0000fff0    00000002     board.obj (.int56)

WDT        0    0000fff2    00000002     
                  0000fff2    00000002     board.obj (.int57)

TIMER0_B1 
*          0    0000fff4    00000002     
                  0000fff4    00000002     board.obj (.int58)

TIMER0_B0 
*          0    0000fff6    00000002     
                  0000fff6    00000002     board.obj (.int59)

COMP_B     0    0000fff8    00000002     
                  0000fff8    00000002     board.obj (.int60)

UNMI       0    0000fffa    00000002     
                  0000fffa    00000002     board.obj (.int61)

SYSNMI     0    0000fffc    00000002     
                  0000fffc    00000002     board.obj (.int62)

.reset     0    0000fffe    00000002     
                  0000fffe    00000002     rts430x.lib : boot.obj (.reset)


GLOBAL SYMBOLS: SORTED ALPHABETICALLY BY Name 

address    name
--------   ----
00002400   .bss
00002400   .data
ffffffff   .text
00000700   ADC12CTL0
00000701   ADC12CTL0_H
00000700   ADC12CTL0_L
00000702   ADC12CTL1
00000703   ADC12CTL1_H
00000702   ADC12CTL1_L
00000704   ADC12CTL2
00000705   ADC12CTL2_H
00000704   ADC12CTL2_L
0000070c   ADC12IE
0000070d   ADC12IE_H
0000070c   ADC12IE_L
0000070a   ADC12IFG
0000070b   ADC12IFG_H
0000070a   ADC12IFG_L
0000070e   ADC12IV
0000070f   ADC12IV_H
0000070e   ADC12IV_L
00000710   ADC12MCTL0
00000711   ADC12MCTL1
0000071a   ADC12MCTL10
0000071b   ADC12MCTL11
0000071c   ADC12MCTL12
0000071d   ADC12MCTL13
0000071e   ADC12MCTL14
0000071f   ADC12MCTL15
00000712   ADC12MCTL2
00000713   ADC12MCTL3
00000714   ADC12MCTL4
00000715   ADC12MCTL5
00000716   ADC12MCTL6
00000717   ADC12MCTL7
00000718   ADC12MCTL8
00000719   ADC12MCTL9
00000720   ADC12MEM0
00000721   ADC12MEM0_H
00000720   ADC12MEM0_L
00000722   ADC12MEM1
00000734   ADC12MEM10
00000735   ADC12MEM10_H
00000734   ADC12MEM10_L
00000736   ADC12MEM11
00000737   ADC12MEM11_H
00000736   ADC12MEM11_L
00000738   ADC12MEM12
00000739   ADC12MEM12_H
00000738   ADC12MEM12_L
0000073a   ADC12MEM13
0000073b   ADC12MEM13_H
0000073a   ADC12MEM13_L
0000073c   ADC12MEM14
0000073d   ADC12MEM14_H
0000073c   ADC12MEM14_L
0000073e   ADC12MEM15
0000073f   ADC12MEM15_H
0000073e   ADC12MEM15_L
00000723   ADC12MEM1_H
00000722   ADC12MEM1_L
00000724   ADC12MEM2
00000725   ADC12MEM2_H
00000724   ADC12MEM2_L
00000726   ADC12MEM3
00000727   ADC12MEM3_H
00000726   ADC12MEM3_L
00000728   ADC12MEM4
00000729   ADC12MEM4_H
00000728   ADC12MEM4_L
0000072a   ADC12MEM5
0000072b   ADC12MEM5_H
0000072a   ADC12MEM5_L
0000072c   ADC12MEM6
0000072d   ADC12MEM6_H
0000072c   ADC12MEM6_L
0000072e   ADC12MEM7
0000072f   ADC12MEM7_H
0000072e   ADC12MEM7_L
00000730   ADC12MEM8
00000731   ADC12MEM8_H
00000730   ADC12MEM8_L
00000732   ADC12MEM9
00000733   ADC12MEM9_H
00000732   ADC12MEM9_L
000092f8   C$$EXIT
000008c0   CBCTL0
000008c1   CBCTL0_H
000008c0   CBCTL0_L
000008c2   CBCTL1
000008c3   CBCTL1_H
000008c2   CBCTL1_L
000008c4   CBCTL2
000008c5   CBCTL2_H
000008c4   CBCTL2_L
000008c6   CBCTL3
000008c7   CBCTL3_H
000008c6   CBCTL3_L
000008cc   CBINT
000008cd   CBINT_H
000008cc   CBINT_L
000008ce   CBIV
000092ee   CC3100_InterruptDisable
000092ae   CC3100_InterruptEnable
00004bc0   CC3100_UART_ISR
000092d6   CC3100_disable
000092de   CC3100_enable
00009020   CLI_Configure
00008c8c   CLI_Write
00000150   CRCDI
00000152   CRCDIRB
00000153   CRCDIRB_H
00000152   CRCDIRB_L
00000151   CRCDI_H
00000150   CRCDI_L
00000154   CRCINIRES
00000155   CRCINIRES_H
00000154   CRCINIRES_L
00000156   CRCRESR
00000157   CRCRESR_H
00000156   CRCRESR_L
00008986   CopyPingResultsToReport
00000510   DMA0CTL
00000511   DMA0CTL_H
00000510   DMA0CTL_L
00000516   DMA0DA
00000516   DMA0DAL
00000512   DMA0SA
00000512   DMA0SAL
0000051a   DMA0SZ
00000520   DMA1CTL
00000521   DMA1CTL_H
00000520   DMA1CTL_L
00000526   DMA1DA
00000526   DMA1DAL
00000522   DMA1SA
00000522   DMA1SAL
0000052a   DMA1SZ
00000530   DMA2CTL
00000531   DMA2CTL_H
00000530   DMA2CTL_L
00000536   DMA2DA
00000536   DMA2DAL
00000532   DMA2SA
00000532   DMA2SAL
0000053a   DMA2SZ
00000500   DMACTL0
00000501   DMACTL0_H
00000500   DMACTL0_L
00000502   DMACTL1
00000503   DMACTL1_H
00000502   DMACTL1_L
00000504   DMACTL2
00000505   DMACTL2_H
00000504   DMACTL2_L
00000506   DMACTL3
00000507   DMACTL3_H
00000506   DMACTL3_L
00000508   DMACTL4
00000509   DMACTL4_H
00000508   DMACTL4_L
0000050e   DMAIV
0000050f   DMAIV_H
0000050e   DMAIV_L
00008f72   Delay
00000140   FCTL1
00000141   FCTL1_H
00000140   FCTL1_L
00000144   FCTL3
00000145   FCTL3_H
00000144   FCTL3_L
00000146   FCTL4
00000147   FCTL4_H
00000146   FCTL4_L
000092b8   I_ASR
000092c2   I_LSL
00006d9a   Init_FLL
00008c3e   Init_FLL_Settle
00002ae8   IntIsMasked
00004b9e   IntSpiGPIOHandler
00008eb8   LFXT_Start
000004c4   MAC
000004da   MAC32H
000004db   MAC32H_H
000004da   MAC32H_L
000004d8   MAC32L
000004d9   MAC32L_H
000004d8   MAC32L_L
000004c6   MACS
000004de   MACS32H
000004df   MACS32H_H
000004de   MACS32H_L
000004dc   MACS32L
000004dd   MACS32L_H
000004dc   MACS32L_L
000004c7   MACS_H
000004c6   MACS_L
000004c5   MAC_H
000004c4   MAC_L
000004c0   MPY
000004ec   MPY32CTL0
000004ed   MPY32CTL0_H
000004ec   MPY32CTL0_L
000004d2   MPY32H
000004d3   MPY32H_H
000004d2   MPY32H_L
000004d0   MPY32L
000004d1   MPY32L_H
000004d0   MPY32L_L
000004c2   MPYS
000004d6   MPYS32H
000004d7   MPYS32H_H
000004d6   MPYS32H_L
000004d4   MPYS32L
000004d5   MPYS32L_H
000004d4   MPYS32L_L
000004c3   MPYS_H
000004c2   MPYS_L
000004c1   MPY_H
000004c0   MPY_L
000004c8   OP2
000004e2   OP2H
000004e3   OP2H_H
000004e2   OP2H_L
000004e0   OP2L
000004e1   OP2L_H
000004e0   OP2L_L
000004c9   OP2_H
000004c8   OP2_L
0000020e   P1IV
0000021e   P2IV
000001e0   P4MAP01
000001e1   P4MAP01_H
000001e0   P4MAP01_L
000001e2   P4MAP23
000001e3   P4MAP23_H
000001e2   P4MAP23_L
000001e4   P4MAP45
000001e5   P4MAP45_H
000001e4   P4MAP45_L
000001e6   P4MAP67
000001e7   P4MAP67_H
000001e6   P4MAP67_L
00000204   PADIR
00000205   PADIR_H
00000204   PADIR_L
00000208   PADS
00000209   PADS_H
00000208   PADS_L
0000021a   PAIE
00000218   PAIES
00000219   PAIES_H
00000218   PAIES_L
0000021b   PAIE_H
0000021a   PAIE_L
0000021c   PAIFG
0000021d   PAIFG_H
0000021c   PAIFG_L
00000200   PAIN
00000201   PAIN_H
00000200   PAIN_L
00000202   PAOUT
00000203   PAOUT_H
00000202   PAOUT_L
00000206   PAREN
00000207   PAREN_H
00000206   PAREN_L
0000020a   PASEL
0000020b   PASEL_H
0000020a   PASEL_L
00000224   PBDIR
00000225   PBDIR_H
00000224   PBDIR_L
00000228   PBDS
00000229   PBDS_H
00000228   PBDS_L
00000220   PBIN
00000221   PBIN_H
00000220   PBIN_L
00000222   PBOUT
00000223   PBOUT_H
00000222   PBOUT_L
00000226   PBREN
00000227   PBREN_H
00000226   PBREN_L
0000022a   PBSEL
0000022b   PBSEL_H
0000022a   PBSEL_L
00000244   PCDIR
00000245   PCDIR_H
00000244   PCDIR_L
00000248   PCDS
00000249   PCDS_H
00000248   PCDS_L
00000240   PCIN
00000241   PCIN_H
00000240   PCIN_L
00000242   PCOUT
00000243   PCOUT_H
00000242   PCOUT_L
00000246   PCREN
00000247   PCREN_H
00000246   PCREN_L
0000024a   PCSEL
0000024b   PCSEL_H
0000024a   PCSEL_L
00000264   PDDIR
00000265   PDDIR_H
00000264   PDDIR_L
00000268   PDDS
00000269   PDDS_H
00000268   PDDS_L
00000260   PDIN
00000261   PDIN_H
00000260   PDIN_L
00000262   PDOUT
00000263   PDOUT_H
00000262   PDOUT_L
00000266   PDREN
00000267   PDREN_H
00000266   PDREN_L
0000026a   PDSEL
0000026b   PDSEL_H
0000026a   PDSEL_L
00000324   PJDIR
00000325   PJDIR_H
00000324   PJDIR_L
00000328   PJDS
00000329   PJDS_H
00000328   PJDS_L
00000320   PJIN
00000321   PJIN_H
00000320   PJIN_L
00000322   PJOUT
00000323   PJOUT_H
00000322   PJOUT_L
00000326   PJREN
00000327   PJREN_H
00000326   PJREN_L
00000130   PM5CTL0
00000131   PM5CTL0_H
00000130   PM5CTL0_L
000001c2   PMAPCTL
000001c3   PMAPCTL_H
000001c2   PMAPCTL_L
000001c0   PMAPKEYID
000001c1   PMAPKEYID_H
000001c0   PMAPKEYID_L
00000120   PMMCTL0
00000121   PMMCTL0_H
00000120   PMMCTL0_L
00000122   PMMCTL1
00000123   PMMCTL1_H
00000122   PMMCTL1_L
0000012c   PMMIFG
0000012d   PMMIFG_H
0000012c   PMMIFG_L
0000012e   PMMRIE
0000012f   PMMRIE_H
0000012e   PMMRIE_L
00004b3a   Port1_ISR
00000158   RCCTL0
00000159   RCCTL0_H
00000158   RCCTL0_L
000001b0   REFCTL0
000001b1   REFCTL0_H
000001b0   REFCTL0_L
000004e4   RES0
000004e5   RES0_H
000004e4   RES0_L
000004e6   RES1
000004e7   RES1_H
000004e6   RES1_L
000004e8   RES2
000004e9   RES2_H
000004e8   RES2_L
000004ea   RES3
000004eb   RES3_H
000004ea   RES3_L
000004cc   RESHI
000004cd   RESHI_H
000004cc   RESHI_L
000004ca   RESLO
000004cb   RESLO_H
000004ca   RESLO_L
000004ba   RTCADOWDAY
000004bb   RTCADOWDAY_H
000004ba   RTCADOWDAY_L
000004b8   RTCAMINHR
000004b9   RTCAMINHR_H
000004b8   RTCAMINHR_L
000004a0   RTCCTL01
000004a1   RTCCTL01_H
000004a0   RTCCTL01_L
000004a2   RTCCTL23
000004a3   RTCCTL23_H
000004a2   RTCCTL23_L
000004b4   RTCDATE
000004b5   RTCDATE_H
000004b4   RTCDATE_L
000004ae   RTCIV
000004ac   RTCPS
000004a8   RTCPS0CTL
000004a9   RTCPS0CTL_H
000004a8   RTCPS0CTL_L
000004aa   RTCPS1CTL
000004ab   RTCPS1CTL_H
000004aa   RTCPS1CTL_L
000004ad   RTCPS_H
000004ac   RTCPS_L
000004b0   RTCTIM0
000004b1   RTCTIM0_H
000004b0   RTCTIM0_L
000004b2   RTCTIM1
000004b3   RTCTIM1_H
000004b2   RTCTIM1_L
000004b6   RTCYEAR
000004b7   RTCYEAR_H
000004b6   RTCYEAR_L
00000100   SFRIE1
00000101   SFRIE1_H
00000100   SFRIE1_L
00000102   SFRIFG1
00000103   SFRIFG1_H
00000102   SFRIFG1_L
00000104   SFRRPCR
00000105   SFRRPCR_H
00000104   SFRRPCR_L
000004ce   SUMEXT
000004cf   SUMEXT_H
000004ce   SUMEXT_L
00000124   SVSMHCTL
00000125   SVSMHCTL_H
00000124   SVSMHCTL_L
00000128   SVSMIO
00000129   SVSMIO_H
00000128   SVSMIO_L
00000126   SVSMLCTL
00000127   SVSMLCTL_H
00000126   SVSMLCTL_L
00000198   SYSBERRIV
00000199   SYSBERRIV_H
00000198   SYSBERRIV_L
00000182   SYSBSLC
00000183   SYSBSLC_H
00000182   SYSBSLC_L
00000180   SYSCTL
00000181   SYSCTL_H
00000180   SYSCTL_L
00000186   SYSJMBC
00000187   SYSJMBC_H
00000186   SYSJMBC_L
00000188   SYSJMBI0
00000189   SYSJMBI0_H
00000188   SYSJMBI0_L
0000018a   SYSJMBI1
0000018b   SYSJMBI1_H
0000018a   SYSJMBI1_L
0000018c   SYSJMBO0
0000018d   SYSJMBO0_H
0000018c   SYSJMBO0_L
0000018e   SYSJMBO1
0000018f   SYSJMBO1_H
0000018e   SYSJMBO1_L
0000019e   SYSRSTIV
0000019f   SYSRSTIV_H
0000019e   SYSRSTIV_L
0000019c   SYSSNIV
0000019d   SYSSNIV_H
0000019c   SYSSNIV_L
0000019a   SYSUNIV
0000019b   SYSUNIV_H
0000019a   SYSUNIV_L
0000851c   SetVCore
0000926c   SimpleLinkGeneralEventHandler
00009200   SimpleLinkHttpServerCallback
000090b8   SimpleLinkNetAppEventHandler
00008cd6   SimpleLinkSockEventHandler
000085f0   SimpleLinkWlanEventHandler
00000352   TA0CCR0
00000354   TA0CCR1
00000356   TA0CCR2
00000358   TA0CCR3
0000035a   TA0CCR4
00000342   TA0CCTL0
00000344   TA0CCTL1
00000346   TA0CCTL2
00000348   TA0CCTL3
0000034a   TA0CCTL4
00000340   TA0CTL
00000360   TA0EX0
0000036e   TA0IV
00000350   TA0R
00000392   TA1CCR0
00000394   TA1CCR1
00000396   TA1CCR2
00000382   TA1CCTL0
00000384   TA1CCTL1
00000386   TA1CCTL2
00000380   TA1CTL
000003a0   TA1EX0
000003ae   TA1IV
00000390   TA1R
00000412   TA2CCR0
00000414   TA2CCR1
00000416   TA2CCR2
00000402   TA2CCTL0
00000404   TA2CCTL1
00000406   TA2CCTL2
00000400   TA2CTL
00000420   TA2EX0
0000042e   TA2IV
00000410   TA2R
000003d2   TB0CCR0
000003d4   TB0CCR1
000003d6   TB0CCR2
000003d8   TB0CCR3
000003da   TB0CCR4
000003dc   TB0CCR5
000003de   TB0CCR6
000003c2   TB0CCTL0
000003c4   TB0CCTL1
000003c6   TB0CCTL2
000003c8   TB0CCTL3
000003ca   TB0CCTL4
000003cc   TB0CCTL5
000003ce   TB0CCTL6
000003c0   TB0CTL
000003e0   TB0EX0
000003ee   TB0IV
000003d0   TB0R
00004bd8   Trap_ISR
00004af6   UART_ISR
000005d0   UCA0ABCTL
000005c6   UCA0BRW
000005c7   UCA0BRW_H
000005c6   UCA0BRW_L
000005c0   UCA0CTLW0
000005c1   UCA0CTLW0_H
000005c0   UCA0CTLW0_L
000005dc   UCA0ICTL
000005dd   UCA0ICTL_H
000005dc   UCA0ICTL_L
000005d2   UCA0IRCTL
000005d3   UCA0IRCTL_H
000005d2   UCA0IRCTL_L
000005de   UCA0IV
000005c8   UCA0MCTL
000005cc   UCA0RXBUF
000005ca   UCA0STAT
000005ce   UCA0TXBUF
00000610   UCA1ABCTL
00000606   UCA1BRW
00000607   UCA1BRW_H
00000606   UCA1BRW_L
00000600   UCA1CTLW0
00000601   UCA1CTLW0_H
00000600   UCA1CTLW0_L
0000061c   UCA1ICTL
0000061d   UCA1ICTL_H
0000061c   UCA1ICTL_L
00000612   UCA1IRCTL
00000613   UCA1IRCTL_H
00000612   UCA1IRCTL_L
0000061e   UCA1IV
00000608   UCA1MCTL
0000060c   UCA1RXBUF
0000060a   UCA1STAT
0000060e   UCA1TXBUF
000005e6   UCB0BRW
000005e7   UCB0BRW_H
000005e6   UCB0BRW_L
000005e0   UCB0CTLW0
000005e1   UCB0CTLW0_H
000005e0   UCB0CTLW0_L
000005f0   UCB0I2COA
000005f1   UCB0I2COA_H
000005f0   UCB0I2COA_L
000005f2   UCB0I2CSA
000005f3   UCB0I2CSA_H
000005f2   UCB0I2CSA_L
000005fc   UCB0ICTL
000005fd   UCB0ICTL_H
000005fc   UCB0ICTL_L
000005fe   UCB0IV
000005ec   UCB0RXBUF
000005ea   UCB0STAT
000005ee   UCB0TXBUF
00000626   UCB1BRW
00000627   UCB1BRW_H
00000626   UCB1BRW_L
00000620   UCB1CTLW0
00000621   UCB1CTLW0_H
00000620   UCB1CTLW0_L
00000630   UCB1I2COA
00000631   UCB1I2COA_H
00000630   UCB1I2COA_L
00000632   UCB1I2CSA
00000633   UCB1I2CSA_H
00000632   UCB1I2CSA_L
0000063c   UCB1ICTL
0000063d   UCB1ICTL_H
0000063c   UCB1ICTL_L
0000063e   UCB1IV
0000062c   UCB1RXBUF
0000062a   UCB1STAT
0000062e   UCB1TXBUF
00000160   UCSCTL0
00000161   UCSCTL0_H
00000160   UCSCTL0_L
00000162   UCSCTL1
00000163   UCSCTL1_H
00000162   UCSCTL1_L
00000164   UCSCTL2
00000165   UCSCTL2_H
00000164   UCSCTL2_L
00000166   UCSCTL3
00000167   UCSCTL3_H
00000166   UCSCTL3_L
00000168   UCSCTL4
00000169   UCSCTL4_H
00000168   UCSCTL4_L
0000016a   UCSCTL5
0000016b   UCSCTL5_H
0000016a   UCSCTL5_L
0000016c   UCSCTL6
0000016d   UCSCTL6_H
0000016c   UCSCTL6_L
0000016e   UCSCTL7
0000016f   UCSCTL7_H
0000016e   UCSCTL7_L
00000170   UCSCTL8
00000171   UCSCTL8_H
00000170   UCSCTL8_L
00000902   USBCNF
00000903   USBCNF_H
00000902   USBCNF_L
0000093c   USBCTL
0000093a   USBFN
0000093b   USBFN_H
0000093a   USBFN_L
0000093f   USBFUNADR
0000093d   USBIE
00002378   USBIEP0BUF
000023c9   USBIEPBBAX_1
000023d1   USBIEPBBAX_2
000023d9   USBIEPBBAX_3
000023e1   USBIEPBBAX_4
000023e9   USBIEPBBAX_5
000023f1   USBIEPBBAX_6
000023f9   USBIEPBBAX_7
000023cd   USBIEPBBAY_1
000023d5   USBIEPBBAY_2
000023dd   USBIEPBBAY_3
000023e5   USBIEPBBAY_4
000023ed   USBIEPBBAY_5
000023f5   USBIEPBBAY_6
000023fd   USBIEPBBAY_7
000023ca   USBIEPBCTX_1
000023d2   USBIEPBCTX_2
000023da   USBIEPBCTX_3
000023e2   USBIEPBCTX_4
000023ea   USBIEPBCTX_5
000023f2   USBIEPBCTX_6
000023fa   USBIEPBCTX_7
000023ce   USBIEPBCTY_1
000023d6   USBIEPBCTY_2
000023de   USBIEPBCTY_3
000023e6   USBIEPBCTY_4
000023ee   USBIEPBCTY_5
000023f6   USBIEPBCTY_6
000023fe   USBIEPBCTY_7
00000920   USBIEPCNF_0
000023c8   USBIEPCNF_1
000023d0   USBIEPCNF_2
000023d8   USBIEPCNF_3
000023e0   USBIEPCNF_4
000023e8   USBIEPCNF_5
000023f0   USBIEPCNF_6
000023f8   USBIEPCNF_7
00000921   USBIEPCNT_0
0000092e   USBIEPIE
00000930   USBIEPIFG
000023cf   USBIEPSIZXY_1
000023d7   USBIEPSIZXY_2
000023df   USBIEPSIZXY_3
000023e7   USBIEPSIZXY_4
000023ef   USBIEPSIZXY_5
000023f7   USBIEPSIZXY_6
000023ff   USBIEPSIZXY_7
0000093e   USBIFG
00000900   USBKEYID
00000901   USBKEYID_H
00000900   USBKEYID_L
00000936   USBMAINT
00000937   USBMAINT_H
00000936   USBMAINT_L
00002370   USBOEP0BUF
00002389   USBOEPBBAX_1
00002391   USBOEPBBAX_2
00002399   USBOEPBBAX_3
000023a1   USBOEPBBAX_4
000023a9   USBOEPBBAX_5
000023b1   USBOEPBBAX_6
000023b9   USBOEPBBAX_7
0000238d   USBOEPBBAY_1
00002395   USBOEPBBAY_2
0000239d   USBOEPBBAY_3
000023a5   USBOEPBBAY_4
000023ad   USBOEPBBAY_5
000023b5   USBOEPBBAY_6
000023bd   USBOEPBBAY_7
0000238a   USBOEPBCTX_1
00002392   USBOEPBCTX_2
0000239a   USBOEPBCTX_3
000023a2   USBOEPBCTX_4
000023aa   USBOEPBCTX_5
000023b2   USBOEPBCTX_6
000023ba   USBOEPBCTX_7
0000238e   USBOEPBCTY_1
00002396   USBOEPBCTY_2
0000239e   USBOEPBCTY_3
000023a6   USBOEPBCTY_4
000023ae   USBOEPBCTY_5
000023b6   USBOEPBCTY_6
000023be   USBOEPBCTY_7
00000922   USBOEPCNF_0
00002388   USBOEPCNF_1
00002390   USBOEPCNF_2
00002398   USBOEPCNF_3
000023a0   USBOEPCNF_4
000023a8   USBOEPCNF_5
000023b0   USBOEPCNF_6
000023b8   USBOEPCNF_7
00000923   USBOEPCNT_0
0000092f   USBOEPIE
00000931   USBOEPIFG
0000238f   USBOEPSIZXY_1
00002397   USBOEPSIZXY_2
0000239f   USBOEPSIZXY_3
000023a7   USBOEPSIZXY_4
000023af   USBOEPSIZXY_5
000023b7   USBOEPSIZXY_6
000023bf   USBOEPSIZXY_7
00000904   USBPHYCTL
00000905   USBPHYCTL_H
00000904   USBPHYCTL_L
00000910   USBPLLCTL
00000911   USBPLLCTL_H
00000910   USBPLLCTL_L
00000912   USBPLLDIVB
00000913   USBPLLDIVB_H
00000912   USBPLLDIVB_L
00000914   USBPLLIR
00000915   USBPLLIR_H
00000914   USBPLLIR_L
00000908   USBPWRCTL
00000909   USBPWRCTL_H
00000908   USBPWRCTL_L
00001c00   USBSTABUFF
00002380   USBSUBLK
0000236f   USBTOPBUFF
00000938   USBTSREG
00000939   USBTSREG_H
00000938   USBTSREG_L
00000932   USBVECINT
00000933   USBVECINT_H
00000932   USBVECINT_L
0000015c   WDTCTL
0000015d   WDTCTL_H
0000015c   WDTCTL_L
00004a50   _SlAcceptCmdCtrl
00004a04   _SlActionLookupTable
00004c12   _SlAsyncEventGenericHandler
00004ac8   _SlDeviceGetCmdCtrl
00004acc   _SlDeviceSetCmdCtrl
00008d66   _SlDrvBasicCmd
00007454   _SlDrvClassifyRxMsg
0000807c   _SlDrvCmdOp
00008f34   _SlDrvCmdSend
00005d18   _SlDrvDataReadOp
000086c0   _SlDrvDeviceEventHandler
00007eb8   _SlDrvDriverCBDeinit
00007538   _SlDrvDriverCBInit
00008e38   _SlDrvFlowContDeinit
00008dac   _SlDrvFlowContInit
000051ca   _SlDrvMsgRead
00007700   _SlDrvMsgReadCmdCtx
000077dc   _SlDrvMsgReadSpawnCtx
00006924   _SlDrvMsgWrite
00007128   _SlDrvNetAppEventHandler
000091ae   _SlDrvObjDeInit
00008658   _SlDrvObjInit
000065c4   _SlDrvReleasePoolObj
00006186   _SlDrvRxHdrRead
00008df2   _SlDrvRxIrqHandler
00008fac   _SlDrvShiftDWord
000063b2   _SlDrvWaitForPoolObj
00004ac4   _SlEventMaskGetCmdCtrl
00004ac0   _SlEventMaskSetCmdCtrl
0000724c   _SlFindAndSetActiveObj
00004a9c   _SlFsCloseCmdCtrl
00004aac   _SlFsDeleteCmdCtrl
00004aa8   _SlFsGetInfoCmdCtrl
00004a98   _SlFsOpenCmdCtrl
00004aa0   _SlFsReadCmdCtrl
00004aa4   _SlFsWriteCmdCtrl
00004a84   _SlGetHostByNameCtrl
00004a80   _SlGetHostByServiceCtrl
00004a78   _SlGetServiceListeCtrl
00004a5c   _SlGetSockOptCmdCtrl
00004a4c   _SlListenCmdCtrl
00004a90   _SlNetAppGetCmdCtrl
00004a8c   _SlNetAppSendTokenValueCmdCtrl
00004a88   _SlNetAppSetCmdCtrl
00004a70   _SlNetAppStartCtrl
00004a74   _SlNetAppStopCtrl
00004ae8   _SlNetCfgGetCmdCtrl
00004ae4   _SlNetCfgSetCmdCtrl
00008726   _SlNonOsMainLoopTask
00008b9e   _SlNonOsSemGet
00009216   _SlNonOsSemSet
000088be   _SlNonOsSpawn
000048d6   _SlPolicyGetCmdCtrl
000048d2   _SlPolicySetCmdCtrl
000048de   _SlProfileDelCmdCtrl
000048da   _SlProfileGetCmdCtrl
00004a54   _SlRecvCmdCtrl
00004a44   _SlRecvfomCmdCtrl
00004a7c   _SlRegisterServiceCtrl
0000810c   _SlRemoveFromList
000048e6   _SlRxFilterAddtCmdCtrl
000048ee   _SlRxFilterGetCmdCtrl
000048ea   _SlRxFilterSetCmdCtrl
00004a60   _SlSelectCmdCtrl
00004a48   _SlSendCmdCtrl
00004a58   _SlSetSockOptCmdCtrl
000048f2   _SlSmartConfigStartCmdCtrl
00004a40   _SlSockCloseCmdCtrl
00004a3c   _SlSockSocketCmdCtrl
00004abc   _SlStopCmdCtrl
000048fe   _SlWlanCfgGetCmdCtrl
000048fa   _SlWlanCfgSetCmdCtrl
000048e2   _SlWlanGetNetworkListCtrl
000048f6   _SlWlanSetModeCmdCtrl
00004400   __STACK_END
00000190   __STACK_SIZE
00000001   __TI_args_main
00000001   __TI_auto_init
00002adc   __TI_cleanup_ptr
00002ae0   __TI_dtors_ptr
00000001   __TI_exit
0000ffd2   __TI_int41
0000ffd4   __TI_int42
0000ffd6   __TI_int43
0000ffd8   __TI_int44
0000ffda   __TI_int45
0000ffdc   __TI_int46
0000ffde   __TI_int47
0000ffe0   __TI_int48
0000ffe2   __TI_int49
0000ffe4   __TI_int50
0000ffe6   __TI_int51
0000ffe8   __TI_int52
0000ffea   __TI_int53
0000ffec   __TI_int54
0000ffee   __TI_int55
0000fff0   __TI_int56
0000fff2   __TI_int57
0000fff4   __TI_int58
0000fff6   __TI_int59
0000fff8   __TI_int60
0000fffa   __TI_int61
0000fffc   __TI_int62
ffffffff   __binit__
00002400   __bss__
ffffffff   __c_args__
00004bdc   __cinit__
00002400   __data__
0000922c   __divu
00008a44   __divul
00002400   __edata__
00002aee   __end__
ffffffff   __etext__
00009242   __mpyi_f5hw
0000918c   __mpyl_f5hw
ffffffff   __pinit__
0000922c   __remu
00008a44   __remul
ffffffff   __text__
000089e8   _auto_init_hold_wdt
00004b74   _c_int00
00004b74   _c_int00_noexit
00002ad4   _lock
000092fc   _nop
0000fffe   _reset_vector
0000878c   _sl_BuildAddress
0000822c   _sl_GetStartResponseConvert
00007e10   _sl_HandleAsync_Accept
00007bec   _sl_HandleAsync_Connect
00007a68   _sl_HandleAsync_DnsGetHostByName
0000761c   _sl_HandleAsync_DnsGetHostByService
00007994   _sl_HandleAsync_InitComplete
00007b2a   _sl_HandleAsync_PingResponse
00007f50   _sl_HandleAsync_Select
00007fe6   _sl_HandleAsync_Stop
00004270   _stack
000092f4   _system_pre_init
00002ad8   _unlock
000092f8   abort
ffffffff   binit
00004bdc   cinit
00002aec   cli_have_cmd
00002400   edata
00002aee   end
ffffffff   etext
00004ad8   g_H2NCnysPattern
00004ad0   g_H2NSyncPattern
00002980   g_IpAddress
0000297a   g_MacAddress
00002984   g_StatMem
00002978   g_Status
00002ab6   g__SlNonOsCB
00002ab0   g_pCB
00002aea   g_ucUARTBuffer
00009088   initClk
00006ab2   main
0000927e   memcpy
00009258   memset
00002ae4   pIraEventHandler
00002ab2   pPingCallBackFunc
ffffffff   pinit
000091cc   registerInterruptHandler
00006788   sl_Accept
0000819c   sl_Bind
000090e6   sl_Close
00007cac   sl_DevGet
00009054   sl_Htons
00008fe6   sl_Listen
000078b8   sl_NetAppMDNSRegisterUnregisterService
00008d1e   sl_NetAppMDNSUnRegisterService
000087f2   sl_NetAppSendTokenValue
000083be   sl_NetCfgSet
000084b0   sl_Recv
00008858   sl_SetSockOpt
00008b4c   sl_Socket
00006ece   sl_Start
00007002   sl_Stop
00005f52   sl_WlanConnect
000092cc   sl_WlanDisconnect
00008922   sl_WlanPolicySet
00009112   sl_WlanProfileDel
000082b6   sl_WlanRxFilterAdd
00008a9c   sl_WlanRxFilterSet
00008586   sl_WlanSet
0000913e   sl_WlanSetMode
00009290   spi_Close
00008340   spi_Open
00008af4   spi_Read
00008bee   spi_Write
000092e6   stopWDT
000092a0   strlen
00002400   uBuf


GLOBAL SYMBOLS: SORTED BY Symbol Address 

address    name
--------   ----
00000001   __TI_args_main
00000001   __TI_auto_init
00000001   __TI_exit
00000100   SFRIE1
00000100   SFRIE1_L
00000101   SFRIE1_H
00000102   SFRIFG1
00000102   SFRIFG1_L
00000103   SFRIFG1_H
00000104   SFRRPCR
00000104   SFRRPCR_L
00000105   SFRRPCR_H
00000120   PMMCTL0
00000120   PMMCTL0_L
00000121   PMMCTL0_H
00000122   PMMCTL1
00000122   PMMCTL1_L
00000123   PMMCTL1_H
00000124   SVSMHCTL
00000124   SVSMHCTL_L
00000125   SVSMHCTL_H
00000126   SVSMLCTL
00000126   SVSMLCTL_L
00000127   SVSMLCTL_H
00000128   SVSMIO
00000128   SVSMIO_L
00000129   SVSMIO_H
0000012c   PMMIFG
0000012c   PMMIFG_L
0000012d   PMMIFG_H
0000012e   PMMRIE
0000012e   PMMRIE_L
0000012f   PMMRIE_H
00000130   PM5CTL0
00000130   PM5CTL0_L
00000131   PM5CTL0_H
00000140   FCTL1
00000140   FCTL1_L
00000141   FCTL1_H
00000144   FCTL3
00000144   FCTL3_L
00000145   FCTL3_H
00000146   FCTL4
00000146   FCTL4_L
00000147   FCTL4_H
00000150   CRCDI
00000150   CRCDI_L
00000151   CRCDI_H
00000152   CRCDIRB
00000152   CRCDIRB_L
00000153   CRCDIRB_H
00000154   CRCINIRES
00000154   CRCINIRES_L
00000155   CRCINIRES_H
00000156   CRCRESR
00000156   CRCRESR_L
00000157   CRCRESR_H
00000158   RCCTL0
00000158   RCCTL0_L
00000159   RCCTL0_H
0000015c   WDTCTL
0000015c   WDTCTL_L
0000015d   WDTCTL_H
00000160   UCSCTL0
00000160   UCSCTL0_L
00000161   UCSCTL0_H
00000162   UCSCTL1
00000162   UCSCTL1_L
00000163   UCSCTL1_H
00000164   UCSCTL2
00000164   UCSCTL2_L
00000165   UCSCTL2_H
00000166   UCSCTL3
00000166   UCSCTL3_L
00000167   UCSCTL3_H
00000168   UCSCTL4
00000168   UCSCTL4_L
00000169   UCSCTL4_H
0000016a   UCSCTL5
0000016a   UCSCTL5_L
0000016b   UCSCTL5_H
0000016c   UCSCTL6
0000016c   UCSCTL6_L
0000016d   UCSCTL6_H
0000016e   UCSCTL7
0000016e   UCSCTL7_L
0000016f   UCSCTL7_H
00000170   UCSCTL8
00000170   UCSCTL8_L
00000171   UCSCTL8_H
00000180   SYSCTL
00000180   SYSCTL_L
00000181   SYSCTL_H
00000182   SYSBSLC
00000182   SYSBSLC_L
00000183   SYSBSLC_H
00000186   SYSJMBC
00000186   SYSJMBC_L
00000187   SYSJMBC_H
00000188   SYSJMBI0
00000188   SYSJMBI0_L
00000189   SYSJMBI0_H
0000018a   SYSJMBI1
0000018a   SYSJMBI1_L
0000018b   SYSJMBI1_H
0000018c   SYSJMBO0
0000018c   SYSJMBO0_L
0000018d   SYSJMBO0_H
0000018e   SYSJMBO1
0000018e   SYSJMBO1_L
0000018f   SYSJMBO1_H
00000190   __STACK_SIZE
00000198   SYSBERRIV
00000198   SYSBERRIV_L
00000199   SYSBERRIV_H
0000019a   SYSUNIV
0000019a   SYSUNIV_L
0000019b   SYSUNIV_H
0000019c   SYSSNIV
0000019c   SYSSNIV_L
0000019d   SYSSNIV_H
0000019e   SYSRSTIV
0000019e   SYSRSTIV_L
0000019f   SYSRSTIV_H
000001b0   REFCTL0
000001b0   REFCTL0_L
000001b1   REFCTL0_H
000001c0   PMAPKEYID
000001c0   PMAPKEYID_L
000001c1   PMAPKEYID_H
000001c2   PMAPCTL
000001c2   PMAPCTL_L
000001c3   PMAPCTL_H
000001e0   P4MAP01
000001e0   P4MAP01_L
000001e1   P4MAP01_H
000001e2   P4MAP23
000001e2   P4MAP23_L
000001e3   P4MAP23_H
000001e4   P4MAP45
000001e4   P4MAP45_L
000001e5   P4MAP45_H
000001e6   P4MAP67
000001e6   P4MAP67_L
000001e7   P4MAP67_H
00000200   PAIN
00000200   PAIN_L
00000201   PAIN_H
00000202   PAOUT
00000202   PAOUT_L
00000203   PAOUT_H
00000204   PADIR
00000204   PADIR_L
00000205   PADIR_H
00000206   PAREN
00000206   PAREN_L
00000207   PAREN_H
00000208   PADS
00000208   PADS_L
00000209   PADS_H
0000020a   PASEL
0000020a   PASEL_L
0000020b   PASEL_H
0000020e   P1IV
00000218   PAIES
00000218   PAIES_L
00000219   PAIES_H
0000021a   PAIE
0000021a   PAIE_L
0000021b   PAIE_H
0000021c   PAIFG
0000021c   PAIFG_L
0000021d   PAIFG_H
0000021e   P2IV
00000220   PBIN
00000220   PBIN_L
00000221   PBIN_H
00000222   PBOUT
00000222   PBOUT_L
00000223   PBOUT_H
00000224   PBDIR
00000224   PBDIR_L
00000225   PBDIR_H
00000226   PBREN
00000226   PBREN_L
00000227   PBREN_H
00000228   PBDS
00000228   PBDS_L
00000229   PBDS_H
0000022a   PBSEL
0000022a   PBSEL_L
0000022b   PBSEL_H
00000240   PCIN
00000240   PCIN_L
00000241   PCIN_H
00000242   PCOUT
00000242   PCOUT_L
00000243   PCOUT_H
00000244   PCDIR
00000244   PCDIR_L
00000245   PCDIR_H
00000246   PCREN
00000246   PCREN_L
00000247   PCREN_H
00000248   PCDS
00000248   PCDS_L
00000249   PCDS_H
0000024a   PCSEL
0000024a   PCSEL_L
0000024b   PCSEL_H
00000260   PDIN
00000260   PDIN_L
00000261   PDIN_H
00000262   PDOUT
00000262   PDOUT_L
00000263   PDOUT_H
00000264   PDDIR
00000264   PDDIR_L
00000265   PDDIR_H
00000266   PDREN
00000266   PDREN_L
00000267   PDREN_H
00000268   PDDS
00000268   PDDS_L
00000269   PDDS_H
0000026a   PDSEL
0000026a   PDSEL_L
0000026b   PDSEL_H
00000320   PJIN
00000320   PJIN_L
00000321   PJIN_H
00000322   PJOUT
00000322   PJOUT_L
00000323   PJOUT_H
00000324   PJDIR
00000324   PJDIR_L
00000325   PJDIR_H
00000326   PJREN
00000326   PJREN_L
00000327   PJREN_H
00000328   PJDS
00000328   PJDS_L
00000329   PJDS_H
00000340   TA0CTL
00000342   TA0CCTL0
00000344   TA0CCTL1
00000346   TA0CCTL2
00000348   TA0CCTL3
0000034a   TA0CCTL4
00000350   TA0R
00000352   TA0CCR0
00000354   TA0CCR1
00000356   TA0CCR2
00000358   TA0CCR3
0000035a   TA0CCR4
00000360   TA0EX0
0000036e   TA0IV
00000380   TA1CTL
00000382   TA1CCTL0
00000384   TA1CCTL1
00000386   TA1CCTL2
00000390   TA1R
00000392   TA1CCR0
00000394   TA1CCR1
00000396   TA1CCR2
000003a0   TA1EX0
000003ae   TA1IV
000003c0   TB0CTL
000003c2   TB0CCTL0
000003c4   TB0CCTL1
000003c6   TB0CCTL2
000003c8   TB0CCTL3
000003ca   TB0CCTL4
000003cc   TB0CCTL5
000003ce   TB0CCTL6
000003d0   TB0R
000003d2   TB0CCR0
000003d4   TB0CCR1
000003d6   TB0CCR2
000003d8   TB0CCR3
000003da   TB0CCR4
000003dc   TB0CCR5
000003de   TB0CCR6
000003e0   TB0EX0
000003ee   TB0IV
00000400   TA2CTL
00000402   TA2CCTL0
00000404   TA2CCTL1
00000406   TA2CCTL2
00000410   TA2R
00000412   TA2CCR0
00000414   TA2CCR1
00000416   TA2CCR2
00000420   TA2EX0
0000042e   TA2IV
000004a0   RTCCTL01
000004a0   RTCCTL01_L
000004a1   RTCCTL01_H
000004a2   RTCCTL23
000004a2   RTCCTL23_L
000004a3   RTCCTL23_H
000004a8   RTCPS0CTL
000004a8   RTCPS0CTL_L
000004a9   RTCPS0CTL_H
000004aa   RTCPS1CTL
000004aa   RTCPS1CTL_L
000004ab   RTCPS1CTL_H
000004ac   RTCPS
000004ac   RTCPS_L
000004ad   RTCPS_H
000004ae   RTCIV
000004b0   RTCTIM0
000004b0   RTCTIM0_L
000004b1   RTCTIM0_H
000004b2   RTCTIM1
000004b2   RTCTIM1_L
000004b3   RTCTIM1_H
000004b4   RTCDATE
000004b4   RTCDATE_L
000004b5   RTCDATE_H
000004b6   RTCYEAR
000004b6   RTCYEAR_L
000004b7   RTCYEAR_H
000004b8   RTCAMINHR
000004b8   RTCAMINHR_L
000004b9   RTCAMINHR_H
000004ba   RTCADOWDAY
000004ba   RTCADOWDAY_L
000004bb   RTCADOWDAY_H
000004c0   MPY
000004c0   MPY_L
000004c1   MPY_H
000004c2   MPYS
000004c2   MPYS_L
000004c3   MPYS_H
000004c4   MAC
000004c4   MAC_L
000004c5   MAC_H
000004c6   MACS
000004c6   MACS_L
000004c7   MACS_H
000004c8   OP2
000004c8   OP2_L
000004c9   OP2_H
000004ca   RESLO
000004ca   RESLO_L
000004cb   RESLO_H
000004cc   RESHI
000004cc   RESHI_L
000004cd   RESHI_H
000004ce   SUMEXT
000004ce   SUMEXT_L
000004cf   SUMEXT_H
000004d0   MPY32L
000004d0   MPY32L_L
000004d1   MPY32L_H
000004d2   MPY32H
000004d2   MPY32H_L
000004d3   MPY32H_H
000004d4   MPYS32L
000004d4   MPYS32L_L
000004d5   MPYS32L_H
000004d6   MPYS32H
000004d6   MPYS32H_L
000004d7   MPYS32H_H
000004d8   MAC32L
000004d8   MAC32L_L
000004d9   MAC32L_H
000004da   MAC32H
000004da   MAC32H_L
000004db   MAC32H_H
000004dc   MACS32L
000004dc   MACS32L_L
000004dd   MACS32L_H
000004de   MACS32H
000004de   MACS32H_L
000004df   MACS32H_H
000004e0   OP2L
000004e0   OP2L_L
000004e1   OP2L_H
000004e2   OP2H
000004e2   OP2H_L
000004e3   OP2H_H
000004e4   RES0
000004e4   RES0_L
000004e5   RES0_H
000004e6   RES1
000004e6   RES1_L
000004e7   RES1_H
000004e8   RES2
000004e8   RES2_L
000004e9   RES2_H
000004ea   RES3
000004ea   RES3_L
000004eb   RES3_H
000004ec   MPY32CTL0
000004ec   MPY32CTL0_L
000004ed   MPY32CTL0_H
00000500   DMACTL0
00000500   DMACTL0_L
00000501   DMACTL0_H
00000502   DMACTL1
00000502   DMACTL1_L
00000503   DMACTL1_H
00000504   DMACTL2
00000504   DMACTL2_L
00000505   DMACTL2_H
00000506   DMACTL3
00000506   DMACTL3_L
00000507   DMACTL3_H
00000508   DMACTL4
00000508   DMACTL4_L
00000509   DMACTL4_H
0000050e   DMAIV
0000050e   DMAIV_L
0000050f   DMAIV_H
00000510   DMA0CTL
00000510   DMA0CTL_L
00000511   DMA0CTL_H
00000512   DMA0SA
00000512   DMA0SAL
00000516   DMA0DA
00000516   DMA0DAL
0000051a   DMA0SZ
00000520   DMA1CTL
00000520   DMA1CTL_L
00000521   DMA1CTL_H
00000522   DMA1SA
00000522   DMA1SAL
00000526   DMA1DA
00000526   DMA1DAL
0000052a   DMA1SZ
00000530   DMA2CTL
00000530   DMA2CTL_L
00000531   DMA2CTL_H
00000532   DMA2SA
00000532   DMA2SAL
00000536   DMA2DA
00000536   DMA2DAL
0000053a   DMA2SZ
000005c0   UCA0CTLW0
000005c0   UCA0CTLW0_L
000005c1   UCA0CTLW0_H
000005c6   UCA0BRW
000005c6   UCA0BRW_L
000005c7   UCA0BRW_H
000005c8   UCA0MCTL
000005ca   UCA0STAT
000005cc   UCA0RXBUF
000005ce   UCA0TXBUF
000005d0   UCA0ABCTL
000005d2   UCA0IRCTL
000005d2   UCA0IRCTL_L
000005d3   UCA0IRCTL_H
000005dc   UCA0ICTL
000005dc   UCA0ICTL_L
000005dd   UCA0ICTL_H
000005de   UCA0IV
000005e0   UCB0CTLW0
000005e0   UCB0CTLW0_L
000005e1   UCB0CTLW0_H
000005e6   UCB0BRW
000005e6   UCB0BRW_L
000005e7   UCB0BRW_H
000005ea   UCB0STAT
000005ec   UCB0RXBUF
000005ee   UCB0TXBUF
000005f0   UCB0I2COA
000005f0   UCB0I2COA_L
000005f1   UCB0I2COA_H
000005f2   UCB0I2CSA
000005f2   UCB0I2CSA_L
000005f3   UCB0I2CSA_H
000005fc   UCB0ICTL
000005fc   UCB0ICTL_L
000005fd   UCB0ICTL_H
000005fe   UCB0IV
00000600   UCA1CTLW0
00000600   UCA1CTLW0_L
00000601   UCA1CTLW0_H
00000606   UCA1BRW
00000606   UCA1BRW_L
00000607   UCA1BRW_H
00000608   UCA1MCTL
0000060a   UCA1STAT
0000060c   UCA1RXBUF
0000060e   UCA1TXBUF
00000610   UCA1ABCTL
00000612   UCA1IRCTL
00000612   UCA1IRCTL_L
00000613   UCA1IRCTL_H
0000061c   UCA1ICTL
0000061c   UCA1ICTL_L
0000061d   UCA1ICTL_H
0000061e   UCA1IV
00000620   UCB1CTLW0
00000620   UCB1CTLW0_L
00000621   UCB1CTLW0_H
00000626   UCB1BRW
00000626   UCB1BRW_L
00000627   UCB1BRW_H
0000062a   UCB1STAT
0000062c   UCB1RXBUF
0000062e   UCB1TXBUF
00000630   UCB1I2COA
00000630   UCB1I2COA_L
00000631   UCB1I2COA_H
00000632   UCB1I2CSA
00000632   UCB1I2CSA_L
00000633   UCB1I2CSA_H
0000063c   UCB1ICTL
0000063c   UCB1ICTL_L
0000063d   UCB1ICTL_H
0000063e   UCB1IV
00000700   ADC12CTL0
00000700   ADC12CTL0_L
00000701   ADC12CTL0_H
00000702   ADC12CTL1
00000702   ADC12CTL1_L
00000703   ADC12CTL1_H
00000704   ADC12CTL2
00000704   ADC12CTL2_L
00000705   ADC12CTL2_H
0000070a   ADC12IFG
0000070a   ADC12IFG_L
0000070b   ADC12IFG_H
0000070c   ADC12IE
0000070c   ADC12IE_L
0000070d   ADC12IE_H
0000070e   ADC12IV
0000070e   ADC12IV_L
0000070f   ADC12IV_H
00000710   ADC12MCTL0
00000711   ADC12MCTL1
00000712   ADC12MCTL2
00000713   ADC12MCTL3
00000714   ADC12MCTL4
00000715   ADC12MCTL5
00000716   ADC12MCTL6
00000717   ADC12MCTL7
00000718   ADC12MCTL8
00000719   ADC12MCTL9
0000071a   ADC12MCTL10
0000071b   ADC12MCTL11
0000071c   ADC12MCTL12
0000071d   ADC12MCTL13
0000071e   ADC12MCTL14
0000071f   ADC12MCTL15
00000720   ADC12MEM0
00000720   ADC12MEM0_L
00000721   ADC12MEM0_H
00000722   ADC12MEM1
00000722   ADC12MEM1_L
00000723   ADC12MEM1_H
00000724   ADC12MEM2
00000724   ADC12MEM2_L
00000725   ADC12MEM2_H
00000726   ADC12MEM3
00000726   ADC12MEM3_L
00000727   ADC12MEM3_H
00000728   ADC12MEM4
00000728   ADC12MEM4_L
00000729   ADC12MEM4_H
0000072a   ADC12MEM5
0000072a   ADC12MEM5_L
0000072b   ADC12MEM5_H
0000072c   ADC12MEM6
0000072c   ADC12MEM6_L
0000072d   ADC12MEM6_H
0000072e   ADC12MEM7
0000072e   ADC12MEM7_L
0000072f   ADC12MEM7_H
00000730   ADC12MEM8
00000730   ADC12MEM8_L
00000731   ADC12MEM8_H
00000732   ADC12MEM9
00000732   ADC12MEM9_L
00000733   ADC12MEM9_H
00000734   ADC12MEM10
00000734   ADC12MEM10_L
00000735   ADC12MEM10_H
00000736   ADC12MEM11
00000736   ADC12MEM11_L
00000737   ADC12MEM11_H
00000738   ADC12MEM12
00000738   ADC12MEM12_L
00000739   ADC12MEM12_H
0000073a   ADC12MEM13
0000073a   ADC12MEM13_L
0000073b   ADC12MEM13_H
0000073c   ADC12MEM14
0000073c   ADC12MEM14_L
0000073d   ADC12MEM14_H
0000073e   ADC12MEM15
0000073e   ADC12MEM15_L
0000073f   ADC12MEM15_H
000008c0   CBCTL0
000008c0   CBCTL0_L
000008c1   CBCTL0_H
000008c2   CBCTL1
000008c2   CBCTL1_L
000008c3   CBCTL1_H
000008c4   CBCTL2
000008c4   CBCTL2_L
000008c5   CBCTL2_H
000008c6   CBCTL3
000008c6   CBCTL3_L
000008c7   CBCTL3_H
000008cc   CBINT
000008cc   CBINT_L
000008cd   CBINT_H
000008ce   CBIV
00000900   USBKEYID
00000900   USBKEYID_L
00000901   USBKEYID_H
00000902   USBCNF
00000902   USBCNF_L
00000903   USBCNF_H
00000904   USBPHYCTL
00000904   USBPHYCTL_L
00000905   USBPHYCTL_H
00000908   USBPWRCTL
00000908   USBPWRCTL_L
00000909   USBPWRCTL_H
00000910   USBPLLCTL
00000910   USBPLLCTL_L
00000911   USBPLLCTL_H
00000912   USBPLLDIVB
00000912   USBPLLDIVB_L
00000913   USBPLLDIVB_H
00000914   USBPLLIR
00000914   USBPLLIR_L
00000915   USBPLLIR_H
00000920   USBIEPCNF_0
00000921   USBIEPCNT_0
00000922   USBOEPCNF_0
00000923   USBOEPCNT_0
0000092e   USBIEPIE
0000092f   USBOEPIE
00000930   USBIEPIFG
00000931   USBOEPIFG
00000932   USBVECINT
00000932   USBVECINT_L
00000933   USBVECINT_H
00000936   USBMAINT
00000936   USBMAINT_L
00000937   USBMAINT_H
00000938   USBTSREG
00000938   USBTSREG_L
00000939   USBTSREG_H
0000093a   USBFN
0000093a   USBFN_L
0000093b   USBFN_H
0000093c   USBCTL
0000093d   USBIE
0000093e   USBIFG
0000093f   USBFUNADR
00001c00   USBSTABUFF
0000236f   USBTOPBUFF
00002370   USBOEP0BUF
00002378   USBIEP0BUF
00002380   USBSUBLK
00002388   USBOEPCNF_1
00002389   USBOEPBBAX_1
0000238a   USBOEPBCTX_1
0000238d   USBOEPBBAY_1
0000238e   USBOEPBCTY_1
0000238f   USBOEPSIZXY_1
00002390   USBOEPCNF_2
00002391   USBOEPBBAX_2
00002392   USBOEPBCTX_2
00002395   USBOEPBBAY_2
00002396   USBOEPBCTY_2
00002397   USBOEPSIZXY_2
00002398   USBOEPCNF_3
00002399   USBOEPBBAX_3
0000239a   USBOEPBCTX_3
0000239d   USBOEPBBAY_3
0000239e   USBOEPBCTY_3
0000239f   USBOEPSIZXY_3
000023a0   USBOEPCNF_4
000023a1   USBOEPBBAX_4
000023a2   USBOEPBCTX_4
000023a5   USBOEPBBAY_4
000023a6   USBOEPBCTY_4
000023a7   USBOEPSIZXY_4
000023a8   USBOEPCNF_5
000023a9   USBOEPBBAX_5
000023aa   USBOEPBCTX_5
000023ad   USBOEPBBAY_5
000023ae   USBOEPBCTY_5
000023af   USBOEPSIZXY_5
000023b0   USBOEPCNF_6
000023b1   USBOEPBBAX_6
000023b2   USBOEPBCTX_6
000023b5   USBOEPBBAY_6
000023b6   USBOEPBCTY_6
000023b7   USBOEPSIZXY_6
000023b8   USBOEPCNF_7
000023b9   USBOEPBBAX_7
000023ba   USBOEPBCTX_7
000023bd   USBOEPBBAY_7
000023be   USBOEPBCTY_7
000023bf   USBOEPSIZXY_7
000023c8   USBIEPCNF_1
000023c9   USBIEPBBAX_1
000023ca   USBIEPBCTX_1
000023cd   USBIEPBBAY_1
000023ce   USBIEPBCTY_1
000023cf   USBIEPSIZXY_1
000023d0   USBIEPCNF_2
000023d1   USBIEPBBAX_2
000023d2   USBIEPBCTX_2
000023d5   USBIEPBBAY_2
000023d6   USBIEPBCTY_2
000023d7   USBIEPSIZXY_2
000023d8   USBIEPCNF_3
000023d9   USBIEPBBAX_3
000023da   USBIEPBCTX_3
000023dd   USBIEPBBAY_3
000023de   USBIEPBCTY_3
000023df   USBIEPSIZXY_3
000023e0   USBIEPCNF_4
000023e1   USBIEPBBAX_4
000023e2   USBIEPBCTX_4
000023e5   USBIEPBBAY_4
000023e6   USBIEPBCTY_4
000023e7   USBIEPSIZXY_4
000023e8   USBIEPCNF_5
000023e9   USBIEPBBAX_5
000023ea   USBIEPBCTX_5
000023ed   USBIEPBBAY_5
000023ee   USBIEPBCTY_5
000023ef   USBIEPSIZXY_5
000023f0   USBIEPCNF_6
000023f1   USBIEPBBAX_6
000023f2   USBIEPBCTX_6
000023f5   USBIEPBBAY_6
000023f6   USBIEPBCTY_6
000023f7   USBIEPSIZXY_6
000023f8   USBIEPCNF_7
000023f9   USBIEPBBAX_7
000023fa   USBIEPBCTX_7
000023fd   USBIEPBBAY_7
000023fe   USBIEPBCTY_7
000023ff   USBIEPSIZXY_7
00002400   .bss
00002400   .data
00002400   __bss__
00002400   __data__
00002400   __edata__
00002400   edata
00002400   uBuf
00002978   g_Status
0000297a   g_MacAddress
00002980   g_IpAddress
00002984   g_StatMem
00002ab0   g_pCB
00002ab2   pPingCallBackFunc
00002ab6   g__SlNonOsCB
00002ad4   _lock
00002ad8   _unlock
00002adc   __TI_cleanup_ptr
00002ae0   __TI_dtors_ptr
00002ae4   pIraEventHandler
00002ae8   IntIsMasked
00002aea   g_ucUARTBuffer
00002aec   cli_have_cmd
00002aee   __end__
00002aee   end
00004270   _stack
00004400   __STACK_END
000048d2   _SlPolicySetCmdCtrl
000048d6   _SlPolicyGetCmdCtrl
000048da   _SlProfileGetCmdCtrl
000048de   _SlProfileDelCmdCtrl
000048e2   _SlWlanGetNetworkListCtrl
000048e6   _SlRxFilterAddtCmdCtrl
000048ea   _SlRxFilterSetCmdCtrl
000048ee   _SlRxFilterGetCmdCtrl
000048f2   _SlSmartConfigStartCmdCtrl
000048f6   _SlWlanSetModeCmdCtrl
000048fa   _SlWlanCfgSetCmdCtrl
000048fe   _SlWlanCfgGetCmdCtrl
00004a04   _SlActionLookupTable
00004a3c   _SlSockSocketCmdCtrl
00004a40   _SlSockCloseCmdCtrl
00004a44   _SlRecvfomCmdCtrl
00004a48   _SlSendCmdCtrl
00004a4c   _SlListenCmdCtrl
00004a50   _SlAcceptCmdCtrl
00004a54   _SlRecvCmdCtrl
00004a58   _SlSetSockOptCmdCtrl
00004a5c   _SlGetSockOptCmdCtrl
00004a60   _SlSelectCmdCtrl
00004a70   _SlNetAppStartCtrl
00004a74   _SlNetAppStopCtrl
00004a78   _SlGetServiceListeCtrl
00004a7c   _SlRegisterServiceCtrl
00004a80   _SlGetHostByServiceCtrl
00004a84   _SlGetHostByNameCtrl
00004a88   _SlNetAppSetCmdCtrl
00004a8c   _SlNetAppSendTokenValueCmdCtrl
00004a90   _SlNetAppGetCmdCtrl
00004a98   _SlFsOpenCmdCtrl
00004a9c   _SlFsCloseCmdCtrl
00004aa0   _SlFsReadCmdCtrl
00004aa4   _SlFsWriteCmdCtrl
00004aa8   _SlFsGetInfoCmdCtrl
00004aac   _SlFsDeleteCmdCtrl
00004abc   _SlStopCmdCtrl
00004ac0   _SlEventMaskSetCmdCtrl
00004ac4   _SlEventMaskGetCmdCtrl
00004ac8   _SlDeviceGetCmdCtrl
00004acc   _SlDeviceSetCmdCtrl
00004ad0   g_H2NSyncPattern
00004ad8   g_H2NCnysPattern
00004ae4   _SlNetCfgSetCmdCtrl
00004ae8   _SlNetCfgGetCmdCtrl
00004af6   UART_ISR
00004b3a   Port1_ISR
00004b74   _c_int00
00004b74   _c_int00_noexit
00004b9e   IntSpiGPIOHandler
00004bc0   CC3100_UART_ISR
00004bd8   Trap_ISR
00004bdc   __cinit__
00004bdc   cinit
00004c12   _SlAsyncEventGenericHandler
000051ca   _SlDrvMsgRead
00005d18   _SlDrvDataReadOp
00005f52   sl_WlanConnect
00006186   _SlDrvRxHdrRead
000063b2   _SlDrvWaitForPoolObj
000065c4   _SlDrvReleasePoolObj
00006788   sl_Accept
00006924   _SlDrvMsgWrite
00006ab2   main
00006d9a   Init_FLL
00006ece   sl_Start
00007002   sl_Stop
00007128   _SlDrvNetAppEventHandler
0000724c   _SlFindAndSetActiveObj
00007454   _SlDrvClassifyRxMsg
00007538   _SlDrvDriverCBInit
0000761c   _sl_HandleAsync_DnsGetHostByService
00007700   _SlDrvMsgReadCmdCtx
000077dc   _SlDrvMsgReadSpawnCtx
000078b8   sl_NetAppMDNSRegisterUnregisterService
00007994   _sl_HandleAsync_InitComplete
00007a68   _sl_HandleAsync_DnsGetHostByName
00007b2a   _sl_HandleAsync_PingResponse
00007bec   _sl_HandleAsync_Connect
00007cac   sl_DevGet
00007e10   _sl_HandleAsync_Accept
00007eb8   _SlDrvDriverCBDeinit
00007f50   _sl_HandleAsync_Select
00007fe6   _sl_HandleAsync_Stop
0000807c   _SlDrvCmdOp
0000810c   _SlRemoveFromList
0000819c   sl_Bind
0000822c   _sl_GetStartResponseConvert
000082b6   sl_WlanRxFilterAdd
00008340   spi_Open
000083be   sl_NetCfgSet
000084b0   sl_Recv
0000851c   SetVCore
00008586   sl_WlanSet
000085f0   SimpleLinkWlanEventHandler
00008658   _SlDrvObjInit
000086c0   _SlDrvDeviceEventHandler
00008726   _SlNonOsMainLoopTask
0000878c   _sl_BuildAddress
000087f2   sl_NetAppSendTokenValue
00008858   sl_SetSockOpt
000088be   _SlNonOsSpawn
00008922   sl_WlanPolicySet
00008986   CopyPingResultsToReport
000089e8   _auto_init_hold_wdt
00008a44   __divul
00008a44   __remul
00008a9c   sl_WlanRxFilterSet
00008af4   spi_Read
00008b4c   sl_Socket
00008b9e   _SlNonOsSemGet
00008bee   spi_Write
00008c3e   Init_FLL_Settle
00008c8c   CLI_Write
00008cd6   SimpleLinkSockEventHandler
00008d1e   sl_NetAppMDNSUnRegisterService
00008d66   _SlDrvBasicCmd
00008dac   _SlDrvFlowContInit
00008df2   _SlDrvRxIrqHandler
00008e38   _SlDrvFlowContDeinit
00008eb8   LFXT_Start
00008f34   _SlDrvCmdSend
00008f72   Delay
00008fac   _SlDrvShiftDWord
00008fe6   sl_Listen
00009020   CLI_Configure
00009054   sl_Htons
00009088   initClk
000090b8   SimpleLinkNetAppEventHandler
000090e6   sl_Close
00009112   sl_WlanProfileDel
0000913e   sl_WlanSetMode
0000918c   __mpyl_f5hw
000091ae   _SlDrvObjDeInit
000091cc   registerInterruptHandler
00009200   SimpleLinkHttpServerCallback
00009216   _SlNonOsSemSet
0000922c   __divu
0000922c   __remu
00009242   __mpyi_f5hw
00009258   memset
0000926c   SimpleLinkGeneralEventHandler
0000927e   memcpy
00009290   spi_Close
000092a0   strlen
000092ae   CC3100_InterruptEnable
000092b8   I_ASR
000092c2   I_LSL
000092cc   sl_WlanDisconnect
000092d6   CC3100_disable
000092de   CC3100_enable
000092e6   stopWDT
000092ee   CC3100_InterruptDisable
000092f4   _system_pre_init
000092f8   C$$EXIT
000092f8   abort
000092fc   _nop
0000ffd2   __TI_int41
0000ffd4   __TI_int42
0000ffd6   __TI_int43
0000ffd8   __TI_int44
0000ffda   __TI_int45
0000ffdc   __TI_int46
0000ffde   __TI_int47
0000ffe0   __TI_int48
0000ffe2   __TI_int49
0000ffe4   __TI_int50
0000ffe6   __TI_int51
0000ffe8   __TI_int52
0000ffea   __TI_int53
0000ffec   __TI_int54
0000ffee   __TI_int55
0000fff0   __TI_int56
0000fff2   __TI_int57
0000fff4   __TI_int58
0000fff6   __TI_int59
0000fff8   __TI_int60
0000fffa   __TI_int61
0000fffc   __TI_int62
0000fffe   _reset_vector
ffffffff   .text
ffffffff   __binit__
ffffffff   __c_args__
ffffffff   __etext__
ffffffff   __pinit__
ffffffff   __text__
ffffffff   binit
ffffffff   etext
ffffffff   pinit

[963 symbols]
