<?xml version="1.0"?>
<link_info>
   <banner>MSP430 Linker PC v4.3.1</banner>
   <copyright>Copyright (c) 2003-2014 Texas Instruments Incorporated</copyright>
   <link_time>0x53c365ee</link_time>
   <link_errors>0x0</link_errors>
   <output_file>getting_started_with_wlan_station.out</output_file>
   <entry_point>
      <name>_c_int00</name>
      <address>0x794c</address>
   </entry_point>
   <input_file_list>
      <input_file id="fl-2">
         <path>.\board\</path>
         <kind>object</kind>
         <file>board.obj</file>
         <name>board.obj</name>
      </input_file>
      <input_file id="fl-3">
         <path>.\cli_uart\</path>
         <kind>object</kind>
         <file>cli_uart.obj</file>
         <name>cli_uart.obj</name>
      </input_file>
      <input_file id="fl-4">
         <path>.\simplelink\source\</path>
         <kind>object</kind>
         <file>wlan.obj</file>
         <name>wlan.obj</name>
      </input_file>
      <input_file id="fl-5">
         <path>.\simplelink\source\</path>
         <kind>object</kind>
         <file>spawn.obj</file>
         <name>spawn.obj</name>
      </input_file>
      <input_file id="fl-6">
         <path>.\simplelink\source\</path>
         <kind>object</kind>
         <file>socket.obj</file>
         <name>socket.obj</name>
      </input_file>
      <input_file id="fl-7">
         <path>.\simplelink\source\</path>
         <kind>object</kind>
         <file>nonos.obj</file>
         <name>nonos.obj</name>
      </input_file>
      <input_file id="fl-8">
         <path>.\simplelink\source\</path>
         <kind>object</kind>
         <file>netcfg.obj</file>
         <name>netcfg.obj</name>
      </input_file>
      <input_file id="fl-9">
         <path>.\simplelink\source\</path>
         <kind>object</kind>
         <file>netapp.obj</file>
         <name>netapp.obj</name>
      </input_file>
      <input_file id="fl-a">
         <path>.\simplelink\source\</path>
         <kind>object</kind>
         <file>fs.obj</file>
         <name>fs.obj</name>
      </input_file>
      <input_file id="fl-b">
         <path>.\simplelink\source\</path>
         <kind>object</kind>
         <file>flowcont.obj</file>
         <name>flowcont.obj</name>
      </input_file>
      <input_file id="fl-c">
         <path>.\simplelink\source\</path>
         <kind>object</kind>
         <file>driver.obj</file>
         <name>driver.obj</name>
      </input_file>
      <input_file id="fl-d">
         <path>.\simplelink\source\</path>
         <kind>object</kind>
         <file>device.obj</file>
         <name>device.obj</name>
      </input_file>
      <input_file id="fl-e">
         <path>.\spi\</path>
         <kind>object</kind>
         <file>spi.obj</file>
         <name>spi.obj</name>
      </input_file>
      <input_file id="fl-f">
         <path>.\</path>
         <kind>object</kind>
         <file>main.obj</file>
         <name>main.obj</name>
      </input_file>
      <input_file id="fl-3d">
         <path>C:\ti\CCS\ccsv6\tools\compiler\msp430_4.3.1\lib\</path>
         <kind>archive</kind>
         <file>rts430x.lib</file>
         <name>lsl16.obj</name>
      </input_file>
      <input_file id="fl-3e">
         <path>C:\ti\CCS\ccsv6\tools\compiler\msp430_4.3.1\lib\</path>
         <kind>archive</kind>
         <file>rts430x.lib</file>
         <name>lsr16.obj</name>
      </input_file>
      <input_file id="fl-3f">
         <path>C:\ti\CCS\ccsv6\tools\compiler\msp430_4.3.1\lib\</path>
         <kind>archive</kind>
         <file>rts430x.lib</file>
         <name>lsr32.obj</name>
      </input_file>
      <input_file id="fl-40">
         <path>C:\ti\CCS\ccsv6\tools\compiler\msp430_4.3.1\lib\</path>
         <kind>archive</kind>
         <file>rts430x.lib</file>
         <name>copy_decompress_none.obj</name>
      </input_file>
      <input_file id="fl-41">
         <path>C:\ti\CCS\ccsv6\tools\compiler\msp430_4.3.1\lib\</path>
         <kind>archive</kind>
         <file>rts430x.lib</file>
         <name>copy_decompress_rle.obj</name>
      </input_file>
      <input_file id="fl-42">
         <path>C:\ti\CCS\ccsv6\tools\compiler\msp430_4.3.1\lib\</path>
         <kind>archive</kind>
         <file>rts430x.lib</file>
         <name>int30.obj</name>
      </input_file>
      <input_file id="fl-43">
         <path>C:\ti\CCS\ccsv6\tools\compiler\msp430_4.3.1\lib\</path>
         <kind>archive</kind>
         <file>rts430x.lib</file>
         <name>isr_trap.obj</name>
      </input_file>
      <input_file id="fl-44">
         <path>C:\ti\CCS\ccsv6\tools\compiler\msp430_4.3.1\lib\</path>
         <kind>archive</kind>
         <file>rts430x.lib</file>
         <name>int32.obj</name>
      </input_file>
      <input_file id="fl-45">
         <path>C:\ti\CCS\ccsv6\tools\compiler\msp430_4.3.1\lib\</path>
         <kind>archive</kind>
         <file>rts430x.lib</file>
         <name>int33.obj</name>
      </input_file>
      <input_file id="fl-46">
         <path>C:\ti\CCS\ccsv6\tools\compiler\msp430_4.3.1\lib\</path>
         <kind>archive</kind>
         <file>rts430x.lib</file>
         <name>int34.obj</name>
      </input_file>
      <input_file id="fl-47">
         <path>C:\ti\CCS\ccsv6\tools\compiler\msp430_4.3.1\lib\</path>
         <kind>archive</kind>
         <file>rts430x.lib</file>
         <name>int35.obj</name>
      </input_file>
      <input_file id="fl-48">
         <path>C:\ti\CCS\ccsv6\tools\compiler\msp430_4.3.1\lib\</path>
         <kind>archive</kind>
         <file>rts430x.lib</file>
         <name>int36.obj</name>
      </input_file>
      <input_file id="fl-49">
         <path>C:\ti\CCS\ccsv6\tools\compiler\msp430_4.3.1\lib\</path>
         <kind>archive</kind>
         <file>rts430x.lib</file>
         <name>int52.obj</name>
      </input_file>
      <input_file id="fl-4a">
         <path>C:\ti\CCS\ccsv6\tools\compiler\msp430_4.3.1\lib\</path>
         <kind>archive</kind>
         <file>rts430x.lib</file>
         <name>copy_zero_init.obj</name>
      </input_file>
      <input_file id="fl-4b">
         <path>C:\ti\CCS\ccsv6\tools\compiler\msp430_4.3.1\lib\</path>
         <kind>archive</kind>
         <file>rts430x.lib</file>
         <name>div32u.obj</name>
      </input_file>
      <input_file id="fl-4c">
         <path>C:\ti\CCS\ccsv6\tools\compiler\msp430_4.3.1\lib\</path>
         <kind>archive</kind>
         <file>rts430x.lib</file>
         <name>cpy_util.obj</name>
      </input_file>
      <input_file id="fl-4d">
         <path>C:\ti\CCS\ccsv6\tools\compiler\msp430_4.3.1\lib\</path>
         <kind>archive</kind>
         <file>rts430x.lib</file>
         <name>mult16_f5hw.obj</name>
      </input_file>
      <input_file id="fl-4e">
         <path>C:\ti\CCS\ccsv6\tools\compiler\msp430_4.3.1\lib\</path>
         <kind>archive</kind>
         <file>rts430x.lib</file>
         <name>mult32_f5hw.obj</name>
      </input_file>
      <input_file id="fl-4f">
         <path>C:\ti\CCS\ccsv6\tools\compiler\msp430_4.3.1\lib\</path>
         <kind>archive</kind>
         <file>rts430x.lib</file>
         <name>boot.obj</name>
      </input_file>
      <input_file id="fl-50">
         <path>C:\ti\CCS\ccsv6\tools\compiler\msp430_4.3.1\lib\</path>
         <kind>archive</kind>
         <file>rts430x.lib</file>
         <name>mpu_init.obj</name>
      </input_file>
      <input_file id="fl-51">
         <path>C:\ti\CCS\ccsv6\tools\compiler\msp430_4.3.1\lib\</path>
         <kind>archive</kind>
         <file>rts430x.lib</file>
         <name>args_main.obj</name>
      </input_file>
      <input_file id="fl-52">
         <path>C:\ti\CCS\ccsv6\tools\compiler\msp430_4.3.1\lib\</path>
         <kind>archive</kind>
         <file>rts430x.lib</file>
         <name>autoinit.obj</name>
      </input_file>
      <input_file id="fl-53">
         <path>C:\ti\CCS\ccsv6\tools\compiler\msp430_4.3.1\lib\</path>
         <kind>archive</kind>
         <file>rts430x.lib</file>
         <name>_lock.obj</name>
      </input_file>
      <input_file id="fl-54">
         <path>C:\ti\CCS\ccsv6\tools\compiler\msp430_4.3.1\lib\</path>
         <kind>archive</kind>
         <file>rts430x.lib</file>
         <name>pre_init.obj</name>
      </input_file>
      <input_file id="fl-55">
         <path>C:\ti\CCS\ccsv6\tools\compiler\msp430_4.3.1\lib\</path>
         <kind>archive</kind>
         <file>rts430x.lib</file>
         <name>exit.obj</name>
      </input_file>
      <input_file id="fl-56">
         <path>C:\ti\CCS\ccsv6\tools\compiler\msp430_4.3.1\lib\</path>
         <kind>archive</kind>
         <file>rts430x.lib</file>
         <name>memcpy.obj</name>
      </input_file>
      <input_file id="fl-57">
         <path>C:\ti\CCS\ccsv6\tools\compiler\msp430_4.3.1\lib\</path>
         <kind>archive</kind>
         <file>rts430x.lib</file>
         <name>memset.obj</name>
      </input_file>
      <input_file id="fl-58">
         <path>C:\ti\CCS\ccsv6\tools\compiler\msp430_4.3.1\lib\</path>
         <kind>archive</kind>
         <file>rts430x.lib</file>
         <name>strlen.obj</name>
      </input_file>
   </input_file_list>
   <object_component_list>
      <object_component id="oc-d7">
         <name>.cinit</name>
         <load_address>0x4400</load_address>
         <run_address>0x4400</run_address>
         <size>0x18</size>
         <input_file_ref idref="fl-f"/>
      </object_component>
      <object_component id="oc-c4">
         <name>.cinit</name>
         <load_address>0x4418</load_address>
         <run_address>0x4418</run_address>
         <size>0xe</size>
         <input_file_ref idref="fl-c"/>
      </object_component>
      <object_component id="oc-8b">
         <name>.cinit</name>
         <load_address>0x4426</load_address>
         <run_address>0x4426</run_address>
         <size>0x8</size>
         <input_file_ref idref="fl-2"/>
      </object_component>
      <object_component id="oc-92">
         <name>.cinit</name>
         <load_address>0x442e</load_address>
         <run_address>0x442e</run_address>
         <size>0x6</size>
         <input_file_ref idref="fl-3"/>
      </object_component>
      <object_component id="oc-d9">
         <name>.const:.string</name>
         <load_address>0x4436</load_address>
         <run_address>0x4436</run_address>
         <size>0x35e</size>
         <input_file_ref idref="fl-f"/>
      </object_component>
      <object_component id="oc-98">
         <name>.const</name>
         <load_address>0x4794</load_address>
         <run_address>0x4794</run_address>
         <size>0xec</size>
         <input_file_ref idref="fl-4"/>
      </object_component>
      <object_component id="oc-d8">
         <name>.const</name>
         <load_address>0x4880</load_address>
         <run_address>0x4880</run_address>
         <size>0xaa</size>
         <input_file_ref idref="fl-f"/>
      </object_component>
      <object_component id="oc-19b">
         <name>.const:_SlActionLookupTable</name>
         <load_address>0x492a</load_address>
         <run_address>0x492a</run_address>
         <size>0x38</size>
         <input_file_ref idref="fl-c"/>
      </object_component>
      <object_component id="oc-a0">
         <name>.const</name>
         <load_address>0x4962</load_address>
         <run_address>0x4962</run_address>
         <size>0x34</size>
         <input_file_ref idref="fl-6"/>
      </object_component>
      <object_component id="oc-b2">
         <name>.const</name>
         <load_address>0x4996</load_address>
         <run_address>0x4996</run_address>
         <size>0x28</size>
         <input_file_ref idref="fl-9"/>
      </object_component>
      <object_component id="oc-b8">
         <name>.const</name>
         <load_address>0x49be</load_address>
         <run_address>0x49be</run_address>
         <size>0x24</size>
         <input_file_ref idref="fl-a"/>
      </object_component>
      <object_component id="oc-cb">
         <name>.const</name>
         <load_address>0x49e2</load_address>
         <run_address>0x49e2</run_address>
         <size>0x14</size>
         <input_file_ref idref="fl-d"/>
      </object_component>
      <object_component id="oc-c5">
         <name>.const</name>
         <load_address>0x49f6</load_address>
         <run_address>0x49f6</run_address>
         <size>0x14</size>
         <input_file_ref idref="fl-c"/>
      </object_component>
      <object_component id="oc-ac">
         <name>.const</name>
         <load_address>0x4a0a</load_address>
         <run_address>0x4a0a</run_address>
         <size>0x8</size>
         <input_file_ref idref="fl-8"/>
      </object_component>
      <object_component id="oc-18d">
         <name>.text:_SlAsyncEventGenericHandler</name>
         <load_address>0x4c00</load_address>
         <run_address>0x4c00</run_address>
         <size>0x4e2</size>
         <input_file_ref idref="fl-c"/>
      </object_component>
      <object_component id="oc-18c">
         <name>.text:_SlDrvMsgRead</name>
         <load_address>0x50e2</load_address>
         <run_address>0x50e2</run_address>
         <size>0x45e</size>
         <input_file_ref idref="fl-c"/>
      </object_component>
      <object_component id="oc-175">
         <name>.text:sl_WlanConnect</name>
         <load_address>0x5540</load_address>
         <run_address>0x5540</run_address>
         <size>0x1f6</size>
         <input_file_ref idref="fl-4"/>
      </object_component>
      <object_component id="oc-157">
         <name>.text:configureSimpleLinkToDefaultState</name>
         <load_address>0x5736</load_address>
         <run_address>0x5736</run_address>
         <size>0x1ee</size>
         <input_file_ref idref="fl-f"/>
      </object_component>
      <object_component id="oc-16c">
         <name>.text:_SlDrvWaitForPoolObj</name>
         <load_address>0x5924</load_address>
         <run_address>0x5924</run_address>
         <size>0x1ac</size>
         <input_file_ref idref="fl-c"/>
      </object_component>
      <object_component id="oc-18f">
         <name>.text:_SlDrvRxHdrRead</name>
         <load_address>0x5ad0</load_address>
         <run_address>0x5ad0</run_address>
         <size>0x1a6</size>
         <input_file_ref idref="fl-c"/>
      </object_component>
      <object_component id="oc-173">
         <name>.text:_SlDrvReleasePoolObj</name>
         <load_address>0x5c76</load_address>
         <run_address>0x5c76</run_address>
         <size>0x184</size>
         <input_file_ref idref="fl-c"/>
      </object_component>
      <object_component id="oc-177">
         <name>.text:sl_NetAppPingStart</name>
         <load_address>0x5dfa</load_address>
         <run_address>0x5dfa</run_address>
         <size>0x17a</size>
         <input_file_ref idref="fl-9"/>
      </object_component>
      <object_component id="oc-187">
         <name>.text:_SlDrvMsgWrite</name>
         <load_address>0x5f74</load_address>
         <run_address>0x5f74</run_address>
         <size>0x158</size>
         <input_file_ref idref="fl-c"/>
      </object_component>
      <object_component id="oc-178">
         <name>.text:sl_NetAppDnsGetHostByName</name>
         <load_address>0x60cc</load_address>
         <run_address>0x60cc</run_address>
         <size>0x108</size>
         <input_file_ref idref="fl-9"/>
      </object_component>
      <object_component id="oc-159">
         <name>.text:sl_Start</name>
         <load_address>0x61d4</load_address>
         <run_address>0x61d4</run_address>
         <size>0xf8</size>
         <input_file_ref idref="fl-d"/>
      </object_component>
      <object_component id="oc-15f">
         <name>.text:sl_Stop</name>
         <load_address>0x62cc</load_address>
         <run_address>0x62cc</run_address>
         <size>0xee</size>
         <input_file_ref idref="fl-d"/>
      </object_component>
      <object_component id="oc-196">
         <name>.text:_SlDrvNetAppEventHandler</name>
         <load_address>0x63ba</load_address>
         <run_address>0x63ba</run_address>
         <size>0xe2</size>
         <input_file_ref idref="fl-9"/>
      </object_component>
      <object_component id="oc-192">
         <name>.text:_SlFindAndSetActiveObj</name>
         <load_address>0x649c</load_address>
         <run_address>0x649c</run_address>
         <size>0xda</size>
         <input_file_ref idref="fl-c"/>
      </object_component>
      <object_component id="oc-15c">
         <name>.text:checkInternetConnection</name>
         <load_address>0x6576</load_address>
         <run_address>0x6576</run_address>
         <size>0xd6</size>
         <input_file_ref idref="fl-f"/>
      </object_component>
      <object_component id="oc-16a">
         <name>.text:_SlDrvDriverCBInit</name>
         <load_address>0x664c</load_address>
         <run_address>0x664c</run_address>
         <size>0xc6</size>
         <input_file_ref idref="fl-c"/>
      </object_component>
      <object_component id="oc-190">
         <name>.text:_SlDrvClassifyRxMsg</name>
         <load_address>0x6712</load_address>
         <run_address>0x6712</run_address>
         <size>0xc4</size>
         <input_file_ref idref="fl-c"/>
      </object_component>
      <object_component id="oc-188">
         <name>.text:_SlDrvMsgReadCmdCtx</name>
         <load_address>0x67d6</load_address>
         <run_address>0x67d6</run_address>
         <size>0xc4</size>
         <input_file_ref idref="fl-c"/>
      </object_component>
      <object_component id="oc-14f">
         <name>.text:main</name>
         <load_address>0x689a</load_address>
         <run_address>0x689a</run_address>
         <size>0xc0</size>
         <input_file_ref idref="fl-f"/>
      </object_component>
      <object_component id="oc-17d">
         <name>.text:sl_NetAppMDNSRegisterUnregisterService</name>
         <load_address>0x695a</load_address>
         <run_address>0x695a</run_address>
         <size>0xc0</size>
         <input_file_ref idref="fl-9"/>
      </object_component>
      <object_component id="oc-183">
         <name>.text:_SlDrvMsgReadSpawnCtx</name>
         <load_address>0x6a1a</load_address>
         <run_address>0x6a1a</run_address>
         <size>0xb0</size>
         <input_file_ref idref="fl-c"/>
      </object_component>
      <object_component id="oc-1a2">
         <name>.text:_sl_HandleAsync_InitComplete</name>
         <load_address>0x6aca</load_address>
         <run_address>0x6aca</run_address>
         <size>0xb0</size>
         <input_file_ref idref="fl-d"/>
      </object_component>
      <object_component id="oc-194">
         <name>.text:_sl_HandleAsync_PingResponse</name>
         <load_address>0x6b7a</load_address>
         <run_address>0x6b7a</run_address>
         <size>0xa6</size>
         <input_file_ref idref="fl-9"/>
      </object_component>
      <object_component id="oc-15b">
         <name>.text:checkLanConnection</name>
         <load_address>0x6c20</load_address>
         <run_address>0x6c20</run_address>
         <size>0xa6</size>
         <input_file_ref idref="fl-f"/>
      </object_component>
      <object_component id="oc-19d">
         <name>.text:_sl_HandleAsync_DnsGetHostByName</name>
         <load_address>0x6cc6</load_address>
         <run_address>0x6cc6</run_address>
         <size>0xa2</size>
         <input_file_ref idref="fl-9"/>
      </object_component>
      <object_component id="oc-1a4">
         <name>.text:_sl_HandleAsync_Connect</name>
         <load_address>0x6d68</load_address>
         <run_address>0x6d68</run_address>
         <size>0x9a</size>
         <input_file_ref idref="fl-6"/>
      </object_component>
      <object_component id="oc-19c">
         <name>.text:_sl_HandleAsync_DnsGetHostByService</name>
         <load_address>0x6e02</load_address>
         <run_address>0x6e02</run_address>
         <size>0x92</size>
         <input_file_ref idref="fl-9"/>
      </object_component>
      <object_component id="oc-160">
         <name>.text:sl_DevGet</name>
         <load_address>0x6e94</load_address>
         <run_address>0x6e94</run_address>
         <size>0x92</size>
         <input_file_ref idref="fl-d"/>
      </object_component>
      <object_component id="oc-1a3">
         <name>.text:_sl_HandleAsync_Accept</name>
         <load_address>0x6f26</load_address>
         <run_address>0x6f26</run_address>
         <size>0x88</size>
         <input_file_ref idref="fl-6"/>
      </object_component>
      <object_component id="oc-16b">
         <name>.text:spi_Open</name>
         <load_address>0x6fae</load_address>
         <run_address>0x6fae</run_address>
         <size>0x88</size>
         <input_file_ref idref="fl-e"/>
      </object_component>
      <object_component id="oc-174">
         <name>.text:_sl_GetStartResponseConvert</name>
         <load_address>0x7036</load_address>
         <run_address>0x7036</run_address>
         <size>0x78</size>
         <input_file_ref idref="fl-d"/>
      </object_component>
      <object_component id="oc-17b">
         <name>.text:_SlDrvDriverCBDeinit</name>
         <load_address>0x70ae</load_address>
         <run_address>0x70ae</run_address>
         <size>0x76</size>
         <input_file_ref idref="fl-c"/>
      </object_component>
      <object_component id="oc-1a5">
         <name>.text:_sl_HandleAsync_Select</name>
         <load_address>0x7124</load_address>
         <run_address>0x7124</run_address>
         <size>0x76</size>
         <input_file_ref idref="fl-6"/>
      </object_component>
      <object_component id="oc-1a1">
         <name>.text:_sl_HandleAsync_Stop</name>
         <load_address>0x719a</load_address>
         <run_address>0x719a</run_address>
         <size>0x76</size>
         <input_file_ref idref="fl-d"/>
      </object_component>
      <object_component id="oc-179">
         <name>.text:_SlDrvCmdOp</name>
         <load_address>0x7210</load_address>
         <run_address>0x7210</run_address>
         <size>0x6e</size>
         <input_file_ref idref="fl-c"/>
      </object_component>
      <object_component id="oc-185">
         <name>.text:_SlRemoveFromList</name>
         <load_address>0x727e</load_address>
         <run_address>0x727e</run_address>
         <size>0x6e</size>
         <input_file_ref idref="fl-c"/>
      </object_component>
      <object_component id="oc-17e">
         <name>.text:_SlDrvObjInit</name>
         <load_address>0x72ec</load_address>
         <run_address>0x72ec</run_address>
         <size>0x5c</size>
         <input_file_ref idref="fl-c"/>
      </object_component>
      <object_component id="oc-14e">
         <name>.text:_auto_init_hold_wdt</name>
         <load_address>0x7348</load_address>
         <run_address>0x7348</run_address>
         <size>0x5c</size>
         <input_file_ref idref="fl-52"/>
      </object_component>
      <object_component id="oc-15a">
         <name>.text:establishConnectionWithAP</name>
         <load_address>0x73a4</load_address>
         <run_address>0x73a4</run_address>
         <size>0x5c</size>
         <input_file_ref idref="fl-f"/>
      </object_component>
      <object_component id="oc-19f">
         <name>.text:sl_NetAppSendTokenValue</name>
         <load_address>0x7400</load_address>
         <run_address>0x7400</run_address>
         <size>0x5a</size>
         <input_file_ref idref="fl-9"/>
      </object_component>
      <object_component id="oc-100">
         <name>.text</name>
         <load_address>0x745a</load_address>
         <run_address>0x745a</run_address>
         <size>0x58</size>
         <input_file_ref idref="fl-4b"/>
      </object_component>
      <object_component id="oc-164">
         <name>.text:sl_NetCfgSet</name>
         <load_address>0x74b2</load_address>
         <run_address>0x74b2</run_address>
         <size>0x56</size>
         <input_file_ref idref="fl-8"/>
      </object_component>
      <object_component id="oc-199">
         <name>.text:SimpleLinkWlanEventHandler</name>
         <load_address>0x7508</load_address>
         <run_address>0x7508</run_address>
         <size>0x4e</size>
         <input_file_ref idref="fl-f"/>
      </object_component>
      <object_component id="oc-15d">
         <name>.text:_SlNonOsMainLoopTask</name>
         <load_address>0x7556</load_address>
         <run_address>0x7556</run_address>
         <size>0x48</size>
         <input_file_ref idref="fl-7"/>
      </object_component>
      <object_component id="oc-165">
         <name>.text:sl_WlanSet</name>
         <load_address>0x759e</load_address>
         <run_address>0x759e</run_address>
         <size>0x48</size>
         <input_file_ref idref="fl-4"/>
      </object_component>
      <object_component id="oc-19a">
         <name>.text:_SlDrvDeviceEventHandler</name>
         <load_address>0x75e6</load_address>
         <run_address>0x75e6</run_address>
         <size>0x44</size>
         <input_file_ref idref="fl-d"/>
      </object_component>
      <object_component id="oc-161">
         <name>.text:sl_WlanPolicySet</name>
         <load_address>0x762a</load_address>
         <run_address>0x762a</run_address>
         <size>0x40</size>
         <input_file_ref idref="fl-4"/>
      </object_component>
      <object_component id="oc-170">
         <name>.text:_SlDrvRxIrqHandler</name>
         <load_address>0x766a</load_address>
         <run_address>0x766a</run_address>
         <size>0x3c</size>
         <input_file_ref idref="fl-c"/>
      </object_component>
      <object_component id="oc-184">
         <name>.text:_SlNonOsSpawn</name>
         <load_address>0x76a6</load_address>
         <run_address>0x76a6</run_address>
         <size>0x3c</size>
         <input_file_ref idref="fl-7"/>
      </object_component>
      <object_component id="oc-168">
         <name>.text:sl_WlanRxFilterSet</name>
         <load_address>0x76e2</load_address>
         <run_address>0x76e2</run_address>
         <size>0x3a</size>
         <input_file_ref idref="fl-4"/>
      </object_component>
      <object_component id="oc-186">
         <name>.text:CopyPingResultsToReport</name>
         <load_address>0x771c</load_address>
         <run_address>0x771c</run_address>
         <size>0x38</size>
         <input_file_ref idref="fl-9"/>
      </object_component>
      <object_component id="oc-14b">
         <name>.text:_isr:UART_ISR</name>
         <load_address>0x7754</load_address>
         <run_address>0x7754</run_address>
         <size>0x38</size>
         <input_file_ref idref="fl-3"/>
      </object_component>
      <object_component id="oc-155">
         <name>.text:CLI_Configure</name>
         <load_address>0x778c</load_address>
         <run_address>0x778c</run_address>
         <size>0x36</size>
         <input_file_ref idref="fl-3"/>
      </object_component>
      <object_component id="oc-17f">
         <name>.text:_SlDrvFlowContInit</name>
         <load_address>0x77c2</load_address>
         <run_address>0x77c2</run_address>
         <size>0x36</size>
         <input_file_ref idref="fl-b"/>
      </object_component>
      <object_component id="oc-191">
         <name>.text:spi_Read</name>
         <load_address>0x77f8</load_address>
         <run_address>0x77f8</run_address>
         <size>0x36</size>
         <input_file_ref idref="fl-e"/>
      </object_component>
      <object_component id="oc-17c">
         <name>.text:_SlDrvBasicCmd</name>
         <load_address>0x782e</load_address>
         <run_address>0x782e</run_address>
         <size>0x34</size>
         <input_file_ref idref="fl-c"/>
      </object_component>
      <object_component id="oc-16d">
         <name>.text:_SlNonOsSemGet</name>
         <load_address>0x7862</load_address>
         <run_address>0x7862</run_address>
         <size>0x34</size>
         <input_file_ref idref="fl-7"/>
      </object_component>
      <object_component id="oc-18a">
         <name>.text:_SlDrvFlowContDeinit</name>
         <load_address>0x7896</load_address>
         <run_address>0x7896</run_address>
         <size>0x32</size>
         <input_file_ref idref="fl-b"/>
      </object_component>
      <object_component id="oc-158">
         <name>.text:CLI_Write</name>
         <load_address>0x78c8</load_address>
         <run_address>0x78c8</run_address>
         <size>0x2e</size>
         <input_file_ref idref="fl-3"/>
      </object_component>
      <object_component id="oc-18e">
         <name>.text:spi_Write</name>
         <load_address>0x78f6</load_address>
         <run_address>0x78f6</run_address>
         <size>0x2c</size>
         <input_file_ref idref="fl-e"/>
      </object_component>
      <object_component id="oc-197">
         <name>.text:SimpleLinkNetAppEventHandler</name>
         <load_address>0x7922</load_address>
         <run_address>0x7922</run_address>
         <size>0x2a</size>
         <input_file_ref idref="fl-f"/>
      </object_component>
      <object_component id="oc-83">
         <name>.text:_isr:_c_int00_noexit</name>
         <load_address>0x794c</load_address>
         <run_address>0x794c</run_address>
         <size>0x2a</size>
         <input_file_ref idref="fl-4f"/>
      </object_component>
      <object_component id="oc-1a6">
         <name>.text:_SlDrvCmdSend</name>
         <load_address>0x7976</load_address>
         <run_address>0x7976</run_address>
         <size>0x26</size>
         <input_file_ref idref="fl-c"/>
      </object_component>
      <object_component id="oc-195">
         <name>.text:_SlDrvShiftDWord</name>
         <load_address>0x799c</load_address>
         <run_address>0x799c</run_address>
         <size>0x24</size>
         <input_file_ref idref="fl-c"/>
      </object_component>
      <object_component id="oc-166">
         <name>.text:sl_NetAppMDNSUnRegisterService</name>
         <load_address>0x79c0</load_address>
         <run_address>0x79c0</run_address>
         <size>0x24</size>
         <input_file_ref idref="fl-9"/>
      </object_component>
      <object_component id="oc-156">
         <name>.text:displayBanner</name>
         <load_address>0x79e4</load_address>
         <run_address>0x79e4</run_address>
         <size>0x22</size>
         <input_file_ref idref="fl-f"/>
      </object_component>
      <object_component id="oc-154">
         <name>.text:initClk</name>
         <load_address>0x7a06</load_address>
         <run_address>0x7a06</run_address>
         <size>0x22</size>
         <input_file_ref idref="fl-2"/>
      </object_component>
      <object_component id="oc-10e">
         <name>.text</name>
         <load_address>0x7a28</load_address>
         <run_address>0x7a28</run_address>
         <size>0x22</size>
         <input_file_ref idref="fl-4e"/>
      </object_component>
      <object_component id="oc-180">
         <name>.text:Delay</name>
         <load_address>0x7a4a</load_address>
         <run_address>0x7a4a</run_address>
         <size>0x20</size>
         <input_file_ref idref="fl-2"/>
      </object_component>
      <object_component id="oc-162">
         <name>.text:sl_WlanProfileDel</name>
         <load_address>0x7a6a</load_address>
         <run_address>0x7a6a</run_address>
         <size>0x20</size>
         <input_file_ref idref="fl-4"/>
      </object_component>
      <object_component id="oc-15e">
         <name>.text:sl_WlanSetMode</name>
         <load_address>0x7a8a</load_address>
         <run_address>0x7a8a</run_address>
         <size>0x20</size>
         <input_file_ref idref="fl-4"/>
      </object_component>
      <object_component id="oc-18b">
         <name>.text:_SlDrvObjDeInit</name>
         <load_address>0x7aaa</load_address>
         <run_address>0x7aaa</run_address>
         <size>0x1e</size>
         <input_file_ref idref="fl-c"/>
      </object_component>
      <object_component id="oc-14a">
         <name>.text:_isr:Port1_ISR</name>
         <load_address>0x7ac8</load_address>
         <run_address>0x7ac8</run_address>
         <size>0x1c</size>
         <input_file_ref idref="fl-2"/>
      </object_component>
      <object_component id="oc-152">
         <name>.text:initializeAppVariables</name>
         <load_address>0x7ae4</load_address>
         <run_address>0x7ae4</run_address>
         <size>0x18</size>
         <input_file_ref idref="fl-f"/>
      </object_component>
      <object_component id="oc-109">
         <name>.text</name>
         <load_address>0x7afc</load_address>
         <run_address>0x7afc</run_address>
         <size>0x16</size>
         <input_file_ref idref="fl-4d"/>
      </object_component>
      <object_component id="oc-176">
         <name>.text:SimpleLinkPingReport</name>
         <load_address>0x7b12</load_address>
         <run_address>0x7b12</run_address>
         <size>0x14</size>
         <input_file_ref idref="fl-f"/>
      </object_component>
      <object_component id="oc-167">
         <name>.text:memset</name>
         <load_address>0x7b26</load_address>
         <run_address>0x7b26</run_address>
         <size>0x14</size>
         <input_file_ref idref="fl-57"/>
      </object_component>
      <object_component id="oc-151">
         <name>.text:memcpy</name>
         <load_address>0x7b3a</load_address>
         <run_address>0x7b3a</run_address>
         <size>0x12</size>
         <input_file_ref idref="fl-56"/>
      </object_component>
      <object_component id="oc-181">
         <name>.text:CC3100_InterruptEnable</name>
         <load_address>0x7b4c</load_address>
         <run_address>0x7b4c</run_address>
         <size>0xe</size>
         <input_file_ref idref="fl-2"/>
      </object_component>
      <object_component id="oc-169">
         <name>.text:strlen</name>
         <load_address>0x7b5a</load_address>
         <run_address>0x7b5a</run_address>
         <size>0xe</size>
         <input_file_ref idref="fl-58"/>
      </object_component>
      <object_component id="oc-189">
         <name>.text:CC3100_InterruptDisable</name>
         <load_address>0x7b68</load_address>
         <run_address>0x7b68</run_address>
         <size>0xa</size>
         <input_file_ref idref="fl-2"/>
      </object_component>
      <object_component id="oc-1a0">
         <name>.text:SimpleLinkGeneralEventHandler</name>
         <load_address>0x7b72</load_address>
         <run_address>0x7b72</run_address>
         <size>0xa</size>
         <input_file_ref idref="fl-f"/>
      </object_component>
      <object_component id="oc-19e">
         <name>.text:SimpleLinkHttpServerCallback</name>
         <load_address>0x7b7c</load_address>
         <run_address>0x7b7c</run_address>
         <size>0xa</size>
         <input_file_ref idref="fl-f"/>
      </object_component>
      <object_component id="oc-198">
         <name>.text:SimpleLinkSockEventHandler</name>
         <load_address>0x7b86</load_address>
         <run_address>0x7b86</run_address>
         <size>0xa</size>
         <input_file_ref idref="fl-f"/>
      </object_component>
      <object_component id="oc-de">
         <name>.text</name>
         <load_address>0x7b90</load_address>
         <run_address>0x7b90</run_address>
         <size>0xa</size>
         <input_file_ref idref="fl-3d"/>
      </object_component>
      <object_component id="oc-e3">
         <name>.text</name>
         <load_address>0x7b9a</load_address>
         <run_address>0x7b9a</run_address>
         <size>0xa</size>
         <input_file_ref idref="fl-3e"/>
      </object_component>
      <object_component id="oc-163">
         <name>.text:sl_WlanDisconnect</name>
         <load_address>0x7ba4</load_address>
         <run_address>0x7ba4</run_address>
         <size>0xa</size>
         <input_file_ref idref="fl-4"/>
      </object_component>
      <object_component id="oc-16e">
         <name>.text:_SlNonOsSemSet</name>
         <load_address>0x7bae</load_address>
         <run_address>0x7bae</run_address>
         <size>0x8</size>
         <input_file_ref idref="fl-7"/>
      </object_component>
      <object_component id="oc-171">
         <name>.text:registerInterruptHandler</name>
         <load_address>0x7bb6</load_address>
         <run_address>0x7bb6</run_address>
         <size>0x8</size>
         <input_file_ref idref="fl-2"/>
      </object_component>
      <object_component id="oc-17a">
         <name>.text:spi_Close</name>
         <load_address>0x7bbe</load_address>
         <run_address>0x7bbe</run_address>
         <size>0x8</size>
         <input_file_ref idref="fl-e"/>
      </object_component>
      <object_component id="oc-153">
         <name>.text:stopWDT</name>
         <load_address>0x7bc6</load_address>
         <run_address>0x7bc6</run_address>
         <size>0x8</size>
         <input_file_ref idref="fl-2"/>
      </object_component>
      <object_component id="oc-16f">
         <name>.text:CC3100_disable</name>
         <load_address>0x7bce</load_address>
         <run_address>0x7bce</run_address>
         <size>0x6</size>
         <input_file_ref idref="fl-2"/>
      </object_component>
      <object_component id="oc-172">
         <name>.text:CC3100_enable</name>
         <load_address>0x7bd4</load_address>
         <run_address>0x7bd4</run_address>
         <size>0x6</size>
         <input_file_ref idref="fl-2"/>
      </object_component>
      <object_component id="oc-182">
         <name>.text:MaskIntHdlr</name>
         <load_address>0x7bda</load_address>
         <run_address>0x7bda</run_address>
         <size>0x6</size>
         <input_file_ref idref="fl-2"/>
      </object_component>
      <object_component id="oc-193">
         <name>.text:UnMaskIntHdlr</name>
         <load_address>0x7be0</load_address>
         <run_address>0x7be0</run_address>
         <size>0x6</size>
         <input_file_ref idref="fl-2"/>
      </object_component>
      <object_component id="oc-f6">
         <name>.text:__TI_ISR_TRAP</name>
         <load_address>0x7be6</load_address>
         <run_address>0x7be6</run_address>
         <size>0x6</size>
         <input_file_ref idref="fl-43"/>
      </object_component>
      <object_component id="oc-149">
         <name>.text:_isr:Trap_ISR</name>
         <load_address>0x7bec</load_address>
         <run_address>0x7bec</run_address>
         <size>0x4</size>
         <input_file_ref idref="fl-2"/>
      </object_component>
      <object_component id="oc-14d">
         <name>.text:_system_pre_init</name>
         <load_address>0x7bf0</load_address>
         <run_address>0x7bf0</run_address>
         <size>0x4</size>
         <input_file_ref idref="fl-54"/>
      </object_component>
      <object_component id="oc-150">
         <name>.text:abort</name>
         <load_address>0x7bf4</load_address>
         <run_address>0x7bf4</run_address>
         <size>0x4</size>
         <input_file_ref idref="fl-55"/>
      </object_component>
      <object_component id="oc-14c">
         <name>.text:_nop</name>
         <load_address>0x7bf8</load_address>
         <run_address>0x7bf8</run_address>
         <size>0x2</size>
         <input_file_ref idref="fl-53"/>
      </object_component>
      <object_component id="oc-89">
         <name>.bss</name>
         <uninitialized>true</uninitialized>
         <run_address>0x1d6c</run_address>
         <size>0x5</size>
         <input_file_ref idref="fl-2"/>
      </object_component>
      <object_component id="oc-90">
         <name>.bss</name>
         <uninitialized>true</uninitialized>
         <run_address>0x1d72</run_address>
         <size>0x4</size>
         <input_file_ref idref="fl-3"/>
      </object_component>
      <object_component id="oc-a5">
         <name>.bss</name>
         <uninitialized>true</uninitialized>
         <run_address>0x1d32</run_address>
         <size>0x1e</size>
         <input_file_ref idref="fl-7"/>
      </object_component>
      <object_component id="oc-c2">
         <name>.bss</name>
         <uninitialized>true</uninitialized>
         <run_address>0x1c00</run_address>
         <size>0x132</size>
         <input_file_ref idref="fl-c"/>
      </object_component>
      <object_component id="oc-d5">
         <name>.bss</name>
         <uninitialized>true</uninitialized>
         <run_address>0x1d50</run_address>
         <size>0xc</size>
         <input_file_ref idref="fl-f"/>
      </object_component>
      <object_component id="oc-113">
         <name>.bss</name>
         <uninitialized>true</uninitialized>
         <run_address>0x1d64</run_address>
         <size>0x8</size>
         <input_file_ref idref="fl-4f"/>
      </object_component>
      <object_component id="oc-12a">
         <name>.bss</name>
         <uninitialized>true</uninitialized>
         <run_address>0x1d5c</run_address>
         <size>0x8</size>
         <input_file_ref idref="fl-53"/>
      </object_component>
      <object_component id="oc-115">
         <name>.stack</name>
         <uninitialized>true</uninitialized>
         <run_address>0x22ac</run_address>
         <size>0x2</size>
         <input_file_ref idref="fl-4f"/>
      </object_component>
      <object_component id="oc-200">
         <name>.stack</name>
         <uninitialized>true</uninitialized>
         <run_address>0x22ac</run_address>
         <size>0x0</size>
      </object_component>
      <object_component id="oc-6f">
         <name>.int30</name>
         <load_address>0xffcc</load_address>
         <run_address>0xffcc</run_address>
         <size>0x2</size>
         <input_file_ref idref="fl-42"/>
      </object_component>
      <object_component id="oc-70">
         <name>.int31</name>
         <load_address>0xffce</load_address>
         <run_address>0xffce</run_address>
         <size>0x2</size>
         <input_file_ref idref="fl-2"/>
      </object_component>
      <object_component id="oc-71">
         <name>.int32</name>
         <load_address>0xffd0</load_address>
         <run_address>0xffd0</run_address>
         <size>0x2</size>
         <input_file_ref idref="fl-44"/>
      </object_component>
      <object_component id="oc-72">
         <name>.int33</name>
         <load_address>0xffd2</load_address>
         <run_address>0xffd2</run_address>
         <size>0x2</size>
         <input_file_ref idref="fl-45"/>
      </object_component>
      <object_component id="oc-73">
         <name>.int34</name>
         <load_address>0xffd4</load_address>
         <run_address>0xffd4</run_address>
         <size>0x2</size>
         <input_file_ref idref="fl-46"/>
      </object_component>
      <object_component id="oc-74">
         <name>.int35</name>
         <load_address>0xffd6</load_address>
         <run_address>0xffd6</run_address>
         <size>0x2</size>
         <input_file_ref idref="fl-47"/>
      </object_component>
      <object_component id="oc-75">
         <name>.int36</name>
         <load_address>0xffd8</load_address>
         <run_address>0xffd8</run_address>
         <size>0x2</size>
         <input_file_ref idref="fl-48"/>
      </object_component>
      <object_component id="oc-76">
         <name>.int37</name>
         <load_address>0xffda</load_address>
         <run_address>0xffda</run_address>
         <size>0x2</size>
         <input_file_ref idref="fl-2"/>
      </object_component>
      <object_component id="oc-77">
         <name>.int38</name>
         <load_address>0xffdc</load_address>
         <run_address>0xffdc</run_address>
         <size>0x2</size>
         <input_file_ref idref="fl-2"/>
      </object_component>
      <object_component id="oc-78">
         <name>.int39</name>
         <load_address>0xffde</load_address>
         <run_address>0xffde</run_address>
         <size>0x2</size>
         <input_file_ref idref="fl-2"/>
      </object_component>
      <object_component id="oc-79">
         <name>.int40</name>
         <load_address>0xffe0</load_address>
         <run_address>0xffe0</run_address>
         <size>0x2</size>
         <input_file_ref idref="fl-2"/>
      </object_component>
      <object_component id="oc-7a">
         <name>.int41</name>
         <load_address>0xffe2</load_address>
         <run_address>0xffe2</run_address>
         <size>0x2</size>
         <input_file_ref idref="fl-2"/>
      </object_component>
      <object_component id="oc-7b">
         <name>.int42</name>
         <load_address>0xffe4</load_address>
         <run_address>0xffe4</run_address>
         <size>0x2</size>
         <input_file_ref idref="fl-2"/>
      </object_component>
      <object_component id="oc-7c">
         <name>.int43</name>
         <load_address>0xffe6</load_address>
         <run_address>0xffe6</run_address>
         <size>0x2</size>
         <input_file_ref idref="fl-2"/>
      </object_component>
      <object_component id="oc-7d">
         <name>.int44</name>
         <load_address>0xffe8</load_address>
         <run_address>0xffe8</run_address>
         <size>0x2</size>
         <input_file_ref idref="fl-2"/>
      </object_component>
      <object_component id="oc-7e">
         <name>.int45</name>
         <load_address>0xffea</load_address>
         <run_address>0xffea</run_address>
         <size>0x2</size>
         <input_file_ref idref="fl-2"/>
      </object_component>
      <object_component id="oc-7f">
         <name>.int46</name>
         <load_address>0xffec</load_address>
         <run_address>0xffec</run_address>
         <size>0x2</size>
         <input_file_ref idref="fl-2"/>
      </object_component>
      <object_component id="oc-80">
         <name>.int47</name>
         <load_address>0xffee</load_address>
         <run_address>0xffee</run_address>
         <size>0x2</size>
         <input_file_ref idref="fl-2"/>
      </object_component>
      <object_component id="oc-81">
         <name>.int48</name>
         <load_address>0xfff0</load_address>
         <run_address>0xfff0</run_address>
         <size>0x2</size>
         <input_file_ref idref="fl-3"/>
      </object_component>
      <object_component id="oc-82">
         <name>.int49</name>
         <load_address>0xfff2</load_address>
         <run_address>0xfff2</run_address>
         <size>0x2</size>
         <input_file_ref idref="fl-2"/>
      </object_component>
      <object_component id="oc-84">
         <name>.int50</name>
         <load_address>0xfff4</load_address>
         <run_address>0xfff4</run_address>
         <size>0x2</size>
         <input_file_ref idref="fl-2"/>
      </object_component>
      <object_component id="oc-85">
         <name>.int51</name>
         <load_address>0xfff6</load_address>
         <run_address>0xfff6</run_address>
         <size>0x2</size>
         <input_file_ref idref="fl-2"/>
      </object_component>
      <object_component id="oc-86">
         <name>.int52</name>
         <load_address>0xfff8</load_address>
         <run_address>0xfff8</run_address>
         <size>0x2</size>
         <input_file_ref idref="fl-49"/>
      </object_component>
      <object_component id="oc-87">
         <name>.int53</name>
         <load_address>0xfffa</load_address>
         <run_address>0xfffa</run_address>
         <size>0x2</size>
         <input_file_ref idref="fl-2"/>
      </object_component>
      <object_component id="oc-88">
         <name>.int54</name>
         <load_address>0xfffc</load_address>
         <run_address>0xfffc</run_address>
         <size>0x2</size>
         <input_file_ref idref="fl-2"/>
      </object_component>
      <object_component id="oc-116">
         <name>.reset</name>
         <load_address>0xfffe</load_address>
         <run_address>0xfffe</run_address>
         <size>0x2</size>
         <input_file_ref idref="fl-4f"/>
      </object_component>
      <object_component id="oc-8a">
         <name>.debug_info</name>
         <load_address>0x0</load_address>
         <run_address>0x0</run_address>
         <size>0xedb</size>
         <input_file_ref idref="fl-2"/>
      </object_component>
      <object_component id="oc-91">
         <name>.debug_info</name>
         <load_address>0xedb</load_address>
         <run_address>0xedb</run_address>
         <size>0x813</size>
         <input_file_ref idref="fl-3"/>
      </object_component>
      <object_component id="oc-97">
         <name>.debug_info</name>
         <load_address>0x16ee</load_address>
         <run_address>0x16ee</run_address>
         <size>0x3346</size>
         <input_file_ref idref="fl-4"/>
      </object_component>
      <object_component id="oc-9d">
         <name>.debug_info</name>
         <load_address>0x4a34</load_address>
         <run_address>0x4a34</run_address>
         <size>0x1fa</size>
         <input_file_ref idref="fl-5"/>
      </object_component>
      <object_component id="oc-9f">
         <name>.debug_info</name>
         <load_address>0x4c2e</load_address>
         <run_address>0x4c2e</run_address>
         <size>0x24e9</size>
         <input_file_ref idref="fl-6"/>
      </object_component>
      <object_component id="oc-a6">
         <name>.debug_info</name>
         <load_address>0x7117</load_address>
         <run_address>0x7117</run_address>
         <size>0x10d5</size>
         <input_file_ref idref="fl-7"/>
      </object_component>
      <object_component id="oc-ab">
         <name>.debug_info</name>
         <load_address>0x81ec</load_address>
         <run_address>0x81ec</run_address>
         <size>0x7c4</size>
         <input_file_ref idref="fl-8"/>
      </object_component>
      <object_component id="oc-b1">
         <name>.debug_info</name>
         <load_address>0x89b0</load_address>
         <run_address>0x89b0</run_address>
         <size>0x37fa</size>
         <input_file_ref idref="fl-9"/>
      </object_component>
      <object_component id="oc-b7">
         <name>.debug_info</name>
         <load_address>0xc1aa</load_address>
         <run_address>0xc1aa</run_address>
         <size>0x1223</size>
         <input_file_ref idref="fl-a"/>
      </object_component>
      <object_component id="oc-bd">
         <name>.debug_info</name>
         <load_address>0xd3cd</load_address>
         <run_address>0xd3cd</run_address>
         <size>0xd0a</size>
         <input_file_ref idref="fl-b"/>
      </object_component>
      <object_component id="oc-c3">
         <name>.debug_info</name>
         <load_address>0xe0d7</load_address>
         <run_address>0xe0d7</run_address>
         <size>0x46a1</size>
         <input_file_ref idref="fl-c"/>
      </object_component>
      <object_component id="oc-ca">
         <name>.debug_info</name>
         <load_address>0x12778</load_address>
         <run_address>0x12778</run_address>
         <size>0x2300</size>
         <input_file_ref idref="fl-d"/>
      </object_component>
      <object_component id="oc-d0">
         <name>.debug_info</name>
         <load_address>0x14a78</load_address>
         <run_address>0x14a78</run_address>
         <size>0x9e4</size>
         <input_file_ref idref="fl-e"/>
      </object_component>
      <object_component id="oc-d6">
         <name>.debug_info</name>
         <load_address>0x1545c</load_address>
         <run_address>0x1545c</run_address>
         <size>0x34ba</size>
         <input_file_ref idref="fl-f"/>
      </object_component>
      <object_component id="oc-df">
         <name>.debug_info</name>
         <load_address>0x18916</load_address>
         <run_address>0x18916</run_address>
         <size>0xbb</size>
         <input_file_ref idref="fl-3d"/>
      </object_component>
      <object_component id="oc-e4">
         <name>.debug_info</name>
         <load_address>0x189d1</load_address>
         <run_address>0x189d1</run_address>
         <size>0xbb</size>
         <input_file_ref idref="fl-3e"/>
      </object_component>
      <object_component id="oc-e8">
         <name>.debug_info</name>
         <load_address>0x18a8c</load_address>
         <run_address>0x18a8c</run_address>
         <size>0x8b</size>
         <input_file_ref idref="fl-3f"/>
      </object_component>
      <object_component id="oc-ec">
         <name>.debug_info</name>
         <load_address>0x18b17</load_address>
         <run_address>0x18b17</run_address>
         <size>0x286</size>
         <input_file_ref idref="fl-40"/>
      </object_component>
      <object_component id="oc-f1">
         <name>.debug_info</name>
         <load_address>0x18d9d</load_address>
         <run_address>0x18d9d</run_address>
         <size>0x27b</size>
         <input_file_ref idref="fl-41"/>
      </object_component>
      <object_component id="oc-f7">
         <name>.debug_info</name>
         <load_address>0x19018</load_address>
         <run_address>0x19018</run_address>
         <size>0xba</size>
         <input_file_ref idref="fl-43"/>
      </object_component>
      <object_component id="oc-fb">
         <name>.debug_info</name>
         <load_address>0x190d2</load_address>
         <run_address>0x190d2</run_address>
         <size>0x284</size>
         <input_file_ref idref="fl-4a"/>
      </object_component>
      <object_component id="oc-101">
         <name>.debug_info</name>
         <load_address>0x19356</load_address>
         <run_address>0x19356</run_address>
         <size>0xc0</size>
         <input_file_ref idref="fl-4b"/>
      </object_component>
      <object_component id="oc-105">
         <name>.debug_info</name>
         <load_address>0x19416</load_address>
         <run_address>0x19416</run_address>
         <size>0x8e</size>
         <input_file_ref idref="fl-4c"/>
      </object_component>
      <object_component id="oc-10a">
         <name>.debug_info</name>
         <load_address>0x194a4</load_address>
         <run_address>0x194a4</run_address>
         <size>0xcd</size>
         <input_file_ref idref="fl-4d"/>
      </object_component>
      <object_component id="oc-10f">
         <name>.debug_info</name>
         <load_address>0x19571</load_address>
         <run_address>0x19571</run_address>
         <size>0xcd</size>
         <input_file_ref idref="fl-4e"/>
      </object_component>
      <object_component id="oc-114">
         <name>.debug_info</name>
         <load_address>0x1963e</load_address>
         <run_address>0x1963e</run_address>
         <size>0x3d9</size>
         <input_file_ref idref="fl-4f"/>
      </object_component>
      <object_component id="oc-11b">
         <name>.debug_info</name>
         <load_address>0x19a17</load_address>
         <run_address>0x19a17</run_address>
         <size>0x270</size>
         <input_file_ref idref="fl-50"/>
      </object_component>
      <object_component id="oc-120">
         <name>.debug_info</name>
         <load_address>0x19c87</load_address>
         <run_address>0x19c87</run_address>
         <size>0x288</size>
         <input_file_ref idref="fl-51"/>
      </object_component>
      <object_component id="oc-125">
         <name>.debug_info</name>
         <load_address>0x19f0f</load_address>
         <run_address>0x19f0f</run_address>
         <size>0x37e</size>
         <input_file_ref idref="fl-52"/>
      </object_component>
      <object_component id="oc-12b">
         <name>.debug_info</name>
         <load_address>0x1a28d</load_address>
         <run_address>0x1a28d</run_address>
         <size>0x249</size>
         <input_file_ref idref="fl-53"/>
      </object_component>
      <object_component id="oc-130">
         <name>.debug_info</name>
         <load_address>0x1a4d6</load_address>
         <run_address>0x1a4d6</run_address>
         <size>0x22d</size>
         <input_file_ref idref="fl-54"/>
      </object_component>
      <object_component id="oc-135">
         <name>.debug_info</name>
         <load_address>0x1a703</load_address>
         <run_address>0x1a703</run_address>
         <size>0x29b</size>
         <input_file_ref idref="fl-55"/>
      </object_component>
      <object_component id="oc-13a">
         <name>.debug_info</name>
         <load_address>0x1a99e</load_address>
         <run_address>0x1a99e</run_address>
         <size>0x2ba</size>
         <input_file_ref idref="fl-56"/>
      </object_component>
      <object_component id="oc-13f">
         <name>.debug_info</name>
         <load_address>0x1ac58</load_address>
         <run_address>0x1ac58</run_address>
         <size>0x2d5</size>
         <input_file_ref idref="fl-57"/>
      </object_component>
      <object_component id="oc-144">
         <name>.debug_info</name>
         <load_address>0x1af2d</load_address>
         <run_address>0x1af2d</run_address>
         <size>0x2a0</size>
         <input_file_ref idref="fl-58"/>
      </object_component>
      <object_component id="oc-201">
         <name>.debug_info</name>
         <load_address>0x1b1cd</load_address>
         <run_address>0x1b1cd</run_address>
         <size>0xee</size>
      </object_component>
      <object_component id="oc-8c">
         <name>.debug_frame</name>
         <load_address>0x0</load_address>
         <run_address>0x0</run_address>
         <size>0x143</size>
         <input_file_ref idref="fl-2"/>
      </object_component>
      <object_component id="oc-93">
         <name>.debug_frame</name>
         <load_address>0x143</load_address>
         <run_address>0x143</run_address>
         <size>0x86</size>
         <input_file_ref idref="fl-3"/>
      </object_component>
      <object_component id="oc-99">
         <name>.debug_frame</name>
         <load_address>0x1c9</load_address>
         <run_address>0x1c9</run_address>
         <size>0x100</size>
         <input_file_ref idref="fl-4"/>
      </object_component>
      <object_component id="oc-a1">
         <name>.debug_frame</name>
         <load_address>0x2c9</load_address>
         <run_address>0x2c9</run_address>
         <size>0x8e</size>
         <input_file_ref idref="fl-6"/>
      </object_component>
      <object_component id="oc-a7">
         <name>.debug_frame</name>
         <load_address>0x357</load_address>
         <run_address>0x357</run_address>
         <size>0xb0</size>
         <input_file_ref idref="fl-7"/>
      </object_component>
      <object_component id="oc-ad">
         <name>.debug_frame</name>
         <load_address>0x407</load_address>
         <run_address>0x407</run_address>
         <size>0x4d</size>
         <input_file_ref idref="fl-8"/>
      </object_component>
      <object_component id="oc-b3">
         <name>.debug_frame</name>
         <load_address>0x454</load_address>
         <run_address>0x454</run_address>
         <size>0x17b</size>
         <input_file_ref idref="fl-9"/>
      </object_component>
      <object_component id="oc-b9">
         <name>.debug_frame</name>
         <load_address>0x5cf</load_address>
         <run_address>0x5cf</run_address>
         <size>0x32</size>
         <input_file_ref idref="fl-a"/>
      </object_component>
      <object_component id="oc-be">
         <name>.debug_frame</name>
         <load_address>0x601</load_address>
         <run_address>0x601</run_address>
         <size>0x5c</size>
         <input_file_ref idref="fl-b"/>
      </object_component>
      <object_component id="oc-c6">
         <name>.debug_frame</name>
         <load_address>0x65d</load_address>
         <run_address>0x65d</run_address>
         <size>0x274</size>
         <input_file_ref idref="fl-c"/>
      </object_component>
      <object_component id="oc-cc">
         <name>.debug_frame</name>
         <load_address>0x8d1</load_address>
         <run_address>0x8d1</run_address>
         <size>0x11a</size>
         <input_file_ref idref="fl-d"/>
      </object_component>
      <object_component id="oc-d1">
         <name>.debug_frame</name>
         <load_address>0x9eb</load_address>
         <run_address>0x9eb</run_address>
         <size>0x86</size>
         <input_file_ref idref="fl-e"/>
      </object_component>
      <object_component id="oc-da">
         <name>.debug_frame</name>
         <load_address>0xa71</load_address>
         <run_address>0xa71</run_address>
         <size>0x15f</size>
         <input_file_ref idref="fl-f"/>
      </object_component>
      <object_component id="oc-ed">
         <name>.debug_frame</name>
         <load_address>0xbd0</load_address>
         <run_address>0xbd0</run_address>
         <size>0x32</size>
         <input_file_ref idref="fl-40"/>
      </object_component>
      <object_component id="oc-f2">
         <name>.debug_frame</name>
         <load_address>0xc02</load_address>
         <run_address>0xc02</run_address>
         <size>0x32</size>
         <input_file_ref idref="fl-41"/>
      </object_component>
      <object_component id="oc-fc">
         <name>.debug_frame</name>
         <load_address>0xc34</load_address>
         <run_address>0xc34</run_address>
         <size>0x32</size>
         <input_file_ref idref="fl-4a"/>
      </object_component>
      <object_component id="oc-117">
         <name>.debug_frame</name>
         <load_address>0xc66</load_address>
         <run_address>0xc66</run_address>
         <size>0x42</size>
         <input_file_ref idref="fl-4f"/>
      </object_component>
      <object_component id="oc-11c">
         <name>.debug_frame</name>
         <load_address>0xca8</load_address>
         <run_address>0xca8</run_address>
         <size>0x32</size>
         <input_file_ref idref="fl-50"/>
      </object_component>
      <object_component id="oc-121">
         <name>.debug_frame</name>
         <load_address>0xcda</load_address>
         <run_address>0xcda</run_address>
         <size>0x32</size>
         <input_file_ref idref="fl-51"/>
      </object_component>
      <object_component id="oc-126">
         <name>.debug_frame</name>
         <load_address>0xd0c</load_address>
         <run_address>0xd0c</run_address>
         <size>0x56</size>
         <input_file_ref idref="fl-52"/>
      </object_component>
      <object_component id="oc-12c">
         <name>.debug_frame</name>
         <load_address>0xd62</load_address>
         <run_address>0xd62</run_address>
         <size>0x47</size>
         <input_file_ref idref="fl-53"/>
      </object_component>
      <object_component id="oc-131">
         <name>.debug_frame</name>
         <load_address>0xda9</load_address>
         <run_address>0xda9</run_address>
         <size>0x47</size>
         <input_file_ref idref="fl-54"/>
      </object_component>
      <object_component id="oc-136">
         <name>.debug_frame</name>
         <load_address>0xdf0</load_address>
         <run_address>0xdf0</run_address>
         <size>0x47</size>
         <input_file_ref idref="fl-55"/>
      </object_component>
      <object_component id="oc-13b">
         <name>.debug_frame</name>
         <load_address>0xe37</load_address>
         <run_address>0xe37</run_address>
         <size>0x47</size>
         <input_file_ref idref="fl-56"/>
      </object_component>
      <object_component id="oc-140">
         <name>.debug_frame</name>
         <load_address>0xe7e</load_address>
         <run_address>0xe7e</run_address>
         <size>0x47</size>
         <input_file_ref idref="fl-57"/>
      </object_component>
      <object_component id="oc-145">
         <name>.debug_frame</name>
         <load_address>0xec5</load_address>
         <run_address>0xec5</run_address>
         <size>0x47</size>
         <input_file_ref idref="fl-58"/>
      </object_component>
      <object_component id="oc-8d">
         <name>.debug_line</name>
         <load_address>0x0</load_address>
         <run_address>0x0</run_address>
         <size>0x1a5</size>
         <input_file_ref idref="fl-2"/>
      </object_component>
      <object_component id="oc-94">
         <name>.debug_line</name>
         <load_address>0x1a5</load_address>
         <run_address>0x1a5</run_address>
         <size>0xe7</size>
         <input_file_ref idref="fl-3"/>
      </object_component>
      <object_component id="oc-9a">
         <name>.debug_line</name>
         <load_address>0x28c</load_address>
         <run_address>0x28c</run_address>
         <size>0x275</size>
         <input_file_ref idref="fl-4"/>
      </object_component>
      <object_component id="oc-a2">
         <name>.debug_line</name>
         <load_address>0x501</load_address>
         <run_address>0x501</run_address>
         <size>0x108</size>
         <input_file_ref idref="fl-6"/>
      </object_component>
      <object_component id="oc-a8">
         <name>.debug_line</name>
         <load_address>0x609</load_address>
         <run_address>0x609</run_address>
         <size>0x10e</size>
         <input_file_ref idref="fl-7"/>
      </object_component>
      <object_component id="oc-ae">
         <name>.debug_line</name>
         <load_address>0x717</load_address>
         <run_address>0x717</run_address>
         <size>0x95</size>
         <input_file_ref idref="fl-8"/>
      </object_component>
      <object_component id="oc-b4">
         <name>.debug_line</name>
         <load_address>0x7ac</load_address>
         <run_address>0x7ac</run_address>
         <size>0x346</size>
         <input_file_ref idref="fl-9"/>
      </object_component>
      <object_component id="oc-ba">
         <name>.debug_line</name>
         <load_address>0xaf2</load_address>
         <run_address>0xaf2</run_address>
         <size>0x66</size>
         <input_file_ref idref="fl-a"/>
      </object_component>
      <object_component id="oc-bf">
         <name>.debug_line</name>
         <load_address>0xb58</load_address>
         <run_address>0xb58</run_address>
         <size>0xa2</size>
         <input_file_ref idref="fl-b"/>
      </object_component>
      <object_component id="oc-c7">
         <name>.debug_line</name>
         <load_address>0xbfa</load_address>
         <run_address>0xbfa</run_address>
         <size>0x9c2</size>
         <input_file_ref idref="fl-c"/>
      </object_component>
      <object_component id="oc-cd">
         <name>.debug_line</name>
         <load_address>0x15bc</load_address>
         <run_address>0x15bc</run_address>
         <size>0x22c</size>
         <input_file_ref idref="fl-d"/>
      </object_component>
      <object_component id="oc-d2">
         <name>.debug_line</name>
         <load_address>0x17e8</load_address>
         <run_address>0x17e8</run_address>
         <size>0x116</size>
         <input_file_ref idref="fl-e"/>
      </object_component>
      <object_component id="oc-db">
         <name>.debug_line</name>
         <load_address>0x18fe</load_address>
         <run_address>0x18fe</run_address>
         <size>0x302</size>
         <input_file_ref idref="fl-f"/>
      </object_component>
      <object_component id="oc-e0">
         <name>.debug_line</name>
         <load_address>0x1c00</load_address>
         <run_address>0x1c00</run_address>
         <size>0x3b</size>
         <input_file_ref idref="fl-3d"/>
      </object_component>
      <object_component id="oc-e5">
         <name>.debug_line</name>
         <load_address>0x1c3b</load_address>
         <run_address>0x1c3b</run_address>
         <size>0x3b</size>
         <input_file_ref idref="fl-3e"/>
      </object_component>
      <object_component id="oc-e9">
         <name>.debug_line</name>
         <load_address>0x1c76</load_address>
         <run_address>0x1c76</run_address>
         <size>0x2a</size>
         <input_file_ref idref="fl-3f"/>
      </object_component>
      <object_component id="oc-ee">
         <name>.debug_line</name>
         <load_address>0x1ca0</load_address>
         <run_address>0x1ca0</run_address>
         <size>0x37</size>
         <input_file_ref idref="fl-40"/>
      </object_component>
      <object_component id="oc-f3">
         <name>.debug_line</name>
         <load_address>0x1cd7</load_address>
         <run_address>0x1cd7</run_address>
         <size>0x36</size>
         <input_file_ref idref="fl-41"/>
      </object_component>
      <object_component id="oc-f8">
         <name>.debug_line</name>
         <load_address>0x1d0d</load_address>
         <run_address>0x1d0d</run_address>
         <size>0x3c</size>
         <input_file_ref idref="fl-43"/>
      </object_component>
      <object_component id="oc-fd">
         <name>.debug_line</name>
         <load_address>0x1d49</load_address>
         <run_address>0x1d49</run_address>
         <size>0x31</size>
         <input_file_ref idref="fl-4a"/>
      </object_component>
      <object_component id="oc-102">
         <name>.debug_line</name>
         <load_address>0x1d7a</load_address>
         <run_address>0x1d7a</run_address>
         <size>0x64</size>
         <input_file_ref idref="fl-4b"/>
      </object_component>
      <object_component id="oc-106">
         <name>.debug_line</name>
         <load_address>0x1dde</load_address>
         <run_address>0x1dde</run_address>
         <size>0x2d</size>
         <input_file_ref idref="fl-4c"/>
      </object_component>
      <object_component id="oc-10b">
         <name>.debug_line</name>
         <load_address>0x1e0b</load_address>
         <run_address>0x1e0b</run_address>
         <size>0x45</size>
         <input_file_ref idref="fl-4d"/>
      </object_component>
      <object_component id="oc-110">
         <name>.debug_line</name>
         <load_address>0x1e50</load_address>
         <run_address>0x1e50</run_address>
         <size>0x48</size>
         <input_file_ref idref="fl-4e"/>
      </object_component>
      <object_component id="oc-118">
         <name>.debug_line</name>
         <load_address>0x1e98</load_address>
         <run_address>0x1e98</run_address>
         <size>0x45</size>
         <input_file_ref idref="fl-4f"/>
      </object_component>
      <object_component id="oc-11d">
         <name>.debug_line</name>
         <load_address>0x1edd</load_address>
         <run_address>0x1edd</run_address>
         <size>0x2b</size>
         <input_file_ref idref="fl-50"/>
      </object_component>
      <object_component id="oc-122">
         <name>.debug_line</name>
         <load_address>0x1f08</load_address>
         <run_address>0x1f08</run_address>
         <size>0x2c</size>
         <input_file_ref idref="fl-51"/>
      </object_component>
      <object_component id="oc-127">
         <name>.debug_line</name>
         <load_address>0x1f34</load_address>
         <run_address>0x1f34</run_address>
         <size>0x69</size>
         <input_file_ref idref="fl-52"/>
      </object_component>
      <object_component id="oc-12d">
         <name>.debug_line</name>
         <load_address>0x1f9d</load_address>
         <run_address>0x1f9d</run_address>
         <size>0x38</size>
         <input_file_ref idref="fl-53"/>
      </object_component>
      <object_component id="oc-132">
         <name>.debug_line</name>
         <load_address>0x1fd5</load_address>
         <run_address>0x1fd5</run_address>
         <size>0x3e</size>
         <input_file_ref idref="fl-54"/>
      </object_component>
      <object_component id="oc-137">
         <name>.debug_line</name>
         <load_address>0x2013</load_address>
         <run_address>0x2013</run_address>
         <size>0x3d</size>
         <input_file_ref idref="fl-55"/>
      </object_component>
      <object_component id="oc-13c">
         <name>.debug_line</name>
         <load_address>0x2050</load_address>
         <run_address>0x2050</run_address>
         <size>0x45</size>
         <input_file_ref idref="fl-56"/>
      </object_component>
      <object_component id="oc-141">
         <name>.debug_line</name>
         <load_address>0x2095</load_address>
         <run_address>0x2095</run_address>
         <size>0x60</size>
         <input_file_ref idref="fl-57"/>
      </object_component>
      <object_component id="oc-146">
         <name>.debug_line</name>
         <load_address>0x20f5</load_address>
         <run_address>0x20f5</run_address>
         <size>0x5e</size>
         <input_file_ref idref="fl-58"/>
      </object_component>
      <object_component id="oc-8e">
         <name>.debug_abbrev</name>
         <load_address>0x0</load_address>
         <run_address>0x0</run_address>
         <size>0x176</size>
         <input_file_ref idref="fl-2"/>
      </object_component>
      <object_component id="oc-95">
         <name>.debug_abbrev</name>
         <load_address>0x176</load_address>
         <run_address>0x176</run_address>
         <size>0x149</size>
         <input_file_ref idref="fl-3"/>
      </object_component>
      <object_component id="oc-9b">
         <name>.debug_abbrev</name>
         <load_address>0x2bf</load_address>
         <run_address>0x2bf</run_address>
         <size>0x148</size>
         <input_file_ref idref="fl-4"/>
      </object_component>
      <object_component id="oc-9e">
         <name>.debug_abbrev</name>
         <load_address>0x407</load_address>
         <run_address>0x407</run_address>
         <size>0x21</size>
         <input_file_ref idref="fl-5"/>
      </object_component>
      <object_component id="oc-a3">
         <name>.debug_abbrev</name>
         <load_address>0x428</load_address>
         <run_address>0x428</run_address>
         <size>0x1f6</size>
         <input_file_ref idref="fl-6"/>
      </object_component>
      <object_component id="oc-a9">
         <name>.debug_abbrev</name>
         <load_address>0x61e</load_address>
         <run_address>0x61e</run_address>
         <size>0x133</size>
         <input_file_ref idref="fl-7"/>
      </object_component>
      <object_component id="oc-af">
         <name>.debug_abbrev</name>
         <load_address>0x751</load_address>
         <run_address>0x751</run_address>
         <size>0xf5</size>
         <input_file_ref idref="fl-8"/>
      </object_component>
      <object_component id="oc-b5">
         <name>.debug_abbrev</name>
         <load_address>0x846</load_address>
         <run_address>0x846</run_address>
         <size>0x1de</size>
         <input_file_ref idref="fl-9"/>
      </object_component>
      <object_component id="oc-bb">
         <name>.debug_abbrev</name>
         <load_address>0xa24</load_address>
         <run_address>0xa24</run_address>
         <size>0x198</size>
         <input_file_ref idref="fl-a"/>
      </object_component>
      <object_component id="oc-c0">
         <name>.debug_abbrev</name>
         <load_address>0xbbc</load_address>
         <run_address>0xbbc</run_address>
         <size>0x108</size>
         <input_file_ref idref="fl-b"/>
      </object_component>
      <object_component id="oc-c8">
         <name>.debug_abbrev</name>
         <load_address>0xcc4</load_address>
         <run_address>0xcc4</run_address>
         <size>0x1e3</size>
         <input_file_ref idref="fl-c"/>
      </object_component>
      <object_component id="oc-ce">
         <name>.debug_abbrev</name>
         <load_address>0xea7</load_address>
         <run_address>0xea7</run_address>
         <size>0x223</size>
         <input_file_ref idref="fl-d"/>
      </object_component>
      <object_component id="oc-d3">
         <name>.debug_abbrev</name>
         <load_address>0x10ca</load_address>
         <run_address>0x10ca</run_address>
         <size>0xdf</size>
         <input_file_ref idref="fl-e"/>
      </object_component>
      <object_component id="oc-dc">
         <name>.debug_abbrev</name>
         <load_address>0x11a9</load_address>
         <run_address>0x11a9</run_address>
         <size>0x233</size>
         <input_file_ref idref="fl-f"/>
      </object_component>
      <object_component id="oc-e1">
         <name>.debug_abbrev</name>
         <load_address>0x13dc</load_address>
         <run_address>0x13dc</run_address>
         <size>0x37</size>
         <input_file_ref idref="fl-3d"/>
      </object_component>
      <object_component id="oc-e6">
         <name>.debug_abbrev</name>
         <load_address>0x1413</load_address>
         <run_address>0x1413</run_address>
         <size>0x37</size>
         <input_file_ref idref="fl-3e"/>
      </object_component>
      <object_component id="oc-ea">
         <name>.debug_abbrev</name>
         <load_address>0x144a</load_address>
         <run_address>0x144a</run_address>
         <size>0x37</size>
         <input_file_ref idref="fl-3f"/>
      </object_component>
      <object_component id="oc-ef">
         <name>.debug_abbrev</name>
         <load_address>0x1481</load_address>
         <run_address>0x1481</run_address>
         <size>0xcb</size>
         <input_file_ref idref="fl-40"/>
      </object_component>
      <object_component id="oc-f4">
         <name>.debug_abbrev</name>
         <load_address>0x154c</load_address>
         <run_address>0x154c</run_address>
         <size>0x101</size>
         <input_file_ref idref="fl-41"/>
      </object_component>
      <object_component id="oc-f9">
         <name>.debug_abbrev</name>
         <load_address>0x164d</load_address>
         <run_address>0x164d</run_address>
         <size>0x23</size>
         <input_file_ref idref="fl-43"/>
      </object_component>
      <object_component id="oc-fe">
         <name>.debug_abbrev</name>
         <load_address>0x1670</load_address>
         <run_address>0x1670</run_address>
         <size>0xbd</size>
         <input_file_ref idref="fl-4a"/>
      </object_component>
      <object_component id="oc-103">
         <name>.debug_abbrev</name>
         <load_address>0x172d</load_address>
         <run_address>0x172d</run_address>
         <size>0x37</size>
         <input_file_ref idref="fl-4b"/>
      </object_component>
      <object_component id="oc-107">
         <name>.debug_abbrev</name>
         <load_address>0x1764</load_address>
         <run_address>0x1764</run_address>
         <size>0x31</size>
         <input_file_ref idref="fl-4c"/>
      </object_component>
      <object_component id="oc-10c">
         <name>.debug_abbrev</name>
         <load_address>0x1795</load_address>
         <run_address>0x1795</run_address>
         <size>0x37</size>
         <input_file_ref idref="fl-4d"/>
      </object_component>
      <object_component id="oc-111">
         <name>.debug_abbrev</name>
         <load_address>0x17cc</load_address>
         <run_address>0x17cc</run_address>
         <size>0x37</size>
         <input_file_ref idref="fl-4e"/>
      </object_component>
      <object_component id="oc-119">
         <name>.debug_abbrev</name>
         <load_address>0x1803</load_address>
         <run_address>0x1803</run_address>
         <size>0x118</size>
         <input_file_ref idref="fl-4f"/>
      </object_component>
      <object_component id="oc-11e">
         <name>.debug_abbrev</name>
         <load_address>0x191b</load_address>
         <run_address>0x191b</run_address>
         <size>0xa6</size>
         <input_file_ref idref="fl-50"/>
      </object_component>
      <object_component id="oc-123">
         <name>.debug_abbrev</name>
         <load_address>0x19c1</load_address>
         <run_address>0x19c1</run_address>
         <size>0xec</size>
         <input_file_ref idref="fl-51"/>
      </object_component>
      <object_component id="oc-128">
         <name>.debug_abbrev</name>
         <load_address>0x1aad</load_address>
         <run_address>0x1aad</run_address>
         <size>0x11d</size>
         <input_file_ref idref="fl-52"/>
      </object_component>
      <object_component id="oc-12e">
         <name>.debug_abbrev</name>
         <load_address>0x1bca</load_address>
         <run_address>0x1bca</run_address>
         <size>0xa9</size>
         <input_file_ref idref="fl-53"/>
      </object_component>
      <object_component id="oc-133">
         <name>.debug_abbrev</name>
         <load_address>0x1c73</load_address>
         <run_address>0x1c73</run_address>
         <size>0x68</size>
         <input_file_ref idref="fl-54"/>
      </object_component>
      <object_component id="oc-138">
         <name>.debug_abbrev</name>
         <load_address>0x1cdb</load_address>
         <run_address>0x1cdb</run_address>
         <size>0xfe</size>
         <input_file_ref idref="fl-55"/>
      </object_component>
      <object_component id="oc-13d">
         <name>.debug_abbrev</name>
         <load_address>0x1dd9</load_address>
         <run_address>0x1dd9</run_address>
         <size>0x9f</size>
[...]
         <name>_SlSetSockOptCmdCtrl</name>
         <value>0x497e</value>
         <object_component_ref idref="oc-a0"/>
      </symbol>
      <symbol id="sm-4e7">
         <name>_SlAcceptCmdCtrl</name>
         <value>0x4976</value>
         <object_component_ref idref="oc-a0"/>
      </symbol>
      <symbol id="sm-4e8">
         <name>_SlListenCmdCtrl</name>
         <value>0x4972</value>
         <object_component_ref idref="oc-a0"/>
      </symbol>
      <symbol id="sm-4e9">
         <name>_SlRecvCmdCtrl</name>
         <value>0x497a</value>
         <object_component_ref idref="oc-a0"/>
      </symbol>
      <symbol id="sm-4ea">
         <name>_SlGetSockOptCmdCtrl</name>
         <value>0x4982</value>
         <object_component_ref idref="oc-a0"/>
      </symbol>
      <symbol id="sm-4eb">
         <name>_sl_HandleAsync_Accept</name>
         <value>0x6f26</value>
         <object_component_ref idref="oc-1a3"/>
      </symbol>
      <symbol id="sm-50c">
         <name>_SlNonOsSemSet</name>
         <value>0x7bae</value>
         <object_component_ref idref="oc-16e"/>
      </symbol>
      <symbol id="sm-50d">
         <name>_SlNonOsSpawn</name>
         <value>0x76a6</value>
         <object_component_ref idref="oc-184"/>
      </symbol>
      <symbol id="sm-50e">
         <name>_SlNonOsSemGet</name>
         <value>0x7862</value>
         <object_component_ref idref="oc-16d"/>
      </symbol>
      <symbol id="sm-50f">
         <name>_SlNonOsMainLoopTask</name>
         <value>0x7556</value>
         <object_component_ref idref="oc-15d"/>
      </symbol>
      <symbol id="sm-510">
         <name>g__SlNonOsCB</name>
         <value>0x1d32</value>
         <object_component_ref idref="oc-a5"/>
      </symbol>
      <symbol id="sm-520">
         <name>_SlNetCfgSetCmdCtrl</name>
         <value>0x4a0a</value>
         <object_component_ref idref="oc-ac"/>
      </symbol>
      <symbol id="sm-521">
         <name>_SlNetCfgGetCmdCtrl</name>
         <value>0x4a0e</value>
         <object_component_ref idref="oc-ac"/>
      </symbol>
      <symbol id="sm-522">
         <name>sl_NetCfgSet</name>
         <value>0x74b2</value>
         <object_component_ref idref="oc-164"/>
      </symbol>
      <symbol id="sm-577">
         <name>sl_NetAppMDNSUnRegisterService</name>
         <value>0x79c0</value>
         <object_component_ref idref="oc-166"/>
      </symbol>
      <symbol id="sm-578">
         <name>_SlNetAppSendTokenValueCmdCtrl</name>
         <value>0x49b2</value>
         <object_component_ref idref="oc-b2"/>
      </symbol>
      <symbol id="sm-579">
         <name>_SlGetServiceListeCtrl</name>
         <value>0x499e</value>
         <object_component_ref idref="oc-b2"/>
      </symbol>
      <symbol id="sm-57a">
         <name>_SlNetAppStopCtrl</name>
         <value>0x499a</value>
         <object_component_ref idref="oc-b2"/>
      </symbol>
      <symbol id="sm-57b">
         <name>_SlNetAppSetCmdCtrl</name>
         <value>0x49ae</value>
         <object_component_ref idref="oc-b2"/>
      </symbol>
      <symbol id="sm-57c">
         <name>_SlNetAppGetCmdCtrl</name>
         <value>0x49b6</value>
         <object_component_ref idref="oc-b2"/>
      </symbol>
      <symbol id="sm-57d">
         <name>sl_NetAppDnsGetHostByName</name>
         <value>0x60cc</value>
         <object_component_ref idref="oc-178"/>
      </symbol>
      <symbol id="sm-57e">
         <name>_sl_HandleAsync_DnsGetHostByName</name>
         <value>0x6cc6</value>
         <object_component_ref idref="oc-19d"/>
      </symbol>
      <symbol id="sm-57f">
         <name>_SlRegisterServiceCtrl</name>
         <value>0x49a2</value>
         <object_component_ref idref="oc-b2"/>
      </symbol>
      <symbol id="sm-580">
         <name>_sl_HandleAsync_PingResponse</name>
         <value>0x6b7a</value>
         <object_component_ref idref="oc-194"/>
      </symbol>
      <symbol id="sm-581">
         <name>_SlNetAppStartCtrl</name>
         <value>0x4996</value>
         <object_component_ref idref="oc-b2"/>
      </symbol>
      <symbol id="sm-582">
         <name>sl_NetAppPingStart</name>
         <value>0x5dfa</value>
         <object_component_ref idref="oc-177"/>
      </symbol>
      <symbol id="sm-583">
         <name>_SlDrvNetAppEventHandler</name>
         <value>0x63ba</value>
         <object_component_ref idref="oc-196"/>
      </symbol>
      <symbol id="sm-584">
         <name>_sl_HandleAsync_DnsGetHostByService</name>
         <value>0x6e02</value>
         <object_component_ref idref="oc-19c"/>
      </symbol>
      <symbol id="sm-585">
         <name>sl_NetAppSendTokenValue</name>
         <value>0x7400</value>
         <object_component_ref idref="oc-19f"/>
      </symbol>
      <symbol id="sm-586">
         <name>CopyPingResultsToReport</name>
         <value>0x771c</value>
         <object_component_ref idref="oc-186"/>
      </symbol>
      <symbol id="sm-587">
         <name>_SlGetHostByNameCtrl</name>
         <value>0x49aa</value>
         <object_component_ref idref="oc-b2"/>
      </symbol>
      <symbol id="sm-588">
         <name>_SlGetHostByServiceCtrl</name>
         <value>0x49a6</value>
         <object_component_ref idref="oc-b2"/>
      </symbol>
      <symbol id="sm-589">
         <name>sl_NetAppMDNSRegisterUnregisterService</name>
         <value>0x695a</value>
         <object_component_ref idref="oc-17d"/>
      </symbol>
      <symbol id="sm-596">
         <name>_SlFsCloseCmdCtrl</name>
         <value>0x49c2</value>
         <object_component_ref idref="oc-b8"/>
      </symbol>
      <symbol id="sm-597">
         <name>_SlFsGetInfoCmdCtrl</name>
         <value>0x49ce</value>
         <object_component_ref idref="oc-b8"/>
      </symbol>
      <symbol id="sm-598">
         <name>_SlFsReadCmdCtrl</name>
         <value>0x49c6</value>
         <object_component_ref idref="oc-b8"/>
      </symbol>
      <symbol id="sm-599">
         <name>_SlFsDeleteCmdCtrl</name>
         <value>0x49d2</value>
         <object_component_ref idref="oc-b8"/>
      </symbol>
      <symbol id="sm-59a">
         <name>_SlFsOpenCmdCtrl</name>
         <value>0x49be</value>
         <object_component_ref idref="oc-b8"/>
      </symbol>
      <symbol id="sm-59b">
         <name>_SlFsWriteCmdCtrl</name>
         <value>0x49ca</value>
         <object_component_ref idref="oc-b8"/>
      </symbol>
      <symbol id="sm-5af">
         <name>_SlDrvFlowContDeinit</name>
         <value>0x7896</value>
         <object_component_ref idref="oc-18a"/>
      </symbol>
      <symbol id="sm-5b0">
         <name>_SlDrvFlowContInit</name>
         <value>0x77c2</value>
         <object_component_ref idref="oc-17f"/>
      </symbol>
      <symbol id="sm-6b7">
         <name>_SlDrvBasicCmd</name>
         <value>0x782e</value>
         <object_component_ref idref="oc-17c"/>
      </symbol>
      <symbol id="sm-6b8">
         <name>_SlDrvRxHdrRead</name>
         <value>0x5ad0</value>
         <object_component_ref idref="oc-18f"/>
      </symbol>
      <symbol id="sm-6b9">
         <name>_SlDrvMsgReadSpawnCtx</name>
         <value>0x6a1a</value>
         <object_component_ref idref="oc-183"/>
      </symbol>
      <symbol id="sm-6ba">
         <name>_SlRemoveFromList</name>
         <value>0x727e</value>
         <object_component_ref idref="oc-185"/>
      </symbol>
      <symbol id="sm-6bb">
         <name>_SlAsyncEventGenericHandler</name>
         <value>0x4c00</value>
         <object_component_ref idref="oc-18d"/>
      </symbol>
      <symbol id="sm-6bc">
         <name>_SlDrvDriverCBDeinit</name>
         <value>0x70ae</value>
         <object_component_ref idref="oc-17b"/>
      </symbol>
      <symbol id="sm-6bd">
         <name>_SlDrvShiftDWord</name>
         <value>0x799c</value>
         <object_component_ref idref="oc-195"/>
      </symbol>
      <symbol id="sm-6be">
         <name>_SlDrvReleasePoolObj</name>
         <value>0x5c76</value>
         <object_component_ref idref="oc-173"/>
      </symbol>
      <symbol id="sm-6bf">
         <name>pPingCallBackFunc</name>
         <value>0x1d2e</value>
         <object_component_ref idref="oc-c2"/>
      </symbol>
      <symbol id="sm-6c0">
         <name>_SlDrvDriverCBInit</name>
         <value>0x664c</value>
         <object_component_ref idref="oc-16a"/>
      </symbol>
      <symbol id="sm-6c1">
         <name>g_pCB</name>
         <value>0x1d2c</value>
         <object_component_ref idref="oc-c2"/>
      </symbol>
      <symbol id="sm-6c2">
         <name>_SlDrvClassifyRxMsg</name>
         <value>0x6712</value>
         <object_component_ref idref="oc-190"/>
      </symbol>
      <symbol id="sm-6c3">
         <name>_SlDrvCmdOp</name>
         <value>0x7210</value>
         <object_component_ref idref="oc-179"/>
      </symbol>
      <symbol id="sm-6c4">
         <name>_SlDrvMsgReadCmdCtx</name>
         <value>0x67d6</value>
         <object_component_ref idref="oc-188"/>
      </symbol>
      <symbol id="sm-6c5">
         <name>_SlDrvObjDeInit</name>
         <value>0x7aaa</value>
         <object_component_ref idref="oc-18b"/>
      </symbol>
      <symbol id="sm-6c6">
         <name>g_StatMem</name>
         <value>0x1c00</value>
         <object_component_ref idref="oc-c2"/>
      </symbol>
      <symbol id="sm-6c7">
         <name>_SlFindAndSetActiveObj</name>
         <value>0x649c</value>
         <object_component_ref idref="oc-192"/>
      </symbol>
      <symbol id="sm-6c8">
         <name>_SlDrvWaitForPoolObj</name>
         <value>0x5924</value>
         <object_component_ref idref="oc-16c"/>
      </symbol>
      <symbol id="sm-6c9">
         <name>g_H2NCnysPattern</name>
         <value>0x49fe</value>
         <object_component_ref idref="oc-c5"/>
      </symbol>
      <symbol id="sm-6ca">
         <name>_SlDrvMsgWrite</name>
         <value>0x5f74</value>
         <object_component_ref idref="oc-187"/>
      </symbol>
      <symbol id="sm-6cb">
         <name>_SlDrvRxIrqHandler</name>
         <value>0x766a</value>
         <object_component_ref idref="oc-170"/>
      </symbol>
      <symbol id="sm-6cc">
         <name>_SlDrvMsgRead</name>
         <value>0x50e2</value>
         <object_component_ref idref="oc-18c"/>
      </symbol>
      <symbol id="sm-6cd">
         <name>g_H2NSyncPattern</name>
         <value>0x49f6</value>
         <object_component_ref idref="oc-c5"/>
      </symbol>
      <symbol id="sm-6ce">
         <name>_SlDrvObjInit</name>
         <value>0x72ec</value>
         <object_component_ref idref="oc-17e"/>
      </symbol>
      <symbol id="sm-6cf">
         <name>_SlDrvCmdSend</name>
         <value>0x7976</value>
         <object_component_ref idref="oc-1a6"/>
      </symbol>
      <symbol id="sm-6d0">
         <name>_SlActionLookupTable</name>
         <value>0x492a</value>
         <object_component_ref idref="oc-19b"/>
      </symbol>
      <symbol id="sm-71f">
         <name>_SlStopCmdCtrl</name>
         <value>0x49e2</value>
         <object_component_ref idref="oc-cb"/>
      </symbol>
      <symbol id="sm-720">
         <name>_sl_HandleAsync_InitComplete</name>
         <value>0x6aca</value>
         <object_component_ref idref="oc-1a2"/>
      </symbol>
      <symbol id="sm-721">
         <name>_SlDeviceSetCmdCtrl</name>
         <value>0x49f2</value>
         <object_component_ref idref="oc-cb"/>
      </symbol>
      <symbol id="sm-722">
         <name>_SlDeviceGetCmdCtrl</name>
         <value>0x49ee</value>
         <object_component_ref idref="oc-cb"/>
      </symbol>
      <symbol id="sm-723">
         <name>_sl_GetStartResponseConvert</name>
         <value>0x7036</value>
         <object_component_ref idref="oc-174"/>
      </symbol>
      <symbol id="sm-724">
         <name>_SlDrvDeviceEventHandler</name>
         <value>0x75e6</value>
         <object_component_ref idref="oc-19a"/>
      </symbol>
      <symbol id="sm-725">
         <name>_sl_HandleAsync_Stop</name>
         <value>0x719a</value>
         <object_component_ref idref="oc-1a1"/>
      </symbol>
      <symbol id="sm-726">
         <name>sl_Stop</name>
         <value>0x62cc</value>
         <object_component_ref idref="oc-15f"/>
      </symbol>
      <symbol id="sm-727">
         <name>_SlEventMaskSetCmdCtrl</name>
         <value>0x49e6</value>
         <object_component_ref idref="oc-cb"/>
      </symbol>
      <symbol id="sm-728">
         <name>_SlEventMaskGetCmdCtrl</name>
         <value>0x49ea</value>
         <object_component_ref idref="oc-cb"/>
      </symbol>
      <symbol id="sm-729">
         <name>sl_Start</name>
         <value>0x61d4</value>
         <object_component_ref idref="oc-159"/>
      </symbol>
      <symbol id="sm-72a">
         <name>sl_DevGet</name>
         <value>0x6e94</value>
         <object_component_ref idref="oc-160"/>
      </symbol>
      <symbol id="sm-742">
         <name>spi_Read</name>
         <value>0x77f8</value>
         <object_component_ref idref="oc-191"/>
      </symbol>
      <symbol id="sm-743">
         <name>spi_Close</name>
         <value>0x7bbe</value>
         <object_component_ref idref="oc-17a"/>
      </symbol>
      <symbol id="sm-744">
         <name>spi_Write</name>
         <value>0x78f6</value>
         <object_component_ref idref="oc-18e"/>
      </symbol>
      <symbol id="sm-745">
         <name>spi_Open</name>
         <value>0x6fae</value>
         <object_component_ref idref="oc-16b"/>
      </symbol>
      <symbol id="sm-7c0">
         <name>g_Status</name>
         <value>0x1d50</value>
         <object_component_ref idref="oc-d5"/>
      </symbol>
      <symbol id="sm-7c1">
         <name>main</name>
         <value>0x689a</value>
         <object_component_ref idref="oc-14f"/>
      </symbol>
      <symbol id="sm-7c2">
         <name>SimpleLinkNetAppEventHandler</name>
         <value>0x7922</value>
         <object_component_ref idref="oc-197"/>
      </symbol>
      <symbol id="sm-7c3">
         <name>SimpleLinkSockEventHandler</name>
         <value>0x7b86</value>
         <object_component_ref idref="oc-198"/>
      </symbol>
      <symbol id="sm-7c4">
         <name>g_GatewayIP</name>
         <value>0x1d58</value>
         <object_component_ref idref="oc-d5"/>
      </symbol>
      <symbol id="sm-7c5">
         <name>SimpleLinkHttpServerCallback</name>
         <value>0x7b7c</value>
         <object_component_ref idref="oc-19e"/>
      </symbol>
      <symbol id="sm-7c6">
         <name>g_PingPacketsRecv</name>
         <value>0x1d54</value>
         <object_component_ref idref="oc-d5"/>
      </symbol>
      <symbol id="sm-7c7">
         <name>SimpleLinkGeneralEventHandler</name>
         <value>0x7b72</value>
         <object_component_ref idref="oc-1a0"/>
      </symbol>
      <symbol id="sm-7c8">
         <name>SimpleLinkWlanEventHandler</name>
         <value>0x7508</value>
         <object_component_ref idref="oc-199"/>
      </symbol>
      <symbol id="sm-7d5">
         <name>I_LSL</name>
         <value>0x7b90</value>
         <object_component_ref idref="oc-de"/>
      </symbol>
      <symbol id="sm-7e2">
         <name>I_LSR</name>
         <value>0x7b9a</value>
         <object_component_ref idref="oc-e3"/>
      </symbol>
      <symbol id="sm-801">
         <name>__TI_int30</name>
         <value>0xffcc</value>
         <object_component_ref idref="oc-6f"/>
      </symbol>
      <symbol id="sm-80d">
         <name>__TI_ISR_TRAP</name>
         <value>0x7be6</value>
         <object_component_ref idref="oc-f6"/>
      </symbol>
      <symbol id="sm-811">
         <name>__TI_int32</name>
         <value>0xffd0</value>
         <object_component_ref idref="oc-71"/>
      </symbol>
      <symbol id="sm-815">
         <name>__TI_int33</name>
         <value>0xffd2</value>
         <object_component_ref idref="oc-72"/>
      </symbol>
      <symbol id="sm-819">
         <name>__TI_int34</name>
         <value>0xffd4</value>
         <object_component_ref idref="oc-73"/>
      </symbol>
      <symbol id="sm-81d">
         <name>__TI_int35</name>
         <value>0xffd6</value>
         <object_component_ref idref="oc-74"/>
      </symbol>
      <symbol id="sm-821">
         <name>__TI_int36</name>
         <value>0xffd8</value>
         <object_component_ref idref="oc-75"/>
      </symbol>
      <symbol id="sm-825">
         <name>__TI_int52</name>
         <value>0xfff8</value>
         <object_component_ref idref="oc-86"/>
      </symbol>
      <symbol id="sm-840">
         <name>__divul</name>
         <value>0x745a</value>
         <object_component_ref idref="oc-100"/>
      </symbol>
      <symbol id="sm-841">
         <name>__remul</name>
         <value>0x745a</value>
         <object_component_ref idref="oc-100"/>
      </symbol>
      <symbol id="sm-856">
         <name>__mpyi_f5hw</name>
         <value>0x7afc</value>
         <object_component_ref idref="oc-109"/>
      </symbol>
      <symbol id="sm-862">
         <name>__mpyl_f5hw</name>
         <value>0x7a28</value>
         <object_component_ref idref="oc-10e"/>
      </symbol>
      <symbol id="sm-875">
         <name>_c_int00_noexit</name>
         <value>0x794c</value>
         <object_component_ref idref="oc-83"/>
      </symbol>
      <symbol id="sm-876">
         <name>_c_int00</name>
         <value>0x794c</value>
         <object_component_ref idref="oc-83"/>
      </symbol>
      <symbol id="sm-877">
         <name>_stack</name>
         <value>0x22ac</value>
         <object_component_ref idref="oc-115"/>
      </symbol>
      <symbol id="sm-878">
         <name>__TI_dtors_ptr</name>
         <value>0x1d68</value>
         <object_component_ref idref="oc-113"/>
      </symbol>
      <symbol id="sm-879">
         <name>__TI_cleanup_ptr</name>
         <value>0x1d64</value>
         <object_component_ref idref="oc-113"/>
      </symbol>
      <symbol id="sm-87a">
         <name>_reset_vector</name>
         <value>0xfffe</value>
         <object_component_ref idref="oc-116"/>
      </symbol>
      <symbol id="sm-88d">
         <name>__TI_args_main</name>
         <value>0x1</value>
      </symbol>
      <symbol id="sm-89f">
         <name>__TI_auto_init</name>
         <value>0x1</value>
      </symbol>
      <symbol id="sm-8a0">
         <name>_auto_init_hold_wdt</name>
         <value>0x7348</value>
         <object_component_ref idref="oc-14e"/>
      </symbol>
      <symbol id="sm-8ae">
         <name>_nop</name>
         <value>0x7bf8</value>
         <object_component_ref idref="oc-14c"/>
      </symbol>
      <symbol id="sm-8af">
         <name>_lock</name>
         <value>0x1d5c</value>
         <object_component_ref idref="oc-12a"/>
      </symbol>
      <symbol id="sm-8b0">
         <name>_unlock</name>
         <value>0x1d60</value>
         <object_component_ref idref="oc-12a"/>
      </symbol>
      <symbol id="sm-8bc">
         <name>_system_pre_init</name>
         <value>0x7bf0</value>
         <object_component_ref idref="oc-14d"/>
      </symbol>
      <symbol id="sm-8c9">
         <name>C$$EXIT</name>
         <value>0x7bf4</value>
         <object_component_ref idref="oc-150"/>
      </symbol>
      <symbol id="sm-8ca">
         <name>abort</name>
         <value>0x7bf4</value>
         <object_component_ref idref="oc-150"/>
      </symbol>
      <symbol id="sm-8cb">
         <name>__TI_exit</name>
         <value>0x1</value>
      </symbol>
      <symbol id="sm-8d9">
         <name>memcpy</name>
         <value>0x7b3a</value>
         <object_component_ref idref="oc-151"/>
      </symbol>
      <symbol id="sm-8e7">
         <name>memset</name>
         <value>0x7b26</value>
         <object_component_ref idref="oc-167"/>
      </symbol>
      <symbol id="sm-8f4">
         <name>strlen</name>
         <value>0x7b5a</value>
         <object_component_ref idref="oc-169"/>
      </symbol>
   </symbol_table>
   <title>Link successful</title>
</link_info>
