******************************************************************************
                  TI ARM Linker PC v5.1.5                      
******************************************************************************
>> Linked Fri Jul 11 16:06:09 2014

OUTPUT FILE NAME:   <getting_started_wih_wlan_ap.out>
ENTRY POINT SYMBOL: "_c_int00"  address: 00006335


MEMORY CONFIGURATION

         name            origin    length      used     unused   attr    fill
----------------------  --------  ---------  --------  --------  ----  --------
  FLASH                 00000000   00040000  000069ca  00039636  R  X
  SRAM                  20000000   00008000  0000047d  00007b83  RW X


SEGMENT ALLOCATION MAP

run origin  load origin   length   init length attrs members
----------  ----------- ---------- ----------- ----- -------
00000000    00000000    000069d0   000069d0    r-x
  00000000    00000000    0000026c   0000026c    r-- .intvecs
  0000026c    0000026c    0000637a   0000637a    r-x .text
  000065e8    000065e8    000003ac   000003ac    r-- .const
  00006998    00006998    00000038   00000038    r-- .cinit
20000000    20000000    00000480   00000000    rw-
  20000000    20000000    000002bc   00000000    rw- .stack
  200002bc    200002bc    00000191   00000000    rw- .bss
  20000450    20000450    00000030   00000000    rw- .data


SECTION ALLOCATION MAP

 output                                  attributes/
section   page    origin      length       input sections
--------  ----  ----------  ----------   ----------------
.intvecs   0    00000000    0000026c     
                  00000000    0000026c     tm4c123gh6pm_startup_ccs.obj (.intvecs)

.init_array 
*          0    00000000    00000000     UNINITIALIZED

.text      0    0000026c    0000637a     
                  0000026c    00001ff0     driver.obj (.text)
                  0000225c    00000ed4     socket.obj (.text)
                  00003130    00000b44     netapp.obj (.text)
                  00003c74    00000ab8     wlan.obj (.text)
                  0000472c    00000958     main.obj (.text)
                  00005084    000005b4     device.obj (.text)
                  00005638    000001e8     spi.obj (.text)
                  00005820    00000130     driverlib.lib : gpio.obj (.text:GPIOPadConfigSet)
                  00005950    00000130     nonos.obj (.text)
                  00005a80    00000118     driverlib.lib : sysctl.obj (.text:SysCtlClockGet)
                  00005b98    00000118     cli_uart.obj (.text)
                  00005cb0    00000110     netcfg.obj (.text)
                  00005dc0    00000100     board.obj (.text)
                  00005ec0    000000f0     driverlib.lib : sysctl.obj (.text:SysCtlClockSet)
                  00005fb0    0000009c     rtsv7M4_T_le_v4SPD16_eabi.lib : memcpy_t2.obj (.text)
                  0000604c    00000094                                   : auto_init.obj (.text)
                  000060e0    00000080     flowcont.obj (.text)
                  00006160    00000078     rtsv7M4_T_le_v4SPD16_eabi.lib : memset_t2.obj (.text)
                  000061d8    00000060     driverlib.lib : interrupt.obj (.text:IntEnable)
                  00006238    0000005e     rtsv7M4_T_le_v4SPD16_eabi.lib : copy_decompress_rle.obj (.text)
                  00006296    00000056     driverlib.lib : gpio.obj (.text:GPIOIntTypeSet)
                  000062ec    00000048                   : gpio.obj (.text:GPIOPinConfigure)
                  00006334    00000048     rtsv7M4_T_le_v4SPD16_eabi.lib : boot.obj (.text)
                  0000637c    00000044                                   : cpy_tbl.obj (.text)
                  000063c0    00000044                                   : exit.obj (.text)
                  00006404    00000042     driverlib.lib : ssi.obj (.text:SSIConfigSetExpClk)
                  00006446    00000002     --HOLE-- [fill = 0]
                  00006448    00000034                   : sysctl.obj (.text:SysCtlPeripheralEnable)
                  0000647c    0000002a                   : gpio.obj (.text:GPIODirModeSet)
                  000064a6    00000002     --HOLE-- [fill = 0]
                  000064a8    00000018     rtsv7M4_T_le_v4SPD16_eabi.lib : args_main.obj (.text)
                  000064c0    00000014                                   : _lock.obj (.text)
                  000064d4    00000014                                   : strlen.obj (.text)
                  000064e8    00000012     driverlib.lib : gpio.obj (.text:GPIOPinTypeGPIOInput)
                  000064fa    00000012                   : gpio.obj (.text:GPIOPinTypeSSI)
                  0000650c    00000012                   : ssi.obj (.text:SSIDataGetNonBlocking)
                  0000651e    00000012     rtsv7M4_T_le_v4SPD16_eabi.lib : copy_zero_init.obj (.text:decompress:ZI)
                  00006530    00000010     driverlib.lib : fpu.obj (.text:FPUEnable)
                  00006540    00000010                   : fpu.obj (.text:FPULazyStackingEnable)
                  00006550    0000000e                   : gpio.obj (.text:GPIOIntDisable)
                  0000655e    0000000e                   : gpio.obj (.text:GPIOIntStatus)
                  0000656c    0000000e                   : ssi.obj (.text:SSIDataPutNonBlocking)
                  0000657a    0000000e     rtsv7M4_T_le_v4SPD16_eabi.lib : copy_decompress_none.obj (.text:decompress:none)
                  00006588    0000000c     driverlib.lib : cpu.obj (.text:CPUcpsie)
                  00006594    0000000c                   : gpio.obj (.text:GPIOIntEnable)
                  000065a0    0000000c     tm4c123gh6pm_startup_ccs.obj (.text)
                  000065ac    0000000a     driverlib.lib : interrupt.obj (.text:IntMasterEnable)
                  000065b6    0000000a                   : ssi.obj (.text:SSIEnable)
                  000065c0    0000000a                   : uart.obj (.text:UARTIntStatus)
                  000065ca    00000006                   : gpio.obj (.text:GPIOIntClear)
                  000065d0    00000006                   : gpio.obj (.text:GPIOPinWrite)
                  000065d6    00000006                   : sysctl.obj (.text:SysCtlDelay)
                  000065dc    00000006     rtsv7M4_T_le_v4SPD16_eabi.lib : copy_decompress_rle.obj (.text:decompress:rle24)
                  000065e2    00000004     driverlib.lib : uart.obj (.text:UARTIntClear)

.const     0    000065e8    000003ac     
                  000065e8    000000b0     wlan.obj (.const:$P$T0$1)
                  00006698    00000090     driverlib.lib : gpio.obj (.const:g_pui32GPIOBaseAddrs)
                  00006728    00000070                   : interrupt.obj (.const)
                  00006798    0000006c                   : sysctl.obj (.const:g_pui32Xtals)
                  00006804    00000064     main.obj (.const)
                  00006868    0000003c     wlan.obj (.const)
                  000068a4    00000038     driver.obj (.const:_SlActionLookupTable)
                  000068dc    00000034     socket.obj (.const)
                  00006910    0000002c     main.obj (.const:$P$T4$5)
                  0000693c    00000028     netapp.obj (.const)
                  00006964    00000014     device.obj (.const)
                  00006978    00000014     driver.obj (.const)
                  0000698c    00000008     netcfg.obj (.const)

.cinit     0    00006998    00000038     
                  00006998    00000012     (.cinit..data.load) [load image, compression = rle]
                  000069aa    00000002     --HOLE-- [fill = 0]
                  000069ac    0000000c     (__TI_handler_table)
                  000069b8    00000008     (.cinit..bss.load) [load image, compression = zero_init]
                  000069c0    00000010     (__TI_cinit_table)

.stack     0    20000000    000002bc     UNINITIALIZED
                  20000000    000002bc     --HOLE--

.bss       0    200002bc    00000191     UNINITIALIZED
                  200002bc    00000164     driver.obj (.bss:g_StatMem)
                  20000420    00000028     nonos.obj (.bss:g__SlNonOsCB)
                  20000448    00000004     (.common:g_ucUARTBuffer)
                  2000044c    00000001     (.common:IntIsMasked)

.data      0    20000450    00000030     UNINITIALIZED
                  20000450    00000010     main.obj (.data)
                  20000460    00000008     driver.obj (.data)
                  20000468    00000008     rtsv7M4_T_le_v4SPD16_eabi.lib : _lock.obj (.data)
                  20000470    00000008                                   : exit.obj (.data)
                  20000478    00000004     board.obj (.data)
                  2000047c    00000004     rtsv7M4_T_le_v4SPD16_eabi.lib : stkdepth_vars.obj (.data)


LINKER GENERATED COPY TABLES

__TI_cinit_table @ 000069c0 records: 2, size/record: 8, table size: 16
	.data: load addr=00006998, load size=00000012 bytes, run addr=20000450, run size=00000030 bytes, compression=rle
	.bss: load addr=000069b8, load size=00000008 bytes, run addr=200002bc, run size=00000191 bytes, compression=zero_init


LINKER GENERATED HANDLER TABLE

__TI_handler_table @ 000069ac records: 3, size/record: 4, table size: 12
	index: 0, handler: __TI_decompress_rle24
	index: 1, handler: __TI_decompress_none
	index: 2, handler: __TI_zero_init


GLOBAL SYMBOLS: SORTED ALPHABETICALLY BY Name 

address    name
--------   ----
000063c1   C$$EXIT
00005e1d   CC3100_InterruptDisable
00005e11   CC3100_InterruptEnable
00005de9   CC3100_disable
00005dfd   CC3100_enable
00005c3f   CLI_Configure
00005b99   CLI_Read
00005be5   CLI_Write
00006589   CPUcpsie
00003791   CopyPingResultsToReport
00005e39   Delay
00006531   FPUEnable
00006541   FPULazyStackingEnable
00005e5f   GPIOB_intHandler
0000647d   GPIODirModeSet
000065cb   GPIOIntClear
00006551   GPIOIntDisable
00006595   GPIOIntEnable
0000655f   GPIOIntStatus
00006297   GPIOIntTypeSet
00005821   GPIOPadConfigSet
000062ed   GPIOPinConfigure
000064e9   GPIOPinTypeGPIOInput
000064fb   GPIOPinTypeSSI
000065d1   GPIOPinWrite
000061d9   IntEnable
2000044c   IntIsMasked
000065ad   IntMasterEnable
00005e29   MaskIntHdlr
000065a1   ResetISR
UNDEFED    SHT$$INIT_ARRAY$$Base
UNDEFED    SHT$$INIT_ARRAY$$Limit
00003033   SL_FD_CLR
00003059   SL_FD_ISSET
00003011   SL_FD_SET
00003081   SL_FD_ZERO
00006405   SSIConfigSetExpClk
0000650d   SSIDataGetNonBlocking
0000656d   SSIDataPutNonBlocking
000065b7   SSIEnable
00004833   SimpleLinkGeneralEventHandler
00004809   SimpleLinkHttpServerCallback
000047b9   SimpleLinkNetAppEventHandler
0000483f   SimpleLinkSockEventHandler
0000472d   SimpleLinkWlanEventHandler
00005a81   SysCtlClockGet
00005ec1   SysCtlClockSet
000065d7   SysCtlDelay
00006449   SysCtlPeripheralEnable
00005e8b   UART1_intHandler
000065e3   UARTIntClear
000065c1   UARTIntStatus
00005e31   UnMaskIntHdlr
000068f0   _SlAcceptCmdCtrl
000068a4   _SlActionLookupTable
00001105   _SlAsyncEventGenericHandler
00006970   _SlDeviceGetCmdCtrl
00006974   _SlDeviceSetCmdCtrl
00001b1d   _SlDrvBasicCmd
000017cb   _SlDrvClassifyRxMsg
00000431   _SlDrvCmdOp
000004b9   _SlDrvCmdSend
00000505   _SlDrvDataReadOp
0000070d   _SlDrvDataWriteOp
000055b9   _SlDrvDeviceEventHandler
0000034b   _SlDrvDriverCBDeinit
0000026d   _SlDrvDriverCBInit
0000611f   _SlDrvFlowContDeinit
000060e1   _SlDrvFlowContInit
00000ad1   _SlDrvMsgRead
000015e9   _SlDrvMsgReadCmdCtx
000016e3   _SlDrvMsgReadSpawnCtx
000008dd   _SlDrvMsgWrite
00003b61   _SlDrvNetAppEventHandler
0000200f   _SlDrvObjDeInit
00001f93   _SlDrvObjInit
00001d89   _SlDrvReleasePoolObj
00001911   _SlDrvRxHdrRead
000003ef   _SlDrvRxIrqHandler
000018c9   _SlDrvShiftDWord
00001b81   _SlDrvWaitForPoolObj
0000696c   _SlEventMaskGetCmdCtrl
00006968   _SlEventMaskSetCmdCtrl
000020ed   _SlFindAndSetActiveObj
00006950   _SlGetHostByNameCtrl
0000694c   _SlGetHostByServiceCtrl
00006944   _SlGetServiceListeCtrl
000068fc   _SlGetSockOptCmdCtrl
000068ec   _SlListenCmdCtrl
0000695c   _SlNetAppGetCmdCtrl
00006958   _SlNetAppSendTokenValueCmdCtrl
00006954   _SlNetAppSetCmdCtrl
0000693c   _SlNetAppStartCtrl
00006940   _SlNetAppStopCtrl
00006990   _SlNetCfgGetCmdCtrl
0000698c   _SlNetCfgSetCmdCtrl
00005a15   _SlNonOsMainLoopTask
00005969   _SlNonOsSemGet
00005951   _SlNonOsSemSet
000059c5   _SlNonOsSpawn
0000686c   _SlPolicyGetCmdCtrl
00006868   _SlPolicySetCmdCtrl
00006874   _SlProfileDelCmdCtrl
00006870   _SlProfileGetCmdCtrl
000068f4   _SlRecvCmdCtrl
000068e4   _SlRecvfomCmdCtrl
00006948   _SlRegisterServiceCtrl
0000202f   _SlRemoveFromList
0000687c   _SlRxFilterAddtCmdCtrl
00006884   _SlRxFilterGetCmdCtrl
00006880   _SlRxFilterSetCmdCtrl
00006900   _SlSelectCmdCtrl
000068e8   _SlSendCmdCtrl
000068f8   _SlSetSockOptCmdCtrl
00006888   _SlSmartConfigStartCmdCtrl
000068e0   _SlSockCloseCmdCtrl
000068dc   _SlSockSocketCmdCtrl
00006964   _SlStopCmdCtrl
00006894   _SlWlanCfgGetCmdCtrl
00006890   _SlWlanCfgSetCmdCtrl
00006878   _SlWlanGetNetworkListCtrl
0000688c   _SlWlanSetModeCmdCtrl
200002bc   __STACK_END
000002bc   __STACK_SIZE
20000200   __STACK_TOP
000069c0   __TI_CINIT_Base
000069d0   __TI_CINIT_Limit
000069ac   __TI_Handler_Table_Base
000069b8   __TI_Handler_Table_Limit
00000001   __TI_args_main
0000604d   __TI_auto_init
20000470   __TI_cleanup_ptr
0000657b   __TI_decompress_none
000065dd   __TI_decompress_rle24
20000474   __TI_dtors_ptr
00000000   __TI_static_base__
0000651f   __TI_zero_init
00006161   __aeabi_memclr
00006161   __aeabi_memclr4
00006161   __aeabi_memclr8
00005fb1   __aeabi_memcpy
00005fb1   __aeabi_memcpy4
00005fb1   __aeabi_memcpy8
00006163   __aeabi_memset
00006163   __aeabi_memset4
00006163   __aeabi_memset8
ffffffff   __binit__
ffffffff   __c_args__
20000000   __stack
000064a9   _args_main
00006335   _c_int00
20000468   _lock
000064cf   _nop
000064c7   _register_lock
000064c1   _register_unlock
0000225d   _sl_BuildAddress
00005085   _sl_GetStartResponseConvert
00002c71   _sl_HandleAsync_Accept
0000286b   _sl_HandleAsync_Connect
00003579   _sl_HandleAsync_DnsGetHostByAddr
000036cd   _sl_HandleAsync_DnsGetHostByName
000034a9   _sl_HandleAsync_DnsGetHostByService
000051e9   _sl_HandleAsync_InitComplete
000037cd   _sl_HandleAsync_PingResponse
00003099   _sl_HandleAsync_Select
0000529b   _sl_HandleAsync_Stop
00002375   _sl_ParseAddress
000022ad   _sl_TruncatePayloadByProtocol
2000046c   _unlock
000063c5   abort
ffffffff   binit
0000637d   copy_in
000063cd   exit
20000458   g_GatewayIP
00006980   g_H2NCnysPattern
00006978   g_H2NSyncPattern
20000454   g_PingPacketsRecv
200002bc   g_StatMem
2000045c   g_StationIP
20000450   g_Status
20000420   g__SlNonOsCB
20000460   g_pCB
00000000   g_pfnVectors
20000448   g_ucUARTBuffer
00005dc1   initClk
0000496d   main
2000047c   main_func_sp
00005fb1   memcpy
00006169   memset
20000478   pIrqEventHandler
20000464   pPingCallBackFunc
00005dd5   registerInterruptHandler
00002a6d   sl_Accept
0000244f   sl_Bind
00002425   sl_Close
00002715   sl_Connect
000054b5   sl_DevGet
00005553   sl_DevSet
00005481   sl_EventMaskGet
00005447   sl_EventMaskSet
00002df1   sl_GetSockOpt
00002bef   sl_Htonl
00002c31   sl_Htons
00002a2d   sl_Listen
00003589   sl_NetAppDnsGetHostByName
00003379   sl_NetAppDnsGetHostByService
00003ad1   sl_NetAppGet
00003179   sl_NetAppGetServiceList
000032fd   sl_NetAppMDNSRegisterService
00003249   sl_NetAppMDNSRegisterUnregisterService
00003339   sl_NetAppMDNSUnRegisterService
00003891   sl_NetAppPingStart
00003a6d   sl_NetAppSendTokenValue
00003a03   sl_NetAppSet
00003131   sl_NetAppStart
00003155   sl_NetAppStop
00005d17   sl_NetCfgGet
00005cb1   sl_NetCfgSet
00002d09   sl_Recv
000025f3   sl_RecvFrom
00002e8b   sl_Select
0000291d   sl_Send
000024d7   sl_SendTo
00002d85   sl_SetSockOpt
000023cf   sl_Socket
000050e5   sl_Start
0000531f   sl_Stop
000050dd   sl_Task
00003c75   sl_WlanConnect
00003ea7   sl_WlanDisconnect
00004675   sl_WlanGet
0000433d   sl_WlanGetNetworkList
00003f1d   sl_WlanPolicyGet
00003eb3   sl_WlanPolicySet
00003fc1   sl_WlanProfileAdd
0000430f   sl_WlanProfileDel
0000422d   sl_WlanProfileGet
000043af   sl_WlanRxFilterAdd
00004471   sl_WlanRxFilterGet
0000441d   sl_WlanRxFilterSet
000044ff   sl_WlanRxStatGet
000044e7   sl_WlanRxStatStart
000044f3   sl_WlanRxStatStop
00004601   sl_WlanSet
000045d1   sl_WlanSetMode
00004545   sl_WlanSmartConfigStart
00004535   sl_WlanSmartConfigStop
00005639   spi_Close
00005645   spi_Open
00005785   spi_Read
0000572b   spi_Write
00005dd3   stopWDT
000064d5   strlen


GLOBAL SYMBOLS: SORTED BY Symbol Address 

address    name
--------   ----
00000000   __TI_static_base__
00000000   g_pfnVectors
00000001   __TI_args_main
0000026d   _SlDrvDriverCBInit
000002bc   __STACK_SIZE
0000034b   _SlDrvDriverCBDeinit
000003ef   _SlDrvRxIrqHandler
00000431   _SlDrvCmdOp
000004b9   _SlDrvCmdSend
00000505   _SlDrvDataReadOp
0000070d   _SlDrvDataWriteOp
000008dd   _SlDrvMsgWrite
00000ad1   _SlDrvMsgRead
00001105   _SlAsyncEventGenericHandler
000015e9   _SlDrvMsgReadCmdCtx
000016e3   _SlDrvMsgReadSpawnCtx
000017cb   _SlDrvClassifyRxMsg
000018c9   _SlDrvShiftDWord
00001911   _SlDrvRxHdrRead
00001b1d   _SlDrvBasicCmd
00001b81   _SlDrvWaitForPoolObj
00001d89   _SlDrvReleasePoolObj
00001f93   _SlDrvObjInit
0000200f   _SlDrvObjDeInit
0000202f   _SlRemoveFromList
000020ed   _SlFindAndSetActiveObj
0000225d   _sl_BuildAddress
000022ad   _sl_TruncatePayloadByProtocol
00002375   _sl_ParseAddress
000023cf   sl_Socket
00002425   sl_Close
0000244f   sl_Bind
000024d7   sl_SendTo
000025f3   sl_RecvFrom
00002715   sl_Connect
0000286b   _sl_HandleAsync_Connect
0000291d   sl_Send
00002a2d   sl_Listen
00002a6d   sl_Accept
00002bef   sl_Htonl
00002c31   sl_Htons
00002c71   _sl_HandleAsync_Accept
00002d09   sl_Recv
00002d85   sl_SetSockOpt
00002df1   sl_GetSockOpt
00002e8b   sl_Select
00003011   SL_FD_SET
00003033   SL_FD_CLR
00003059   SL_FD_ISSET
00003081   SL_FD_ZERO
00003099   _sl_HandleAsync_Select
00003131   sl_NetAppStart
00003155   sl_NetAppStop
00003179   sl_NetAppGetServiceList
00003249   sl_NetAppMDNSRegisterUnregisterService
000032fd   sl_NetAppMDNSRegisterService
00003339   sl_NetAppMDNSUnRegisterService
00003379   sl_NetAppDnsGetHostByService
000034a9   _sl_HandleAsync_DnsGetHostByService
00003579   _sl_HandleAsync_DnsGetHostByAddr
00003589   sl_NetAppDnsGetHostByName
000036cd   _sl_HandleAsync_DnsGetHostByName
00003791   CopyPingResultsToReport
000037cd   _sl_HandleAsync_PingResponse
00003891   sl_NetAppPingStart
00003a03   sl_NetAppSet
00003a6d   sl_NetAppSendTokenValue
00003ad1   sl_NetAppGet
00003b61   _SlDrvNetAppEventHandler
00003c75   sl_WlanConnect
00003ea7   sl_WlanDisconnect
00003eb3   sl_WlanPolicySet
00003f1d   sl_WlanPolicyGet
00003fc1   sl_WlanProfileAdd
0000422d   sl_WlanProfileGet
0000430f   sl_WlanProfileDel
0000433d   sl_WlanGetNetworkList
000043af   sl_WlanRxFilterAdd
0000441d   sl_WlanRxFilterSet
00004471   sl_WlanRxFilterGet
000044e7   sl_WlanRxStatStart
000044f3   sl_WlanRxStatStop
000044ff   sl_WlanRxStatGet
00004535   sl_WlanSmartConfigStop
00004545   sl_WlanSmartConfigStart
000045d1   sl_WlanSetMode
00004601   sl_WlanSet
00004675   sl_WlanGet
0000472d   SimpleLinkWlanEventHandler
000047b9   SimpleLinkNetAppEventHandler
00004809   SimpleLinkHttpServerCallback
00004833   SimpleLinkGeneralEventHandler
0000483f   SimpleLinkSockEventHandler
0000496d   main
00005085   _sl_GetStartResponseConvert
000050dd   sl_Task
000050e5   sl_Start
000051e9   _sl_HandleAsync_InitComplete
0000529b   _sl_HandleAsync_Stop
0000531f   sl_Stop
00005447   sl_EventMaskSet
00005481   sl_EventMaskGet
000054b5   sl_DevGet
00005553   sl_DevSet
000055b9   _SlDrvDeviceEventHandler
00005639   spi_Close
00005645   spi_Open
0000572b   spi_Write
00005785   spi_Read
00005821   GPIOPadConfigSet
00005951   _SlNonOsSemSet
00005969   _SlNonOsSemGet
000059c5   _SlNonOsSpawn
00005a15   _SlNonOsMainLoopTask
00005a81   SysCtlClockGet
00005b99   CLI_Read
00005be5   CLI_Write
00005c3f   CLI_Configure
00005cb1   sl_NetCfgSet
00005d17   sl_NetCfgGet
00005dc1   initClk
00005dd3   stopWDT
00005dd5   registerInterruptHandler
00005de9   CC3100_disable
00005dfd   CC3100_enable
00005e11   CC3100_InterruptEnable
00005e1d   CC3100_InterruptDisable
00005e29   MaskIntHdlr
00005e31   UnMaskIntHdlr
00005e39   Delay
00005e5f   GPIOB_intHandler
00005e8b   UART1_intHandler
00005ec1   SysCtlClockSet
00005fb1   __aeabi_memcpy
00005fb1   __aeabi_memcpy4
00005fb1   __aeabi_memcpy8
00005fb1   memcpy
0000604d   __TI_auto_init
000060e1   _SlDrvFlowContInit
0000611f   _SlDrvFlowContDeinit
00006161   __aeabi_memclr
00006161   __aeabi_memclr4
00006161   __aeabi_memclr8
00006163   __aeabi_memset
00006163   __aeabi_memset4
00006163   __aeabi_memset8
00006169   memset
000061d9   IntEnable
00006297   GPIOIntTypeSet
000062ed   GPIOPinConfigure
00006335   _c_int00
0000637d   copy_in
000063c1   C$$EXIT
000063c5   abort
000063cd   exit
00006405   SSIConfigSetExpClk
00006449   SysCtlPeripheralEnable
0000647d   GPIODirModeSet
000064a9   _args_main
000064c1   _register_unlock
000064c7   _register_lock
000064cf   _nop
000064d5   strlen
000064e9   GPIOPinTypeGPIOInput
000064fb   GPIOPinTypeSSI
0000650d   SSIDataGetNonBlocking
0000651f   __TI_zero_init
00006531   FPUEnable
00006541   FPULazyStackingEnable
00006551   GPIOIntDisable
0000655f   GPIOIntStatus
0000656d   SSIDataPutNonBlocking
0000657b   __TI_decompress_none
00006589   CPUcpsie
00006595   GPIOIntEnable
000065a1   ResetISR
000065ad   IntMasterEnable
000065b7   SSIEnable
000065c1   UARTIntStatus
000065cb   GPIOIntClear
000065d1   GPIOPinWrite
000065d7   SysCtlDelay
000065dd   __TI_decompress_rle24
000065e3   UARTIntClear
00006868   _SlPolicySetCmdCtrl
0000686c   _SlPolicyGetCmdCtrl
00006870   _SlProfileGetCmdCtrl
00006874   _SlProfileDelCmdCtrl
00006878   _SlWlanGetNetworkListCtrl
0000687c   _SlRxFilterAddtCmdCtrl
00006880   _SlRxFilterSetCmdCtrl
00006884   _SlRxFilterGetCmdCtrl
00006888   _SlSmartConfigStartCmdCtrl
0000688c   _SlWlanSetModeCmdCtrl
00006890   _SlWlanCfgSetCmdCtrl
00006894   _SlWlanCfgGetCmdCtrl
000068a4   _SlActionLookupTable
000068dc   _SlSockSocketCmdCtrl
000068e0   _SlSockCloseCmdCtrl
000068e4   _SlRecvfomCmdCtrl
000068e8   _SlSendCmdCtrl
000068ec   _SlListenCmdCtrl
000068f0   _SlAcceptCmdCtrl
000068f4   _SlRecvCmdCtrl
000068f8   _SlSetSockOptCmdCtrl
000068fc   _SlGetSockOptCmdCtrl
00006900   _SlSelectCmdCtrl
0000693c   _SlNetAppStartCtrl
00006940   _SlNetAppStopCtrl
00006944   _SlGetServiceListeCtrl
00006948   _SlRegisterServiceCtrl
0000694c   _SlGetHostByServiceCtrl
00006950   _SlGetHostByNameCtrl
00006954   _SlNetAppSetCmdCtrl
00006958   _SlNetAppSendTokenValueCmdCtrl
0000695c   _SlNetAppGetCmdCtrl
00006964   _SlStopCmdCtrl
00006968   _SlEventMaskSetCmdCtrl
0000696c   _SlEventMaskGetCmdCtrl
00006970   _SlDeviceGetCmdCtrl
00006974   _SlDeviceSetCmdCtrl
00006978   g_H2NSyncPattern
00006980   g_H2NCnysPattern
0000698c   _SlNetCfgSetCmdCtrl
00006990   _SlNetCfgGetCmdCtrl
000069ac   __TI_Handler_Table_Base
000069b8   __TI_Handler_Table_Limit
000069c0   __TI_CINIT_Base
000069d0   __TI_CINIT_Limit
20000000   __stack
20000200   __STACK_TOP
200002bc   __STACK_END
200002bc   g_StatMem
20000420   g__SlNonOsCB
20000448   g_ucUARTBuffer
2000044c   IntIsMasked
20000450   g_Status
20000454   g_PingPacketsRecv
20000458   g_GatewayIP
2000045c   g_StationIP
20000460   g_pCB
20000464   pPingCallBackFunc
20000468   _lock
2000046c   _unlock
20000470   __TI_cleanup_ptr
20000474   __TI_dtors_ptr
20000478   pIrqEventHandler
2000047c   main_func_sp
ffffffff   __binit__
ffffffff   __c_args__
ffffffff   binit
UNDEFED    SHT$$INIT_ARRAY$$Base
UNDEFED    SHT$$INIT_ARRAY$$Limit

[253 symbols]
